<?xml version="1.0" encoding="ISO-8859-1" ?>
<link_info>
   <banner>TI ARM Clang Linker PC v3.2.0.LTS</banner>
   <copyright>Copyright (c) 1996-2018 Texas Instruments Incorporated</copyright>
   <link_time>0x65ae8283</link_time>
   <link_errors>0x0</link_errors>
   <output_file>F:\MoveTemp\Docs\CS350_EmergingTechnologies\WorkspacesClang\TrimmerMilestoneThreeClang\uart2echo_CC3220S_LAUNCHXL_nortos_ticlang\Debug\uart2echo_CC3220S_LAUNCHXL_nortos_ticlang.out</output_file>
   <entry_point>
      <name>resetISR</name>
      <address>0x2000fc89</address>
   </entry_point>
   <input_file_list>
      <input_file id="fl-1">
         <path>F:\MoveTemp\Docs\CS350_EmergingTechnologies\WorkspacesClang\TrimmerMilestoneThreeClang\uart2echo_CC3220S_LAUNCHXL_nortos_ticlang\Debug\.\</path>
         <kind>object</kind>
         <file>main_nortos.o</file>
         <name>main_nortos.o</name>
      </input_file>
      <input_file id="fl-2">
         <path>F:\MoveTemp\Docs\CS350_EmergingTechnologies\WorkspacesClang\TrimmerMilestoneThreeClang\uart2echo_CC3220S_LAUNCHXL_nortos_ticlang\Debug\.\</path>
         <kind>object</kind>
         <file>uart2echo.o</file>
         <name>uart2echo.o</name>
      </input_file>
      <input_file id="fl-3">
         <path>F:\MoveTemp\Docs\CS350_EmergingTechnologies\WorkspacesClang\TrimmerMilestoneThreeClang\uart2echo_CC3220S_LAUNCHXL_nortos_ticlang\Debug\.\syscfg\</path>
         <kind>object</kind>
         <file>ti_drivers_config.o</file>
         <name>ti_drivers_config.o</name>
      </input_file>
      <input_file id="fl-13">
         <path>F:\MoveTemp\Docs\CS350_EmergingTechnologies\WorkspacesClang\TrimmerMilestoneThreeClang\uart2echo_CC3220S_LAUNCHXL_nortos_ticlang\Debug\</path>
         <kind>object</kind>
         <file>&lt;internal&gt;</file>
         <name>&lt;internal&gt;</name>
      </input_file>
      <input_file id="fl-14">
         <path>C:\ti\simplelink_cc32xx_sdk_7_10_00_13\source\ti\drivers\lib\ticlang\m4\</path>
         <kind>archive</kind>
         <file>drivers_cc32xx.a</file>
         <name>GPIOCC32XX.c.obj</name>
      </input_file>
      <input_file id="fl-15">
         <path>C:\ti\simplelink_cc32xx_sdk_7_10_00_13\source\ti\drivers\lib\ticlang\m4\</path>
         <kind>archive</kind>
         <file>drivers_cc32xx.a</file>
         <name>PowerCC32XX.c.obj</name>
      </input_file>
      <input_file id="fl-16">
         <path>C:\ti\simplelink_cc32xx_sdk_7_10_00_13\source\ti\drivers\lib\ticlang\m4\</path>
         <kind>archive</kind>
         <file>drivers_cc32xx.a</file>
         <name>PowerCC32XX_ticlang.asm.obj</name>
      </input_file>
      <input_file id="fl-17">
         <path>C:\ti\simplelink_cc32xx_sdk_7_10_00_13\source\ti\drivers\lib\ticlang\m4\</path>
         <kind>archive</kind>
         <file>drivers_cc32xx.a</file>
         <name>UART2.c.obj</name>
      </input_file>
      <input_file id="fl-18">
         <path>C:\ti\simplelink_cc32xx_sdk_7_10_00_13\source\ti\drivers\lib\ticlang\m4\</path>
         <kind>archive</kind>
         <file>drivers_cc32xx.a</file>
         <name>UART2CC32XX.c.obj</name>
      </input_file>
      <input_file id="fl-19">
         <path>C:\ti\simplelink_cc32xx_sdk_7_10_00_13\source\ti\drivers\lib\ticlang\m4\</path>
         <kind>archive</kind>
         <file>drivers_cc32xx.a</file>
         <name>List.c.obj</name>
      </input_file>
      <input_file id="fl-1a">
         <path>C:\ti\simplelink_cc32xx_sdk_7_10_00_13\source\ti\drivers\lib\ticlang\m4\</path>
         <kind>archive</kind>
         <file>drivers_cc32xx.a</file>
         <name>RingBuf.c.obj</name>
      </input_file>
      <input_file id="fl-1b">
         <path>C:\ti\simplelink_cc32xx_sdk_7_10_00_13\source\ti\drivers\lib\ticlang\m4\</path>
         <kind>archive</kind>
         <file>drivers_cc32xx.a</file>
         <name>UDMACC32XX.c.obj</name>
      </input_file>
      <input_file id="fl-1c">
         <path>C:\ti\simplelink_cc32xx_sdk_7_10_00_13\kernel\nortos\lib\ticlang\m4\</path>
         <kind>archive</kind>
         <file>nortos_cc32xx.a</file>
         <name>NoRTOS.c.obj</name>
      </input_file>
      <input_file id="fl-1d">
         <path>C:\ti\simplelink_cc32xx_sdk_7_10_00_13\kernel\nortos\lib\ticlang\m4\</path>
         <kind>archive</kind>
         <file>nortos_cc32xx.a</file>
         <name>SemaphoreP_nortos.c.obj</name>
      </input_file>
      <input_file id="fl-1e">
         <path>C:\ti\simplelink_cc32xx_sdk_7_10_00_13\kernel\nortos\lib\ticlang\m4\</path>
         <kind>archive</kind>
         <file>nortos_cc32xx.a</file>
         <name>ClockPSysTick_nortos.c.obj</name>
      </input_file>
      <input_file id="fl-1f">
         <path>C:\ti\simplelink_cc32xx_sdk_7_10_00_13\kernel\nortos\lib\ticlang\m4\</path>
         <kind>archive</kind>
         <file>nortos_cc32xx.a</file>
         <name>HwiPCC32XX_nortos.c.obj</name>
      </input_file>
      <input_file id="fl-20">
         <path>C:\ti\simplelink_cc32xx_sdk_7_10_00_13\kernel\nortos\lib\ticlang\m4\</path>
         <kind>archive</kind>
         <file>nortos_cc32xx.a</file>
         <name>PowerCC32XX_nortos.c.obj</name>
      </input_file>
      <input_file id="fl-21">
         <path>C:\ti\simplelink_cc32xx_sdk_7_10_00_13\kernel\nortos\lib\ticlang\m4\</path>
         <kind>archive</kind>
         <file>nortos_cc32xx.a</file>
         <name>startup_cc32xx_ticlang.c.obj</name>
      </input_file>
      <input_file id="fl-22">
         <path>C:\ti\simplelink_cc32xx_sdk_7_10_00_13\kernel\nortos\lib\ticlang\m4\</path>
         <kind>archive</kind>
         <file>nortos_cc32xx.a</file>
         <name>SwiP_nortos.c.obj</name>
      </input_file>
      <input_file id="fl-23">
         <path>C:\ti\simplelink_cc32xx_sdk_7_10_00_13\source\ti\devices\cc32xx\driverlib\ticlang\Release\</path>
         <kind>archive</kind>
         <file>driverlib.a</file>
         <name>cpu.obj</name>
      </input_file>
      <input_file id="fl-24">
         <path>C:\ti\simplelink_cc32xx_sdk_7_10_00_13\source\ti\devices\cc32xx\driverlib\ticlang\Release\</path>
         <kind>archive</kind>
         <file>driverlib.a</file>
         <name>gpio.obj</name>
      </input_file>
      <input_file id="fl-25">
         <path>C:\ti\simplelink_cc32xx_sdk_7_10_00_13\source\ti\devices\cc32xx\driverlib\ticlang\Release\</path>
         <kind>archive</kind>
         <file>driverlib.a</file>
         <name>hwspinlock.obj</name>
      </input_file>
      <input_file id="fl-26">
         <path>C:\ti\simplelink_cc32xx_sdk_7_10_00_13\source\ti\devices\cc32xx\driverlib\ticlang\Release\</path>
         <kind>archive</kind>
         <file>driverlib.a</file>
         <name>interrupt.obj</name>
      </input_file>
      <input_file id="fl-27">
         <path>C:\ti\simplelink_cc32xx_sdk_7_10_00_13\source\ti\devices\cc32xx\driverlib\ticlang\Release\</path>
         <kind>archive</kind>
         <file>driverlib.a</file>
         <name>pin.obj</name>
      </input_file>
      <input_file id="fl-28">
         <path>C:\ti\simplelink_cc32xx_sdk_7_10_00_13\source\ti\devices\cc32xx\driverlib\ticlang\Release\</path>
         <kind>archive</kind>
         <file>driverlib.a</file>
         <name>prcm.obj</name>
      </input_file>
      <input_file id="fl-29">
         <path>C:\ti\simplelink_cc32xx_sdk_7_10_00_13\source\ti\devices\cc32xx\driverlib\ticlang\Release\</path>
         <kind>archive</kind>
         <file>driverlib.a</file>
         <name>spi.obj</name>
      </input_file>
      <input_file id="fl-2a">
         <path>C:\ti\simplelink_cc32xx_sdk_7_10_00_13\source\ti\devices\cc32xx\driverlib\ticlang\Release\</path>
         <kind>archive</kind>
         <file>driverlib.a</file>
         <name>systick.obj</name>
      </input_file>
      <input_file id="fl-2b">
         <path>C:\ti\simplelink_cc32xx_sdk_7_10_00_13\source\ti\devices\cc32xx\driverlib\ticlang\Release\</path>
         <kind>archive</kind>
         <file>driverlib.a</file>
         <name>uart.obj</name>
      </input_file>
      <input_file id="fl-2c">
         <path>C:\ti\simplelink_cc32xx_sdk_7_10_00_13\source\ti\devices\cc32xx\driverlib\ticlang\Release\</path>
         <kind>archive</kind>
         <file>driverlib.a</file>
         <name>udma.obj</name>
      </input_file>
      <input_file id="fl-2d">
         <path>C:\ti\simplelink_cc32xx_sdk_7_10_00_13\source\ti\devices\cc32xx\driverlib\ticlang\Release\</path>
         <kind>archive</kind>
         <file>driverlib.a</file>
         <name>utils.obj</name>
      </input_file>
      <input_file id="fl-2e">
         <path>C:\ti\simplelink_cc32xx_sdk_7_10_00_13\source\ti\devices\cc32xx\driverlib\ticlang\Release\</path>
         <kind>archive</kind>
         <file>driverlib.a</file>
         <name>flash.obj</name>
      </input_file>
      <input_file id="fl-3b">
         <path>C:\ti\ccs1250\ccs\tools\compiler\ti-cgt-armllvm_3.2.0.LTS\lib\armv7em-ti-none-eabi\c\</path>
         <kind>archive</kind>
         <file>libc.a</file>
         <name>memory.c.obj</name>
      </input_file>
      <input_file id="fl-3c">
         <path>C:\ti\ccs1250\ccs\tools\compiler\ti-cgt-armllvm_3.2.0.LTS\lib\armv7em-ti-none-eabi\c\</path>
         <kind>archive</kind>
         <file>libc.a</file>
         <name>boot_cortex_m.c.obj</name>
      </input_file>
      <input_file id="fl-3d">
         <path>C:\ti\ccs1250\ccs\tools\compiler\ti-cgt-armllvm_3.2.0.LTS\lib\armv7em-ti-none-eabi\c\</path>
         <kind>archive</kind>
         <file>libc.a</file>
         <name>mathacl_init.c.obj</name>
      </input_file>
      <input_file id="fl-3e">
         <path>C:\ti\ccs1250\ccs\tools\compiler\ti-cgt-armllvm_3.2.0.LTS\lib\armv7em-ti-none-eabi\c\</path>
         <kind>archive</kind>
         <file>libc.a</file>
         <name>autoinit.c.obj</name>
      </input_file>
      <input_file id="fl-3f">
         <path>C:\ti\ccs1250\ccs\tools\compiler\ti-cgt-armllvm_3.2.0.LTS\lib\armv7em-ti-none-eabi\c\</path>
         <kind>archive</kind>
         <file>libc.a</file>
         <name>pre_init.c.obj</name>
      </input_file>
      <input_file id="fl-40">
         <path>C:\ti\ccs1250\ccs\tools\compiler\ti-cgt-armllvm_3.2.0.LTS\lib\armv7em-ti-none-eabi\c\</path>
         <kind>archive</kind>
         <file>libc.a</file>
         <name>cpy_tbl.c.obj</name>
      </input_file>
      <input_file id="fl-41">
         <path>C:\ti\ccs1250\ccs\tools\compiler\ti-cgt-armllvm_3.2.0.LTS\lib\armv7em-ti-none-eabi\c\</path>
         <kind>archive</kind>
         <file>libc.a</file>
         <name>copy_zero_init.c.obj</name>
      </input_file>
      <input_file id="fl-42">
         <path>C:\ti\ccs1250\ccs\tools\compiler\ti-cgt-armllvm_3.2.0.LTS\lib\armv7em-ti-none-eabi\c\</path>
         <kind>archive</kind>
         <file>libc.a</file>
         <name>copy_decompress_none.c.obj</name>
      </input_file>
      <input_file id="fl-43">
         <path>C:\ti\ccs1250\ccs\tools\compiler\ti-cgt-armllvm_3.2.0.LTS\lib\armv7em-ti-none-eabi\c\</path>
         <kind>archive</kind>
         <file>libc.a</file>
         <name>copy_decompress_lzss.c.obj</name>
      </input_file>
      <input_file id="fl-44">
         <path>C:\ti\ccs1250\ccs\tools\compiler\ti-cgt-armllvm_3.2.0.LTS\lib\armv7em-ti-none-eabi\c\</path>
         <kind>archive</kind>
         <file>libc.a</file>
         <name>exit.c.obj</name>
      </input_file>
      <input_file id="fl-45">
         <path>C:\ti\ccs1250\ccs\tools\compiler\ti-cgt-armllvm_3.2.0.LTS\lib\armv7em-ti-none-eabi\c\</path>
         <kind>archive</kind>
         <file>libc.a</file>
         <name>_lock.c.obj</name>
      </input_file>
      <input_file id="fl-46">
         <path>C:\ti\ccs1250\ccs\tools\compiler\ti-cgt-armllvm_3.2.0.LTS\lib\armv7em-ti-none-eabi\c\</path>
         <kind>archive</kind>
         <file>libc.a</file>
         <name>args_main.c.obj</name>
      </input_file>
      <input_file id="fl-aa">
         <path>C:\ti\ccs1250\ccs\tools\compiler\ti-cgt-armllvm_3.2.0.LTS\lib\clang\15.0.7\lib\armv7em-ti-none-eabi\</path>
         <kind>archive</kind>
         <file>libclang_rt.builtins.a</file>
         <name>aeabi_memcpy.S.obj</name>
      </input_file>
      <input_file id="fl-ab">
         <path>C:\ti\ccs1250\ccs\tools\compiler\ti-cgt-armllvm_3.2.0.LTS\lib\clang\15.0.7\lib\armv7em-ti-none-eabi\</path>
         <kind>archive</kind>
         <file>libclang_rt.builtins.a</file>
         <name>aeabi_memset.S.obj</name>
      </input_file>
      <input_file id="fl-ac">
         <path>C:\ti\ccs1250\ccs\tools\compiler\ti-cgt-armllvm_3.2.0.LTS\lib\clang\15.0.7\lib\armv7em-ti-none-eabi\</path>
         <kind>archive</kind>
         <file>libclang_rt.builtins.a</file>
         <name>aeabi_uldivmod.S.obj</name>
      </input_file>
      <input_file id="fl-ad">
         <path>C:\ti\ccs1250\ccs\tools\compiler\ti-cgt-armllvm_3.2.0.LTS\lib\clang\15.0.7\lib\armv7em-ti-none-eabi\</path>
         <kind>archive</kind>
         <file>libclang_rt.builtins.a</file>
         <name>udivmoddi4.S.obj</name>
      </input_file>
      <input_file id="fl-ae">
         <path>C:\ti\ccs1250\ccs\tools\compiler\ti-cgt-armllvm_3.2.0.LTS\lib\clang\15.0.7\lib\armv7em-ti-none-eabi\</path>
         <kind>archive</kind>
         <file>libclang_rt.builtins.a</file>
         <name>aeabi_div0.c.obj</name>
      </input_file>
      <input_file id="fl-af">
         <path>C:\ti\ccs1250\ccs\tools\compiler\ti-cgt-armllvm_3.2.0.LTS\lib\armv7em-ti-none-eabi\c\</path>
         <kind>archive</kind>
         <file>libc.a</file>
         <name>memcpy_t2.S.obj</name>
      </input_file>
      <input_file id="fl-b0">
         <path>C:\ti\ccs1250\ccs\tools\compiler\ti-cgt-armllvm_3.2.0.LTS\lib\armv7em-ti-none-eabi\c\</path>
         <kind>archive</kind>
         <file>libc.a</file>
         <name>memset_t2.S.obj</name>
      </input_file>
   </input_file_list>
   <object_component_list>
      <object_component id="oc-d2">
         <name>.text.PRCMCC3200MCUInit</name>
         <load_address>0x2000c040</load_address>
         <readonly>true</readonly>
         <executable>true</executable>
         <run_address>0x2000c040</run_address>
         <size>0x4b8</size>
         <alignment>0x2</alignment>
         <input_file_ref idref="fl-28"/>
      </object_component>
      <object_component id="oc-20b">
         <name>.text.Power_sleep</name>
         <load_address>0x2000c4f8</load_address>
         <readonly>true</readonly>
         <executable>true</executable>
         <run_address>0x2000c4f8</run_address>
         <size>0x3e4</size>
         <alignment>0x4</alignment>
         <input_file_ref idref="fl-15"/>
      </object_component>
      <object_component id="oc-169">
         <name>.text.UART2CC32XX_hwiIntFxn</name>
         <load_address>0x2000c8dc</load_address>
         <readonly>true</readonly>
         <executable>true</executable>
         <run_address>0x2000c8dc</run_address>
         <size>0x222</size>
         <alignment>0x2</alignment>
         <input_file_ref idref="fl-18"/>
      </object_component>
      <object_component id="oc-16d">
         <name>.text.UART2_readTimeout</name>
         <load_address>0x2000cafe</load_address>
         <readonly>true</readonly>
         <executable>true</executable>
         <run_address>0x2000cafe</run_address>
         <size>0x1d2</size>
         <alignment>0x2</alignment>
         <input_file_ref idref="fl-17"/>
      </object_component>
      <object_component id="oc-f3">
         <name>.text.UART2_open</name>
         <load_address>0x2000ccd0</load_address>
         <readonly>true</readonly>
         <executable>true</executable>
         <run_address>0x2000ccd0</run_address>
         <size>0x1cc</size>
         <alignment>0x4</alignment>
         <input_file_ref idref="fl-18"/>
      </object_component>
      <object_component id="oc-1ef">
         <name>.text.UART2_writeTimeoutBlocking</name>
         <load_address>0x2000ce9c</load_address>
         <readonly>true</readonly>
         <executable>true</executable>
         <run_address>0x2000ce9c</run_address>
         <size>0x174</size>
         <alignment>0x2</alignment>
         <input_file_ref idref="fl-17"/>
      </object_component>
      <object_component id="oc-18a">
         <name>.text.PowerCC32XX_sleepPolicy</name>
         <load_address>0x2000d010</load_address>
         <readonly>true</readonly>
         <executable>true</executable>
         <run_address>0x2000d010</run_address>
         <size>0x150</size>
         <alignment>0x4</alignment>
         <input_file_ref idref="fl-20"/>
      </object_component>
      <object_component id="oc-ed">
         <name>.text.GPIO_setConfig</name>
         <load_address>0x2000d160</load_address>
         <readonly>true</readonly>
         <executable>true</executable>
         <run_address>0x2000d160</run_address>
         <size>0x140</size>
         <alignment>0x4</alignment>
         <input_file_ref idref="fl-14"/>
      </object_component>
      <object_component id="oc-21a">
         <name>.text.aligned_alloc</name>
         <load_address>0x2000d2a0</load_address>
         <readonly>true</readonly>
         <executable>true</executable>
         <run_address>0x2000d2a0</run_address>
         <size>0x120</size>
         <alignment>0x4</alignment>
         <input_file_ref idref="fl-3b"/>
      </object_component>
      <object_component id="oc-1ee">
         <name>.text.UART2_writeTimeoutNonblocking</name>
         <load_address>0x2000d3c0</load_address>
         <readonly>true</readonly>
         <executable>true</executable>
         <run_address>0x2000d3c0</run_address>
         <size>0x11a</size>
         <alignment>0x2</alignment>
         <input_file_ref idref="fl-17"/>
      </object_component>
      <object_component id="oc-235">
         <name>.text.uDMAChannelTransferSet</name>
         <load_address>0x2000d4da</load_address>
         <readonly>true</readonly>
         <executable>true</executable>
         <run_address>0x2000d4da</run_address>
         <size>0x112</size>
         <alignment>0x2</alignment>
         <input_file_ref idref="fl-2c"/>
      </object_component>
      <object_component id="oc-191">
         <name>.text.free</name>
         <load_address>0x2000d5ec</load_address>
         <readonly>true</readonly>
         <executable>true</executable>
         <run_address>0x2000d5ec</run_address>
         <size>0xf0</size>
         <alignment>0x4</alignment>
         <input_file_ref idref="fl-3b"/>
      </object_component>
      <object_component id="oc-164">
         <name>.text.UART2_close</name>
         <load_address>0x2000d6dc</load_address>
         <readonly>true</readonly>
         <executable>true</executable>
         <run_address>0x2000d6dc</run_address>
         <size>0xe8</size>
         <alignment>0x4</alignment>
         <input_file_ref idref="fl-18"/>
      </object_component>
      <object_component id="oc-1ea">
         <name>.text.UART2Support_dmaStartRx</name>
         <load_address>0x2000d7c4</load_address>
         <readonly>true</readonly>
         <executable>true</executable>
         <run_address>0x2000d7c4</run_address>
         <size>0xcc</size>
         <alignment>0x4</alignment>
         <input_file_ref idref="fl-18"/>
      </object_component>
      <object_component id="oc-228">
         <name>.text.IntDisable</name>
         <load_address>0x2000d890</load_address>
         <readonly>true</readonly>
         <executable>true</executable>
         <run_address>0x2000d890</run_address>
         <size>0xc8</size>
         <alignment>0x2</alignment>
         <input_file_ref idref="fl-26"/>
      </object_component>
      <object_component id="oc-1d2">
         <name>.text.IntEnable</name>
         <load_address>0x2000d958</load_address>
         <readonly>true</readonly>
         <executable>true</executable>
         <run_address>0x2000d958</run_address>
         <size>0xc8</size>
         <alignment>0x2</alignment>
         <input_file_ref idref="fl-26"/>
      </object_component>
      <object_component id="oc-160">
         <name>.text.UART2CC32XX_initHw</name>
         <load_address>0x2000da20</load_address>
         <readonly>true</readonly>
         <executable>true</executable>
         <run_address>0x2000da20</run_address>
         <size>0xc4</size>
         <alignment>0x4</alignment>
         <input_file_ref idref="fl-18"/>
      </object_component>
      <object_component id="oc-1ed">
         <name>.text.UART2Support_dmaStartTx</name>
         <load_address>0x2000dae4</load_address>
         <readonly>true</readonly>
         <executable>true</executable>
         <run_address>0x2000dae4</run_address>
         <size>0xb8</size>
         <alignment>0x4</alignment>
         <input_file_ref idref="fl-18"/>
      </object_component>
      <object_component id="oc-245">
         <name>.text</name>
         <load_address>0x2000db9c</load_address>
         <readonly>true</readonly>
         <executable>true</executable>
         <run_address>0x2000db9c</run_address>
         <size>0xb0</size>
         <alignment>0x4</alignment>
         <input_file_ref idref="fl-ad"/>
      </object_component>
      <object_component id="oc-1aa">
         <name>.text.GPIOIntTypeSet</name>
         <load_address>0x2000dc4c</load_address>
         <readonly>true</readonly>
         <executable>true</executable>
         <run_address>0x2000dc4c</run_address>
         <size>0xac</size>
         <alignment>0x2</alignment>
         <input_file_ref idref="fl-24"/>
      </object_component>
      <object_component id="oc-b0">
         <name>.text.mainThread</name>
         <load_address>0x2000dcf8</load_address>
         <readonly>true</readonly>
         <executable>true</executable>
         <run_address>0x2000dcf8</run_address>
         <size>0xa8</size>
         <alignment>0x4</alignment>
         <input_file_ref idref="fl-2"/>
      </object_component>
      <object_component id="oc-27a">
         <name>.text.IntPendSet</name>
         <load_address>0x2000dda0</load_address>
         <readonly>true</readonly>
         <executable>true</executable>
         <run_address>0x2000dda0</run_address>
         <size>0xa4</size>
         <alignment>0x2</alignment>
         <input_file_ref idref="fl-26"/>
      </object_component>
      <object_component id="oc-13c">
         <name>.text.PinConfigSet</name>
         <load_address>0x2000de44</load_address>
         <readonly>true</readonly>
         <executable>true</executable>
         <run_address>0x2000de44</run_address>
         <size>0xa2</size>
         <alignment>0x2</alignment>
         <input_file_ref idref="fl-27"/>
      </object_component>
      <object_component id="oc-e2">
         <name>.text.Board_initHook</name>
         <load_address>0x2000dee6</load_address>
         <readonly>true</readonly>
         <executable>true</executable>
         <run_address>0x2000dee6</run_address>
         <size>0x2</size>
         <alignment>0x2</alignment>
         <input_file_ref idref="fl-3"/>
      </object_component>
      <object_component id="oc-12e">
         <name>.text.SemaphoreP_pend</name>
         <load_address>0x2000dee8</load_address>
         <readonly>true</readonly>
         <executable>true</executable>
         <run_address>0x2000dee8</run_address>
         <size>0x98</size>
         <alignment>0x4</alignment>
         <input_file_ref idref="fl-1d"/>
      </object_component>
      <object_component id="oc-251">
         <name>.text</name>
         <load_address>0x2000df80</load_address>
         <readonly>true</readonly>
         <executable>true</executable>
         <run_address>0x2000df80</run_address>
         <size>0x96</size>
         <alignment>0x10</alignment>
         <input_file_ref idref="fl-16"/>
      </object_component>
      <object_component id="oc-1cb">
         <name>.text.uDMAChannelAttributeDisable</name>
         <load_address>0x2000e016</load_address>
         <readonly>true</readonly>
         <executable>true</executable>
         <run_address>0x2000e016</run_address>
         <size>0x92</size>
         <alignment>0x2</alignment>
         <input_file_ref idref="fl-2c"/>
      </object_component>
      <object_component id="oc-dc">
         <name>.text.GPIO_init</name>
         <load_address>0x2000e0a8</load_address>
         <readonly>true</readonly>
         <executable>true</executable>
         <run_address>0x2000e0a8</run_address>
         <size>0x90</size>
         <alignment>0x4</alignment>
         <input_file_ref idref="fl-14"/>
      </object_component>
      <object_component id="oc-10d">
         <name>.text.PRCMSysResetCauseGet</name>
         <load_address>0x2000e138</load_address>
         <readonly>true</readonly>
         <executable>true</executable>
         <run_address>0x2000e138</run_address>
         <size>0x8e</size>
         <alignment>0x2</alignment>
         <input_file_ref idref="fl-28"/>
      </object_component>
      <object_component id="oc-185">
         <name>.text.PowerCC32XX_initPolicy</name>
         <load_address>0x2000e1c6</load_address>
         <readonly>true</readonly>
         <executable>true</executable>
         <run_address>0x2000e1c6</run_address>
         <size>0x2</size>
         <alignment>0x2</alignment>
         <input_file_ref idref="fl-20"/>
      </object_component>
      <object_component id="oc-11f">
         <name>.text.PowerCC32XX_configureWakeup</name>
         <load_address>0x2000e1c8</load_address>
         <readonly>true</readonly>
         <executable>true</executable>
         <run_address>0x2000e1c8</run_address>
         <size>0x88</size>
         <alignment>0x4</alignment>
         <input_file_ref idref="fl-15"/>
      </object_component>
      <object_component id="oc-d7">
         <name>.text.Power_init</name>
         <load_address>0x2000e250</load_address>
         <readonly>true</readonly>
         <executable>true</executable>
         <run_address>0x2000e250</run_address>
         <size>0x78</size>
         <alignment>0x4</alignment>
         <input_file_ref idref="fl-15"/>
      </object_component>
      <object_component id="oc-162">
         <name>.text.HwiP_construct</name>
         <load_address>0x2000e2c8</load_address>
         <readonly>true</readonly>
         <executable>true</executable>
         <run_address>0x2000e2c8</run_address>
         <size>0x74</size>
         <alignment>0x4</alignment>
         <input_file_ref idref="fl-1f"/>
      </object_component>
      <object_component id="oc-182">
         <name>.text.PRCMHibernateWakeUpGPIOSelect</name>
         <load_address>0x2000e33c</load_address>
         <readonly>true</readonly>
         <executable>true</executable>
         <run_address>0x2000e33c</run_address>
         <size>0x74</size>
         <alignment>0x2</alignment>
         <input_file_ref idref="fl-28"/>
      </object_component>
      <object_component id="oc-1c0">
         <name>.text.UARTConfigSetExpClk</name>
         <load_address>0x2000e3b0</load_address>
         <readonly>true</readonly>
         <executable>true</executable>
         <run_address>0x2000e3b0</run_address>
         <size>0x74</size>
         <alignment>0x2</alignment>
         <input_file_ref idref="fl-2b"/>
      </object_component>
      <object_component id="oc-18">
         <name>.text:decompress:lzss</name>
         <load_address>0x2000e424</load_address>
         <readonly>true</readonly>
         <executable>true</executable>
         <run_address>0x2000e424</run_address>
         <size>0x70</size>
         <alignment>0x2</alignment>
         <input_file_ref idref="fl-43"/>
      </object_component>
      <object_component id="oc-24f">
         <name>.text.PinLockLevelSet</name>
         <load_address>0x2000e494</load_address>
         <readonly>true</readonly>
         <executable>true</executable>
         <run_address>0x2000e494</run_address>
         <size>0x6c</size>
         <alignment>0x2</alignment>
         <input_file_ref idref="fl-27"/>
      </object_component>
      <object_component id="oc-13d">
         <name>.text.Power_setDependency</name>
         <load_address>0x2000e500</load_address>
         <readonly>true</readonly>
         <executable>true</executable>
         <run_address>0x2000e500</run_address>
         <size>0x6c</size>
         <alignment>0x4</alignment>
         <input_file_ref idref="fl-15"/>
      </object_component>
      <object_component id="oc-15e">
         <name>.text.UDMACC32XX_open</name>
         <load_address>0x2000e56c</load_address>
         <readonly>true</readonly>
         <executable>true</executable>
         <run_address>0x2000e56c</run_address>
         <size>0x6c</size>
         <alignment>0x4</alignment>
         <input_file_ref idref="fl-1b"/>
      </object_component>
      <object_component id="oc-135">
         <name>.text.powerNotifyFxn</name>
         <load_address>0x2000e5d8</load_address>
         <readonly>true</readonly>
         <executable>true</executable>
         <run_address>0x2000e5d8</run_address>
         <size>0x6c</size>
         <alignment>0x4</alignment>
         <input_file_ref idref="fl-14"/>
      </object_component>
      <object_component id="oc-25f">
         <name>.text.split</name>
         <load_address>0x2000e644</load_address>
         <readonly>true</readonly>
         <executable>true</executable>
         <run_address>0x2000e644</run_address>
         <size>0x6c</size>
         <alignment>0x4</alignment>
         <input_file_ref idref="fl-3b"/>
      </object_component>
      <object_component id="oc-115">
         <name>.text.PRCMPeripheralReset</name>
         <load_address>0x2000e6b0</load_address>
         <readonly>true</readonly>
         <executable>true</executable>
         <run_address>0x2000e6b0</run_address>
         <size>0x6a</size>
         <alignment>0x2</alignment>
         <input_file_ref idref="fl-28"/>
      </object_component>
      <object_component id="oc-1cf">
         <name>.text.IntPendClear</name>
         <load_address>0x2000e71a</load_address>
         <readonly>true</readonly>
         <executable>true</executable>
         <run_address>0x2000e71a</run_address>
         <size>0x68</size>
         <alignment>0x2</alignment>
         <input_file_ref idref="fl-26"/>
      </object_component>
      <object_component id="oc-1dc">
         <name>.text.SemaphoreP_destruct</name>
         <load_address>0x2000e782</load_address>
         <readonly>true</readonly>
         <executable>true</executable>
         <run_address>0x2000e782</run_address>
         <size>0x2</size>
         <alignment>0x2</alignment>
         <input_file_ref idref="fl-1d"/>
      </object_component>
      <object_component id="oc-16f">
         <name>.text.GPIO_write</name>
         <load_address>0x2000e784</load_address>
         <readonly>true</readonly>
         <executable>true</executable>
         <run_address>0x2000e784</run_address>
         <size>0x60</size>
         <alignment>0x4</alignment>
         <input_file_ref idref="fl-14"/>
      </object_component>
      <object_component id="oc-1ec">
         <name>.text.UART2Support_dmaStopTx</name>
         <load_address>0x2000e7e4</load_address>
         <readonly>true</readonly>
         <executable>true</executable>
         <run_address>0x2000e7e4</run_address>
         <size>0x60</size>
         <alignment>0x2</alignment>
         <input_file_ref idref="fl-18"/>
      </object_component>
      <object_component id="oc-275">
         <name>.text.FlashDisable</name>
         <load_address>0x2000e844</load_address>
         <readonly>true</readonly>
         <executable>true</executable>
         <run_address>0x2000e844</run_address>
         <size>0x5c</size>
         <alignment>0x2</alignment>
         <input_file_ref idref="fl-2e"/>
      </object_component>
      <object_component id="oc-184">
         <name>.text.PRCMHibernateWakeupSourceDisable</name>
         <load_address>0x2000e8a0</load_address>
         <readonly>true</readonly>
         <executable>true</executable>
         <run_address>0x2000e8a0</run_address>
         <size>0x5c</size>
         <alignment>0x2</alignment>
         <input_file_ref idref="fl-28"/>
      </object_component>
      <object_component id="oc-114">
         <name>.text.PRCMPeripheralClkEnable</name>
         <load_address>0x2000e8fc</load_address>
         <readonly>true</readonly>
         <executable>true</executable>
         <run_address>0x2000e8fc</run_address>
         <size>0x5a</size>
         <alignment>0x2</alignment>
         <input_file_ref idref="fl-28"/>
      </object_component>
      <object_component id="oc-167">
         <name>.text.UART2CC32XX_eventCallback</name>
         <load_address>0x2000e956</load_address>
         <readonly>true</readonly>
         <executable>true</executable>
         <run_address>0x2000e956</run_address>
         <size>0x2</size>
         <alignment>0x2</alignment>
         <input_file_ref idref="fl-18"/>
      </object_component>
      <object_component id="oc-225">
         <name>.text.ClockP_startup</name>
         <load_address>0x2000e958</load_address>
         <readonly>true</readonly>
         <executable>true</executable>
         <run_address>0x2000e958</run_address>
         <size>0x58</size>
         <alignment>0x4</alignment>
         <input_file_ref idref="fl-1e"/>
      </object_component>
      <object_component id="oc-1d1">
         <name>.text.IntPrioritySet</name>
         <load_address>0x2000e9b0</load_address>
         <readonly>true</readonly>
         <executable>true</executable>
         <run_address>0x2000e9b0</run_address>
         <size>0x58</size>
         <alignment>0x2</alignment>
         <input_file_ref idref="fl-26"/>
      </object_component>
      <object_component id="oc-25b">
         <name>.text.PRCMLPDSEnter</name>
         <load_address>0x2000ea08</load_address>
         <readonly>true</readonly>
         <executable>true</executable>
         <run_address>0x2000ea08</run_address>
         <size>0x56</size>
         <alignment>0x2</alignment>
         <input_file_ref idref="fl-28"/>
      </object_component>
      <object_component id="oc-269">
         <name>.text.__aeabi_ldiv0</name>
         <load_address>0x2000ea5e</load_address>
         <readonly>true</readonly>
         <executable>true</executable>
         <run_address>0x2000ea5e</run_address>
         <size>0x2</size>
         <alignment>0x2</alignment>
         <input_file_ref idref="fl-ae"/>
      </object_component>
      <object_component id="oc-1a4">
         <name>.text.PowerCC32XX_setParkState</name>
         <load_address>0x2000ea60</load_address>
         <readonly>true</readonly>
         <executable>true</executable>
         <run_address>0x2000ea60</run_address>
         <size>0x54</size>
         <alignment>0x4</alignment>
         <input_file_ref idref="fl-15"/>
      </object_component>
      <object_component id="oc-1df">
         <name>.text.Power_releaseDependency</name>
         <load_address>0x2000eab4</load_address>
         <readonly>true</readonly>
         <executable>true</executable>
         <run_address>0x2000eab4</run_address>
         <size>0x54</size>
         <alignment>0x4</alignment>
         <input_file_ref idref="fl-15"/>
      </object_component>
      <object_component id="oc-14b">
         <name>.text.GPIO_hwiIntFxn</name>
         <load_address>0x2000eb08</load_address>
         <readonly>true</readonly>
         <executable>true</executable>
         <run_address>0x2000eb08</run_address>
         <size>0x50</size>
         <alignment>0x4</alignment>
         <input_file_ref idref="fl-14"/>
      </object_component>
      <object_component id="oc-183">
         <name>.text.PRCMHibernateWakeupSourceEnable</name>
         <load_address>0x2000eb58</load_address>
         <readonly>true</readonly>
         <executable>true</executable>
         <run_address>0x2000eb58</run_address>
         <size>0x50</size>
         <alignment>0x2</alignment>
         <input_file_ref idref="fl-28"/>
      </object_component>
      <object_component id="oc-fc">
         <name>.text.SMTick</name>
         <load_address>0x2000eba8</load_address>
         <readonly>true</readonly>
         <executable>true</executable>
         <run_address>0x2000eba8</run_address>
         <size>0x50</size>
         <alignment>0x4</alignment>
         <input_file_ref idref="fl-2"/>
      </object_component>
      <object_component id="oc-1d6">
         <name>.text.SemaphoreP_construct</name>
         <load_address>0x2000ebf8</load_address>
         <readonly>true</readonly>
         <executable>true</executable>
         <run_address>0x2000ebf8</run_address>
         <size>0x50</size>
         <alignment>0x4</alignment>
         <input_file_ref idref="fl-1d"/>
      </object_component>
      <object_component id="oc-1ca">
         <name>.text.uDMAChannelAssign</name>
         <load_address>0x2000ec48</load_address>
         <readonly>true</readonly>
         <executable>true</executable>
         <run_address>0x2000ec48</run_address>
         <size>0x4e</size>
         <alignment>0x2</alignment>
         <input_file_ref idref="fl-2c"/>
      </object_component>
      <object_component id="oc-170">
         <name>.text._nop</name>
         <load_address>0x2000ec96</load_address>
         <readonly>true</readonly>
         <executable>true</executable>
         <run_address>0x2000ec96</run_address>
         <size>0x2</size>
         <alignment>0x2</alignment>
         <input_file_ref idref="fl-45"/>
      </object_component>
      <object_component id="oc-146">
         <name>.text.GPIO_setInterruptConfig</name>
         <load_address>0x2000ec98</load_address>
         <readonly>true</readonly>
         <executable>true</executable>
         <run_address>0x2000ec98</run_address>
         <size>0x4c</size>
         <alignment>0x4</alignment>
         <input_file_ref idref="fl-14"/>
      </object_component>
      <object_component id="oc-273">
         <name>.text.PRCMLPDSRestoreInfoSet</name>
         <load_address>0x2000ece4</load_address>
         <readonly>true</readonly>
         <executable>true</executable>
         <run_address>0x2000ece4</run_address>
         <size>0x4c</size>
         <alignment>0x2</alignment>
         <input_file_ref idref="fl-28"/>
      </object_component>
      <object_component id="oc-1e8">
         <name>.text.UART2Support_dmaStopRx</name>
         <load_address>0x2000ed30</load_address>
         <readonly>true</readonly>
         <executable>true</executable>
         <run_address>0x2000ed30</run_address>
         <size>0x4a</size>
         <alignment>0x2</alignment>
         <input_file_ref idref="fl-18"/>
      </object_component>
      <object_component id="oc-22f">
         <name>.text.uDMAChannelSizeGet</name>
         <load_address>0x2000ed7a</load_address>
         <readonly>true</readonly>
         <executable>true</executable>
         <run_address>0x2000ed7a</run_address>
         <size>0x4a</size>
         <alignment>0x2</alignment>
         <input_file_ref idref="fl-2c"/>
      </object_component>
      <object_component id="oc-58">
         <name>.text.ClockP_sysTickHandler</name>
         <load_address>0x2000edc4</load_address>
         <readonly>true</readonly>
         <executable>true</executable>
         <run_address>0x2000edc4</run_address>
         <size>0x48</size>
         <alignment>0x4</alignment>
         <input_file_ref idref="fl-1e"/>
      </object_component>
      <object_component id="oc-255">
         <name>.text.PRCMIntEnable</name>
         <load_address>0x2000ee0c</load_address>
         <readonly>true</readonly>
         <executable>true</executable>
         <run_address>0x2000ee0c</run_address>
         <size>0x48</size>
         <alignment>0x2</alignment>
         <input_file_ref idref="fl-28"/>
      </object_component>
      <object_component id="oc-1a6">
         <name>.text.PRCMPeripheralStatusGet</name>
         <load_address>0x2000ee54</load_address>
         <readonly>true</readonly>
         <executable>true</executable>
         <run_address>0x2000ee54</run_address>
         <size>0x48</size>
         <alignment>0x2</alignment>
         <input_file_ref idref="fl-28"/>
      </object_component>
      <object_component id="oc-270">
         <name>.text.PinConfigGet</name>
         <load_address>0x2000ee9c</load_address>
         <readonly>true</readonly>
         <executable>true</executable>
         <run_address>0x2000ee9c</run_address>
         <size>0x48</size>
         <alignment>0x2</alignment>
         <input_file_ref idref="fl-27"/>
      </object_component>
      <object_component id="oc-16e">
         <name>.text.UART2_readFull</name>
         <load_address>0x2000eee4</load_address>
         <readonly>true</readonly>
         <executable>true</executable>
         <run_address>0x2000eee4</run_address>
         <size>0x48</size>
         <alignment>0x2</alignment>
         <input_file_ref idref="fl-17"/>
      </object_component>
      <object_component id="oc-25a">
         <name>.text.PRCMLPDSEnterKeepDebugIf</name>
         <load_address>0x2000ef2c</load_address>
         <readonly>true</readonly>
         <executable>true</executable>
         <run_address>0x2000ef2c</run_address>
         <size>0x46</size>
         <alignment>0x2</alignment>
         <input_file_ref idref="fl-28"/>
      </object_component>
      <object_component id="oc-22d">
         <name>.text.RingBuf_put</name>
         <load_address>0x2000ef72</load_address>
         <readonly>true</readonly>
         <executable>true</executable>
         <run_address>0x2000ef72</run_address>
         <size>0x46</size>
         <alignment>0x2</alignment>
         <input_file_ref idref="fl-1a"/>
      </object_component>
      <object_component id="oc-140">
         <name>.text.GPIODirModeSet</name>
         <load_address>0x2000efb8</load_address>
         <readonly>true</readonly>
         <executable>true</executable>
         <run_address>0x2000efb8</run_address>
         <size>0x44</size>
         <alignment>0x2</alignment>
         <input_file_ref idref="fl-24"/>
      </object_component>
      <object_component id="oc-1ab">
         <name>.text.GPIO_disableInt</name>
         <load_address>0x2000effc</load_address>
         <readonly>true</readonly>
         <executable>true</executable>
         <run_address>0x2000effc</run_address>
         <size>0x44</size>
         <alignment>0x4</alignment>
         <input_file_ref idref="fl-14"/>
      </object_component>
      <object_component id="oc-147">
         <name>.text.GPIO_enableInt</name>
         <load_address>0x2000f040</load_address>
         <readonly>true</readonly>
         <executable>true</executable>
         <run_address>0x2000f040</run_address>
         <size>0x44</size>
         <alignment>0x4</alignment>
         <input_file_ref idref="fl-14"/>
      </object_component>
      <object_component id="oc-1eb">
         <name>.text.Power_releaseConstraint</name>
         <load_address>0x2000f084</load_address>
         <readonly>true</readonly>
         <executable>true</executable>
         <run_address>0x2000f084</run_address>
         <size>0x44</size>
         <alignment>0x4</alignment>
         <input_file_ref idref="fl-15"/>
      </object_component>
      <object_component id="oc-7d">
         <name>.text.addToList</name>
         <load_address>0x2000f0c8</load_address>
         <readonly>true</readonly>
         <executable>true</executable>
         <run_address>0x2000f0c8</run_address>
         <size>0x44</size>
         <alignment>0x4</alignment>
         <input_file_ref idref="fl-1e"/>
      </object_component>
      <object_component id="oc-11c">
         <name>.text.PinModeSet</name>
         <load_address>0x2000f10c</load_address>
         <readonly>true</readonly>
         <executable>true</executable>
         <run_address>0x2000f10c</run_address>
         <size>0x42</size>
         <alignment>0x2</alignment>
         <input_file_ref idref="fl-27"/>
      </object_component>
      <object_component id="oc-200">
         <name>.text.getCountsRTC</name>
         <load_address>0x2000f14e</load_address>
         <readonly>true</readonly>
         <executable>true</executable>
         <run_address>0x2000f14e</run_address>
         <size>0x42</size>
         <alignment>0x2</alignment>
         <input_file_ref idref="fl-20"/>
      </object_component>
      <object_component id="oc-130">
         <name>.text.SemaphoreP_post</name>
         <load_address>0x2000f190</load_address>
         <readonly>true</readonly>
         <executable>true</executable>
         <run_address>0x2000f190</run_address>
         <size>0x40</size>
         <alignment>0x4</alignment>
         <input_file_ref idref="fl-1d"/>
      </object_component>
      <object_component id="oc-234">
         <name>.text.uDMAChannelControlSet</name>
         <load_address>0x2000f1d0</load_address>
         <readonly>true</readonly>
         <executable>true</executable>
         <run_address>0x2000f1d0</run_address>
         <size>0x40</size>
         <alignment>0x2</alignment>
         <input_file_ref idref="fl-2c"/>
      </object_component>
      <object_component id="oc-272">
         <name>.text.PinDirModeSet</name>
         <load_address>0x2000f210</load_address>
         <readonly>true</readonly>
         <executable>true</executable>
         <run_address>0x2000f210</run_address>
         <size>0x3e</size>
         <alignment>0x2</alignment>
         <input_file_ref idref="fl-27"/>
      </object_component>
      <object_component id="oc-57">
         <name>.text.busFaultHandler</name>
         <load_address>0x2000f24e</load_address>
         <readonly>true</readonly>
         <executable>true</executable>
         <run_address>0x2000f24e</run_address>
         <size>0x2</size>
         <alignment>0x2</alignment>
         <input_file_ref idref="fl-21"/>
      </object_component>
      <object_component id="oc-217">
         <name>.text.ClockP_stop</name>
         <load_address>0x2000f250</load_address>
         <readonly>true</readonly>
         <executable>true</executable>
         <run_address>0x2000f250</run_address>
         <size>0x3c</size>
         <alignment>0x4</alignment>
         <input_file_ref idref="fl-1e"/>
      </object_component>
      <object_component id="oc-159">
         <name>.text.UDMACC32XX_init</name>
         <load_address>0x2000f28c</load_address>
         <readonly>true</readonly>
         <executable>true</executable>
         <run_address>0x2000f28c</run_address>
         <size>0x3c</size>
         <alignment>0x4</alignment>
         <input_file_ref idref="fl-1b"/>
      </object_component>
      <object_component id="oc-197">
         <name>.text.ClockP_destruct</name>
         <load_address>0x2000f2c8</load_address>
         <readonly>true</readonly>
         <executable>true</executable>
         <run_address>0x2000f2c8</run_address>
         <size>0x38</size>
         <alignment>0x4</alignment>
         <input_file_ref idref="fl-1e"/>
      </object_component>
      <object_component id="oc-238">
         <name>.text.Power_setConstraint</name>
         <load_address>0x2000f300</load_address>
         <readonly>true</readonly>
         <executable>true</executable>
         <run_address>0x2000f300</run_address>
         <size>0x38</size>
         <alignment>0x4</alignment>
         <input_file_ref idref="fl-15"/>
      </object_component>
      <object_component id="oc-231">
         <name>.text.RingBuf_putAdvance</name>
         <load_address>0x2000f338</load_address>
         <readonly>true</readonly>
         <executable>true</executable>
         <run_address>0x2000f338</run_address>
         <size>0x38</size>
         <alignment>0x2</alignment>
         <input_file_ref idref="fl-1a"/>
      </object_component>
      <object_component id="oc-211">
         <name>.text.SwiP_restore</name>
         <load_address>0x2000f370</load_address>
         <readonly>true</readonly>
         <executable>true</executable>
         <run_address>0x2000f370</run_address>
         <size>0x38</size>
         <alignment>0x4</alignment>
         <input_file_ref idref="fl-22"/>
      </object_component>
      <object_component id="oc-1f1">
         <name>.text.UART2_rxEnable</name>
         <load_address>0x2000f3a8</load_address>
         <readonly>true</readonly>
         <executable>true</executable>
         <run_address>0x2000f3a8</run_address>
         <size>0x38</size>
         <alignment>0x2</alignment>
         <input_file_ref idref="fl-17"/>
      </object_component>
      <object_component id="oc-1dd">
         <name>.text.UDMACC32XX_close</name>
         <load_address>0x2000f3e0</load_address>
         <readonly>true</readonly>
         <executable>true</executable>
         <run_address>0x2000f3e0</run_address>
         <size>0x38</size>
         <alignment>0x4</alignment>
         <input_file_ref idref="fl-1b"/>
      </object_component>
      <object_component id="oc-bf">
         <name>.text:__TI_auto_init_nobinit_nopinit</name>
         <load_address>0x2000f418</load_address>
         <readonly>true</readonly>
         <executable>true</executable>
         <run_address>0x2000f418</run_address>
         <size>0x38</size>
         <alignment>0x4</alignment>
         <input_file_ref idref="fl-3e"/>
      </object_component>
      <object_component id="oc-250">
         <name>.text.PinLock</name>
         <load_address>0x2000f450</load_address>
         <readonly>true</readonly>
         <executable>true</executable>
         <run_address>0x2000f450</run_address>
         <size>0x36</size>
         <alignment>0x2</alignment>
         <input_file_ref idref="fl-27"/>
      </object_component>
      <object_component id="oc-267">
         <name>.text.UARTCharPutNonBlocking</name>
         <load_address>0x2000f486</load_address>
         <readonly>true</readonly>
         <executable>true</executable>
         <run_address>0x2000f486</run_address>
         <size>0x36</size>
         <alignment>0x2</alignment>
         <input_file_ref idref="fl-2b"/>
      </object_component>
      <object_component id="oc-194">
         <name>.text.ClockP_start</name>
         <load_address>0x2000f4bc</load_address>
         <readonly>true</readonly>
         <executable>true</executable>
         <run_address>0x2000f4bc</run_address>
         <size>0x34</size>
         <alignment>0x4</alignment>
         <input_file_ref idref="fl-1e"/>
      </object_component>
      <object_component id="oc-271">
         <name>.text.PinDirModeGet</name>
         <load_address>0x2000f4f0</load_address>
         <readonly>true</readonly>
         <executable>true</executable>
         <run_address>0x2000f4f0</run_address>
         <size>0x34</size>
         <alignment>0x2</alignment>
         <input_file_ref idref="fl-27"/>
      </object_component>
      <object_component id="oc-117">
         <name>.text.PinModeGet</name>
         <load_address>0x2000f524</load_address>
         <readonly>true</readonly>
         <executable>true</executable>
         <run_address>0x2000f524</run_address>
         <size>0x34</size>
         <alignment>0x2</alignment>
         <input_file_ref idref="fl-27"/>
      </object_component>
      <object_component id="oc-24e">
         <name>.text.PowerCC32XX_parkPin</name>
         <load_address>0x2000f558</load_address>
         <readonly>true</readonly>
         <executable>true</executable>
         <run_address>0x2000f558</run_address>
         <size>0x34</size>
         <alignment>0x2</alignment>
         <input_file_ref idref="fl-15"/>
      </object_component>
      <object_component id="oc-1d9">
         <name>.text.UART2_rxDisable</name>
         <load_address>0x2000f58c</load_address>
         <readonly>true</readonly>
         <executable>true</executable>
         <run_address>0x2000f58c</run_address>
         <size>0x34</size>
         <alignment>0x2</alignment>
         <input_file_ref idref="fl-17"/>
      </object_component>
      <object_component id="oc-4f">
         <name>.text.initVectors</name>
         <load_address>0x2000f5c0</load_address>
         <readonly>true</readonly>
         <executable>true</executable>
         <run_address>0x2000f5c0</run_address>
         <size>0x34</size>
         <alignment>0x4</alignment>
         <input_file_ref idref="fl-21"/>
      </object_component>
      <object_component id="oc-23e">
         <name>.text.UART2Support_enableInts</name>
         <load_address>0x2000f5f4</load_address>
         <readonly>true</readonly>
         <executable>true</executable>
         <run_address>0x2000f5f4</run_address>
         <size>0x32</size>
         <alignment>0x2</alignment>
         <input_file_ref idref="fl-18"/>
      </object_component>
      <object_component id="oc-198">
         <name>.text.clkFxn</name>
         <load_address>0x2000f626</load_address>
         <readonly>true</readonly>
         <executable>true</executable>
         <run_address>0x2000f626</run_address>
         <size>0x2</size>
         <alignment>0x2</alignment>
         <input_file_ref idref="fl-1d"/>
      </object_component>
      <object_component id="oc-1fd">
         <name>.text.ClockP_getTicksUntilInterrupt</name>
         <load_address>0x2000f628</load_address>
         <readonly>true</readonly>
         <executable>true</executable>
         <run_address>0x2000f628</run_address>
         <size>0x30</size>
         <alignment>0x4</alignment>
         <input_file_ref idref="fl-1e"/>
      </object_component>
      <object_component id="oc-20a">
         <name>.text.PRCMLPDSIntervalSet</name>
         <load_address>0x2000f658</load_address>
         <readonly>true</readonly>
         <executable>true</executable>
         <run_address>0x2000f658</run_address>
         <size>0x30</size>
         <alignment>0x2</alignment>
         <input_file_ref idref="fl-28"/>
      </object_component>
      <object_component id="oc-244">
         <name>.text.PRCMSlowClkCtrFastGet</name>
         <load_address>0x2000f688</load_address>
         <readonly>true</readonly>
         <executable>true</executable>
         <run_address>0x2000f688</run_address>
         <size>0x30</size>
         <alignment>0x2</alignment>
         <input_file_ref idref="fl-28"/>
      </object_component>
      <object_component id="oc-24c">
         <name>.text.notify</name>
         <load_address>0x2000f6b8</load_address>
         <readonly>true</readonly>
         <executable>true</executable>
         <run_address>0x2000f6b8</run_address>
         <size>0x30</size>
         <alignment>0x4</alignment>
         <input_file_ref idref="fl-15"/>
      </object_component>
      <object_component id="oc-1ae">
         <name>.text.GPIOIntStatus</name>
         <load_address>0x2000f6e8</load_address>
         <readonly>true</readonly>
         <executable>true</executable>
         <run_address>0x2000f6e8</run_address>
         <size>0x2e</size>
         <alignment>0x2</alignment>
         <input_file_ref idref="fl-24"/>
      </object_component>
      <object_component id="oc-1f3">
         <name>.text.RingBuf_getConsume</name>
         <load_address>0x2000f716</load_address>
         <readonly>true</readonly>
         <executable>true</executable>
         <run_address>0x2000f716</run_address>
         <size>0x2e</size>
         <alignment>0x2</alignment>
         <input_file_ref idref="fl-1a"/>
      </object_component>
      <object_component id="oc-233">
         <name>.text.RingBuf_putPointer</name>
         <load_address>0x2000f744</load_address>
         <readonly>true</readonly>
         <executable>true</executable>
         <run_address>0x2000f744</run_address>
         <size>0x2e</size>
         <alignment>0x2</alignment>
         <input_file_ref idref="fl-1a"/>
      </object_component>
      <object_component id="oc-1da">
         <name>.text.UARTDisable</name>
         <load_address>0x2000f772</load_address>
         <readonly>true</readonly>
         <executable>true</executable>
         <run_address>0x2000f772</run_address>
         <size>0x2e</size>
         <alignment>0x2</alignment>
         <input_file_ref idref="fl-2b"/>
      </object_component>
      <object_component id="oc-1e5">
         <name>.text.UART2CC32XX_getRxData</name>
         <load_address>0x2000f7a0</load_address>
         <readonly>true</readonly>
         <executable>true</executable>
         <run_address>0x2000f7a0</run_address>
         <size>0x2c</size>
         <alignment>0x2</alignment>
         <input_file_ref idref="fl-18"/>
      </object_component>
      <object_component id="oc-13f">
         <name>.text.HwiP_create</name>
         <load_address>0x2000f7cc</load_address>
         <readonly>true</readonly>
         <executable>true</executable>
         <run_address>0x2000f7cc</run_address>
         <size>0x2a</size>
         <alignment>0x2</alignment>
         <input_file_ref idref="fl-1f"/>
      </object_component>
      <object_component id="oc-181">
         <name>.text.PRCMLPDSWakeUpGPIOSelect</name>
         <load_address>0x2000f7f6</load_address>
         <readonly>true</readonly>
         <executable>true</executable>
         <run_address>0x2000f7f6</run_address>
         <size>0x2a</size>
         <alignment>0x2</alignment>
         <input_file_ref idref="fl-28"/>
      </object_component>
      <object_component id="oc-116">
         <name>.text.PRCMPeripheralClkDisable</name>
         <load_address>0x2000f820</load_address>
         <readonly>true</readonly>
         <executable>true</executable>
         <run_address>0x2000f820</run_address>
         <size>0x2a</size>
         <alignment>0x2</alignment>
         <input_file_ref idref="fl-28"/>
      </object_component>
      <object_component id="oc-1e4">
         <name>.text.UARTIntStatus</name>
         <load_address>0x2000f84a</load_address>
         <readonly>true</readonly>
         <executable>true</executable>
         <run_address>0x2000f84a</run_address>
         <size>0x2a</size>
         <alignment>0x2</alignment>
         <input_file_ref idref="fl-2b"/>
      </object_component>
      <object_component id="oc-22a">
         <name>.text.List_remove</name>
         <load_address>0x2000f874</load_address>
         <readonly>true</readonly>
         <executable>true</executable>
         <run_address>0x2000f874</run_address>
         <size>0x28</size>
         <alignment>0x2</alignment>
         <input_file_ref idref="fl-19"/>
      </object_component>
      <object_component id="oc-24d">
         <name>.text.PRCMSRAMRetentionEnable</name>
         <load_address>0x2000f89c</load_address>
         <readonly>true</readonly>
         <executable>true</executable>
         <run_address>0x2000f89c</run_address>
         <size>0x28</size>
         <alignment>0x2</alignment>
         <input_file_ref idref="fl-28"/>
      </object_component>
      <object_component id="oc-157">
         <name>.text.PowerCC32XX_getParkState</name>
         <load_address>0x2000f8c4</load_address>
         <readonly>true</readonly>
         <executable>true</executable>
         <run_address>0x2000f8c4</run_address>
         <size>0x28</size>
         <alignment>0x4</alignment>
         <input_file_ref idref="fl-15"/>
      </object_component>
      <object_component id="oc-216">
         <name>.text.free_list_insert</name>
         <load_address>0x2000f8ec</load_address>
         <readonly>true</readonly>
         <executable>true</executable>
         <run_address>0x2000f8ec</run_address>
         <size>0x28</size>
         <alignment>0x4</alignment>
         <input_file_ref idref="fl-3b"/>
      </object_component>
      <object_component id="oc-229">
         <name>.text.IntUnregister</name>
         <load_address>0x2000f914</load_address>
         <readonly>true</readonly>
         <executable>true</executable>
         <run_address>0x2000f914</run_address>
         <size>0x24</size>
         <alignment>0x2</alignment>
         <input_file_ref idref="fl-26"/>
      </object_component>
      <object_component id="oc-199">
         <name>.text.List_put</name>
         <load_address>0x2000f938</load_address>
         <readonly>true</readonly>
         <executable>true</executable>
         <run_address>0x2000f938</run_address>
         <size>0x24</size>
         <alignment>0x2</alignment>
         <input_file_ref idref="fl-19"/>
      </object_component>
      <object_component id="oc-17f">
         <name>.text.PRCMLPDSWakeupSourceEnable</name>
         <load_address>0x2000f95c</load_address>
         <readonly>true</readonly>
         <executable>true</executable>
         <run_address>0x2000f95c</run_address>
         <size>0x24</size>
         <alignment>0x2</alignment>
         <input_file_ref idref="fl-28"/>
      </object_component>
      <object_component id="oc-1e0">
         <name>.text.PowerCC32XX_restoreParkState</name>
         <load_address>0x2000f980</load_address>
         <readonly>true</readonly>
         <executable>true</executable>
         <run_address>0x2000f980</run_address>
         <size>0x24</size>
         <alignment>0x4</alignment>
         <input_file_ref idref="fl-15"/>
      </object_component>
      <object_component id="oc-257">
         <name>.text.PowerCC32XX_restoreParkedPin</name>
         <load_address>0x2000f9a4</load_address>
         <readonly>true</readonly>
         <executable>true</executable>
         <run_address>0x2000f9a4</run_address>
         <size>0x24</size>
         <alignment>0x2</alignment>
         <input_file_ref idref="fl-15"/>
      </object_component>
      <object_component id="oc-12f">
         <name>.text.Power_registerNotify</name>
         <load_address>0x2000f9c8</load_address>
         <readonly>true</readonly>
         <executable>true</executable>
         <run_address>0x2000f9c8</run_address>
         <size>0x24</size>
         <alignment>0x4</alignment>
         <input_file_ref idref="fl-15"/>
      </object_component>
      <object_component id="oc-226">
         <name>.text.UART2Support_disableRx</name>
         <load_address>0x2000f9ec</load_address>
         <readonly>true</readonly>
         <executable>true</executable>
         <run_address>0x2000f9ec</run_address>
         <size>0x24</size>
         <alignment>0x2</alignment>
         <input_file_ref idref="fl-18"/>
      </object_component>
      <object_component id="oc-76">
         <name>.text:_c_int00_noargs</name>
         <load_address>0x2000fa10</load_address>
         <readonly>true</readonly>
         <executable>true</executable>
         <run_address>0x2000fa10</run_address>
         <size>0x24</size>
         <alignment>0x4</alignment>
         <input_file_ref idref="fl-3c"/>
      </object_component>
      <object_component id="oc-145">
         <name>.text.GPIOPinWrite</name>
         <load_address>0x2000fa34</load_address>
         <readonly>true</readonly>
         <executable>true</executable>
         <run_address>0x2000fa34</run_address>
         <size>0x22</size>
         <alignment>0x2</alignment>
         <input_file_ref idref="fl-24"/>
      </object_component>
      <object_component id="oc-256">
         <name>.text.PinUnlock</name>
         <load_address>0x2000fa56</load_address>
         <readonly>true</readonly>
         <executable>true</executable>
         <run_address>0x2000fa56</run_address>
         <size>0x22</size>
         <alignment>0x2</alignment>
         <input_file_ref idref="fl-27"/>
      </object_component>
      <object_component id="oc-1f2">
         <name>.text.RingBuf_getPointer</name>
         <load_address>0x2000fa78</load_address>
         <readonly>true</readonly>
         <executable>true</executable>
         <run_address>0x2000fa78</run_address>
         <size>0x22</size>
         <alignment>0x2</alignment>
         <input_file_ref idref="fl-1a"/>
      </object_component>
      <object_component id="oc-23b">
         <name>.text.UART2Support_sendData</name>
         <load_address>0x2000fa9a</load_address>
         <readonly>true</readonly>
         <executable>true</executable>
         <run_address>0x2000fa9a</run_address>
         <size>0x22</size>
         <alignment>0x2</alignment>
         <input_file_ref idref="fl-18"/>
      </object_component>
      <object_component id="oc-fb">
         <name>.text.UART2_read</name>
         <load_address>0x2000fabc</load_address>
         <readonly>true</readonly>
         <executable>true</executable>
         <run_address>0x2000fabc</run_address>
         <size>0x22</size>
         <alignment>0x2</alignment>
         <input_file_ref idref="fl-17"/>
      </object_component>
      <object_component id="oc-1d0">
         <name>.text.IntRegister</name>
         <load_address>0x2000fade</load_address>
         <readonly>true</readonly>
         <executable>true</executable>
         <run_address>0x2000fade</run_address>
         <size>0x20</size>
         <alignment>0x2</alignment>
         <input_file_ref idref="fl-26"/>
      </object_component>
      <object_component id="oc-56">
         <name>.text.defaultHandler</name>
         <load_address>0x2000fafe</load_address>
         <readonly>true</readonly>
         <executable>true</executable>
         <run_address>0x2000fafe</run_address>
         <size>0x2</size>
         <alignment>0x2</alignment>
         <input_file_ref idref="fl-21"/>
      </object_component>
      <object_component id="oc-14f">
         <name>.text.PowerCC32XX_reset</name>
         <load_address>0x2000fb00</load_address>
         <readonly>true</readonly>
         <executable>true</executable>
         <run_address>0x2000fb00</run_address>
         <size>0x20</size>
         <alignment>0x4</alignment>
         <input_file_ref idref="fl-15"/>
      </object_component>
      <object_component id="oc-1de">
         <name>.text.Power_unregisterNotify</name>
         <load_address>0x2000fb20</load_address>
         <readonly>true</readonly>
         <executable>true</executable>
         <run_address>0x2000fb20</run_address>
         <size>0x20</size>
         <alignment>0x4</alignment>
         <input_file_ref idref="fl-15"/>
      </object_component>
      <object_component id="oc-163">
         <name>.text.SemaphoreP_constructBinary</name>
         <load_address>0x2000fb40</load_address>
         <readonly>true</readonly>
         <executable>true</executable>
         <run_address>0x2000fb40</run_address>
         <size>0x20</size>
         <alignment>0x4</alignment>
         <input_file_ref idref="fl-1d"/>
      </object_component>
      <object_component id="oc-125">
         <name>.text.SemaphoreP_createBinary</name>
         <load_address>0x2000fb60</load_address>
         <readonly>true</readonly>
         <executable>true</executable>
         <run_address>0x2000fb60</run_address>
         <size>0x20</size>
         <alignment>0x4</alignment>
         <input_file_ref idref="fl-1d"/>
      </object_component>
      <object_component id="oc-1b2">
         <name>.text.PinTypeUART</name>
         <load_address>0x2000fb80</load_address>
         <readonly>true</readonly>
         <executable>true</executable>
         <run_address>0x2000fb80</run_address>
         <size>0x1e</size>
         <alignment>0x2</alignment>
         <input_file_ref idref="fl-27"/>
      </object_component>
      <object_component id="oc-16c">
         <name>.text.UART2_writeTimeout</name>
         <load_address>0x2000fb9e</load_address>
         <readonly>true</readonly>
         <executable>true</executable>
         <run_address>0x2000fb9e</run_address>
         <size>0x1e</size>
         <alignment>0x2</alignment>
         <input_file_ref idref="fl-17"/>
      </object_component>
      <object_component id="oc-1c6">
         <name>.text.UARTEnable</name>
         <load_address>0x2000fbbc</load_address>
         <readonly>true</readonly>
         <executable>true</executable>
         <run_address>0x2000fbbc</run_address>
         <size>0x1e</size>
         <alignment>0x2</alignment>
         <input_file_ref idref="fl-2b"/>
      </object_component>
      <object_component id="oc-22e">
         <name>.text.uDMAChannelDisable</name>
         <load_address>0x2000fbda</load_address>
         <readonly>true</readonly>
         <executable>true</executable>
         <run_address>0x2000fbda</run_address>
         <size>0x1e</size>
         <alignment>0x2</alignment>
         <input_file_ref idref="fl-2c"/>
      </object_component>
      <object_component id="oc-236">
         <name>.text.uDMAChannelEnable</name>
         <load_address>0x2000fbf8</load_address>
         <readonly>true</readonly>
         <executable>true</executable>
         <run_address>0x2000fbf8</run_address>
         <size>0x1e</size>
         <alignment>0x2</alignment>
         <input_file_ref idref="fl-2c"/>
      </object_component>
      <object_component id="oc-1e7">
         <name>.text.uDMAChannelIsEnabled</name>
         <load_address>0x2000fc16</load_address>
         <readonly>true</readonly>
         <executable>true</executable>
         <run_address>0x2000fc16</run_address>
         <size>0x1e</size>
         <alignment>0x2</alignment>
         <input_file_ref idref="fl-2c"/>
      </object_component>
      <object_component id="oc-1d5">
         <name>.text.HwiP_dispatch</name>
         <load_address>0x2000fc34</load_address>
         <readonly>true</readonly>
         <executable>true</executable>
         <run_address>0x2000fc34</run_address>
         <size>0x1c</size>
         <alignment>0x4</alignment>
         <input_file_ref idref="fl-1f"/>
      </object_component>
      <object_component id="oc-1f6">
         <name>.text.SwiP_disable</name>
         <load_address>0x2000fc50</load_address>
         <readonly>true</readonly>
         <executable>true</executable>
         <run_address>0x2000fc50</run_address>
         <size>0x1c</size>
         <alignment>0x4</alignment>
         <input_file_ref idref="fl-22"/>
      </object_component>
      <object_component id="oc-215">
         <name>.text.free_list_remove</name>
         <load_address>0x2000fc6c</load_address>
         <readonly>true</readonly>
         <executable>true</executable>
         <run_address>0x2000fc6c</run_address>
         <size>0x1c</size>
         <alignment>0x4</alignment>
         <input_file_ref idref="fl-3b"/>
      </object_component>
      <object_component id="oc-21">
         <name>.text.resetISR</name>
         <load_address>0x2000fc88</load_address>
         <readonly>true</readonly>
         <executable>true</executable>
         <run_address>0x2000fc88</run_address>
         <size>0x1c</size>
         <alignment>0x2</alignment>
         <input_file_ref idref="fl-21"/>
      </object_component>
      <object_component id="oc-21b">
         <name>.text.GPIOIntDisable</name>
         <load_address>0x2000fca4</load_address>
         <readonly>true</readonly>
         <executable>true</executable>
         <run_address>0x2000fca4</run_address>
         <size>0x1a</size>
         <alignment>0x2</alignment>
         <input_file_ref idref="fl-24"/>
      </object_component>
      <object_component id="oc-113">
         <name>.text.PRCMHIBRegRead</name>
         <load_address>0x2000fcbe</load_address>
         <readonly>true</readonly>
         <executable>true</executable>
         <run_address>0x2000fcbe</run_address>
         <size>0x1a</size>
         <alignment>0x2</alignment>
         <input_file_ref idref="fl-28"/>
      </object_component>
      <object_component id="oc-112">
         <name>.text.PRCMHIBRegWrite</name>
         <load_address>0x2000fcd8</load_address>
         <readonly>true</readonly>
         <executable>true</executable>
         <run_address>0x2000fcd8</run_address>
         <size>0x1a</size>
         <alignment>0x2</alignment>
         <input_file_ref idref="fl-28"/>
      </object_component>
      <object_component id="oc-180">
         <name>.text.PRCMLPDSWakeupSourceDisable</name>
         <load_address>0x2000fcf2</load_address>
         <readonly>true</readonly>
         <executable>true</executable>
         <run_address>0x2000fcf2</run_address>
         <size>0x1a</size>
         <alignment>0x2</alignment>
         <input_file_ref idref="fl-28"/>
      </object_component>
      <object_component id="oc-1e1">
         <name>.text.PinToPadGet</name>
         <load_address>0x2000fd0c</load_address>
         <readonly>true</readonly>
         <executable>true</executable>
         <run_address>0x2000fd0c</run_address>
         <size>0x1a</size>
         <alignment>0x2</alignment>
         <input_file_ref idref="fl-27"/>
      </object_component>
      <object_component id="oc-1c9">
         <name>.text.UARTFlowControlSet</name>
         <load_address>0x2000fd26</load_address>
         <readonly>true</readonly>
         <executable>true</executable>
         <run_address>0x2000fd26</run_address>
         <size>0x1a</size>
         <alignment>0x2</alignment>
         <input_file_ref idref="fl-2b"/>
      </object_component>
      <object_component id="oc-1ad">
         <name>.text.GPIOIntEnable</name>
         <load_address>0x2000fd40</load_address>
         <readonly>true</readonly>
         <executable>true</executable>
         <run_address>0x2000fd40</run_address>
         <size>0x18</size>
         <alignment>0x2</alignment>
         <input_file_ref idref="fl-24"/>
      </object_component>
      <object_component id="oc-18d">
         <name>.text.SemaphoreP_create</name>
         <load_address>0x2000fd58</load_address>
         <readonly>true</readonly>
         <executable>true</executable>
         <run_address>0x2000fd58</run_address>
         <size>0x18</size>
         <alignment>0x2</alignment>
         <input_file_ref idref="fl-1d"/>
      </object_component>
      <object_component id="oc-a6">
         <name>.text.Board_init</name>
         <load_address>0x2000fd70</load_address>
         <readonly>true</readonly>
         <executable>true</executable>
         <run_address>0x2000fd70</run_address>
         <size>0x16</size>
         <alignment>0x2</alignment>
         <input_file_ref idref="fl-3"/>
      </object_component>
      <object_component id="oc-20d">
         <name>.text.SysTickPeriodSet</name>
         <load_address>0x2000fd86</load_address>
         <readonly>true</readonly>
         <executable>true</executable>
         <run_address>0x2000fd86</run_address>
         <size>0x16</size>
         <alignment>0x2</alignment>
         <input_file_ref idref="fl-2a"/>
      </object_component>
      <object_component id="oc-1e9">
         <name>.text.UARTCharsAvail</name>
         <load_address>0x2000fd9c</load_address>
         <readonly>true</readonly>
         <executable>true</executable>
         <run_address>0x2000fd9c</run_address>
         <size>0x16</size>
         <alignment>0x2</alignment>
         <input_file_ref idref="fl-2b"/>
      </object_component>
      <object_component id="oc-1d8">
         <name>.text.UARTDMADisable</name>
         <load_address>0x2000fdb2</load_address>
         <readonly>true</readonly>
         <executable>true</executable>
         <run_address>0x2000fdb2</run_address>
         <size>0x16</size>
         <alignment>0x2</alignment>
         <input_file_ref idref="fl-2b"/>
      </object_component>
      <object_component id="oc-1c8">
         <name>.text.UARTFIFOLevelSet</name>
         <load_address>0x2000fdc8</load_address>
         <readonly>true</readonly>
         <executable>true</executable>
         <run_address>0x2000fdc8</run_address>
         <size>0x16</size>
         <alignment>0x2</alignment>
         <input_file_ref idref="fl-2b"/>
      </object_component>
      <object_component id="oc-1d7">
         <name>.text.UARTIntDisable</name>
         <load_address>0x2000fdde</load_address>
         <readonly>true</readonly>
         <executable>true</executable>
         <run_address>0x2000fdde</run_address>
         <size>0x16</size>
         <alignment>0x2</alignment>
         <input_file_ref idref="fl-2b"/>
      </object_component>
      <object_component id="oc-6c">
         <name>.text.CPUcpsid</name>
         <load_address>0x2000fdf4</load_address>
         <readonly>true</readonly>
         <executable>true</executable>
         <run_address>0x2000fdf4</run_address>
         <size>0x14</size>
         <alignment>0x2</alignment>
         <input_file_ref idref="fl-23"/>
      </object_component>
      <object_component id="oc-1a5">
         <name>.text.CPUcpsie</name>
         <load_address>0x2000fe08</load_address>
         <readonly>true</readonly>
         <executable>true</executable>
         <run_address>0x2000fe08</run_address>
         <size>0x14</size>
         <alignment>0x2</alignment>
         <input_file_ref idref="fl-23"/>
      </object_component>
      <object_component id="oc-1db">
         <name>.text.HwiP_destruct</name>
         <load_address>0x2000fe1c</load_address>
         <readonly>true</readonly>
         <executable>true</executable>
         <run_address>0x2000fe1c</run_address>
         <size>0x14</size>
         <alignment>0x2</alignment>
         <input_file_ref idref="fl-1f"/>
      </object_component>
      <object_component id="oc-73">
         <name>.text.IntVTableBaseSet</name>
         <load_address>0x2000fe30</load_address>
         <readonly>true</readonly>
         <executable>true</executable>
         <run_address>0x2000fe30</run_address>
         <size>0x14</size>
         <alignment>0x2</alignment>
         <input_file_ref idref="fl-26"/>
      </object_component>
      <object_component id="oc-1a0">
         <name>.text.Power_disablePolicy</name>
         <load_address>0x2000fe44</load_address>
         <readonly>true</readonly>
         <executable>true</executable>
         <run_address>0x2000fe44</run_address>
         <size>0x14</size>
         <alignment>0x4</alignment>
         <input_file_ref idref="fl-15"/>
[...]
         <value>0x20010101</value>
         <object_component_ref idref="oc-266"/>
      </symbol>
      <symbol id="sm-2d8">
         <name>CPUwfi</name>
         <value>0x20010089</value>
         <object_component_ref idref="oc-25c"/>
      </symbol>
      <symbol id="sm-311">
         <name>GPIODirModeSet</name>
         <value>0x2000efb9</value>
         <object_component_ref idref="oc-140"/>
      </symbol>
      <symbol id="sm-312">
         <name>GPIOIntClear</name>
         <value>0x2000fef7</value>
         <object_component_ref idref="oc-1ac"/>
      </symbol>
      <symbol id="sm-313">
         <name>GPIOIntDisable</name>
         <value>0x2000fca5</value>
         <object_component_ref idref="oc-21b"/>
      </symbol>
      <symbol id="sm-314">
         <name>GPIOIntEnable</name>
         <value>0x2000fd41</value>
         <object_component_ref idref="oc-1ad"/>
      </symbol>
      <symbol id="sm-315">
         <name>GPIOIntStatus</name>
         <value>0x2000f6e9</value>
         <object_component_ref idref="oc-1ae"/>
      </symbol>
      <symbol id="sm-316">
         <name>GPIOIntTypeSet</name>
         <value>0x2000dc4d</value>
         <object_component_ref idref="oc-1aa"/>
      </symbol>
      <symbol id="sm-317">
         <name>GPIOPinWrite</name>
         <value>0x2000fa35</value>
         <object_component_ref idref="oc-145"/>
      </symbol>
      <symbol id="sm-367">
         <name>IntDisable</name>
         <value>0x2000d891</value>
         <object_component_ref idref="oc-228"/>
      </symbol>
      <symbol id="sm-368">
         <name>IntEnable</name>
         <value>0x2000d959</value>
         <object_component_ref idref="oc-1d2"/>
      </symbol>
      <symbol id="sm-369">
         <name>IntMasterDisable</name>
         <value>0x20010115</value>
         <object_component_ref idref="oc-4a"/>
      </symbol>
      <symbol id="sm-36a">
         <name>IntMasterEnable</name>
         <value>0x2001011f</value>
         <object_component_ref idref="oc-138"/>
      </symbol>
      <symbol id="sm-36b">
         <name>IntPendClear</name>
         <value>0x2000e71b</value>
         <object_component_ref idref="oc-1cf"/>
      </symbol>
      <symbol id="sm-36c">
         <name>IntPendSet</name>
         <value>0x2000dda1</value>
         <object_component_ref idref="oc-27a"/>
      </symbol>
      <symbol id="sm-36d">
         <name>IntPrioritySet</name>
         <value>0x2000e9b1</value>
         <object_component_ref idref="oc-1d1"/>
      </symbol>
      <symbol id="sm-36e">
         <name>IntRegister</name>
         <value>0x2000fadf</value>
         <object_component_ref idref="oc-1d0"/>
      </symbol>
      <symbol id="sm-36f">
         <name>IntUnregister</name>
         <value>0x2000f915</value>
         <object_component_ref idref="oc-229"/>
      </symbol>
      <symbol id="sm-370">
         <name>IntVTableBaseSet</name>
         <value>0x2000fe31</value>
         <object_component_ref idref="oc-73"/>
      </symbol>
      <symbol id="sm-3b8">
         <name>PinConfigGet</name>
         <value>0x2000ee9d</value>
         <object_component_ref idref="oc-270"/>
      </symbol>
      <symbol id="sm-3b9">
         <name>PinConfigSet</name>
         <value>0x2000de45</value>
         <object_component_ref idref="oc-13c"/>
      </symbol>
      <symbol id="sm-3ba">
         <name>PinDirModeGet</name>
         <value>0x2000f4f1</value>
         <object_component_ref idref="oc-271"/>
      </symbol>
      <symbol id="sm-3bb">
         <name>PinDirModeSet</name>
         <value>0x2000f211</value>
         <object_component_ref idref="oc-272"/>
      </symbol>
      <symbol id="sm-3bc">
         <name>PinLock</name>
         <value>0x2000f451</value>
         <object_component_ref idref="oc-250"/>
      </symbol>
      <symbol id="sm-3bd">
         <name>PinLockLevelSet</name>
         <value>0x2000e495</value>
         <object_component_ref idref="oc-24f"/>
      </symbol>
      <symbol id="sm-3be">
         <name>PinModeGet</name>
         <value>0x2000f525</value>
         <object_component_ref idref="oc-117"/>
      </symbol>
      <symbol id="sm-3bf">
         <name>PinModeSet</name>
         <value>0x2000f10d</value>
         <object_component_ref idref="oc-11c"/>
      </symbol>
      <symbol id="sm-3c0">
         <name>PinToPadGet</name>
         <value>0x2000fd0d</value>
         <object_component_ref idref="oc-1e1"/>
      </symbol>
      <symbol id="sm-3c1">
         <name>PinTypeUART</name>
         <value>0x2000fb81</value>
         <object_component_ref idref="oc-1b2"/>
      </symbol>
      <symbol id="sm-3c2">
         <name>PinUnlock</name>
         <value>0x2000fa57</value>
         <object_component_ref idref="oc-256"/>
      </symbol>
      <symbol id="sm-474">
         <name>PRCMCC3200MCUInit</name>
         <value>0x2000c041</value>
         <object_component_ref idref="oc-d2"/>
      </symbol>
      <symbol id="sm-475">
         <name>PRCMHIBRegRead</name>
         <value>0x2000fcbf</value>
         <object_component_ref idref="oc-113"/>
      </symbol>
      <symbol id="sm-476">
         <name>PRCMHIBRegWrite</name>
         <value>0x2000fcd9</value>
         <object_component_ref idref="oc-112"/>
      </symbol>
      <symbol id="sm-477">
         <name>PRCMHibernateWakeUpGPIOSelect</name>
         <value>0x2000e33d</value>
         <object_component_ref idref="oc-182"/>
      </symbol>
      <symbol id="sm-478">
         <name>PRCMHibernateWakeupSourceDisable</name>
         <value>0x2000e8a1</value>
         <object_component_ref idref="oc-184"/>
      </symbol>
      <symbol id="sm-479">
         <name>PRCMHibernateWakeupSourceEnable</name>
         <value>0x2000eb59</value>
         <object_component_ref idref="oc-183"/>
      </symbol>
      <symbol id="sm-47a">
         <name>PRCMIntEnable</name>
         <value>0x2000ee0d</value>
         <object_component_ref idref="oc-255"/>
      </symbol>
      <symbol id="sm-47b">
         <name>PRCMLPDSEnter</name>
         <value>0x2000ea09</value>
         <object_component_ref idref="oc-25b"/>
      </symbol>
      <symbol id="sm-47c">
         <name>PRCMLPDSEnterKeepDebugIf</name>
         <value>0x2000ef2d</value>
         <object_component_ref idref="oc-25a"/>
      </symbol>
      <symbol id="sm-47d">
         <name>PRCMLPDSIntervalSet</name>
         <value>0x2000f659</value>
         <object_component_ref idref="oc-20a"/>
      </symbol>
      <symbol id="sm-47e">
         <name>PRCMLPDSRestoreInfoSet</name>
         <value>0x2000ece5</value>
         <object_component_ref idref="oc-273"/>
      </symbol>
      <symbol id="sm-47f">
         <name>PRCMLPDSWakeUpGPIOSelect</name>
         <value>0x2000f7f7</value>
         <object_component_ref idref="oc-181"/>
      </symbol>
      <symbol id="sm-480">
         <name>PRCMLPDSWakeupCauseGet</name>
         <value>0x200100a1</value>
         <object_component_ref idref="oc-258"/>
      </symbol>
      <symbol id="sm-481">
         <name>PRCMLPDSWakeupSourceDisable</name>
         <value>0x2000fcf3</value>
         <object_component_ref idref="oc-180"/>
      </symbol>
      <symbol id="sm-482">
         <name>PRCMLPDSWakeupSourceEnable</name>
         <value>0x2000f95d</value>
         <object_component_ref idref="oc-17f"/>
      </symbol>
      <symbol id="sm-483">
         <name>PRCMPeripheralClkDisable</name>
         <value>0x2000f821</value>
         <object_component_ref idref="oc-116"/>
      </symbol>
      <symbol id="sm-484">
         <name>PRCMPeripheralClkEnable</name>
         <value>0x2000e8fd</value>
         <object_component_ref idref="oc-114"/>
      </symbol>
      <symbol id="sm-485">
         <name>PRCMPeripheralReset</name>
         <value>0x2000e6b1</value>
         <object_component_ref idref="oc-115"/>
      </symbol>
      <symbol id="sm-486">
         <name>PRCMPeripheralStatusGet</name>
         <value>0x2000ee55</value>
         <object_component_ref idref="oc-1a6"/>
      </symbol>
      <symbol id="sm-487">
         <name>PRCMSRAMRetentionEnable</name>
         <value>0x2000f89d</value>
         <object_component_ref idref="oc-24d"/>
      </symbol>
      <symbol id="sm-488">
         <name>PRCMSleepEnter</name>
         <value>0x20010157</value>
         <object_component_ref idref="oc-210"/>
      </symbol>
      <symbol id="sm-489">
         <name>PRCMSlowClkCtrFastGet</name>
         <value>0x2000f689</value>
         <object_component_ref idref="oc-244"/>
      </symbol>
      <symbol id="sm-48a">
         <name>PRCMSysResetCauseGet</name>
         <value>0x2000e139</value>
         <object_component_ref idref="oc-10d"/>
      </symbol>
      <symbol id="sm-4a8">
         <name>SysTickEnable</name>
         <value>0x2000ff1b</value>
         <object_component_ref idref="oc-20e"/>
      </symbol>
      <symbol id="sm-4a9">
         <name>SysTickIntDisable</name>
         <value>0x2000ff2d</value>
         <object_component_ref idref="oc-205"/>
      </symbol>
      <symbol id="sm-4aa">
         <name>SysTickIntEnable</name>
         <value>0x2000ff3f</value>
         <object_component_ref idref="oc-20f"/>
      </symbol>
      <symbol id="sm-4ab">
         <name>SysTickPeriodSet</name>
         <value>0x2000fd87</value>
         <object_component_ref idref="oc-20d"/>
      </symbol>
      <symbol id="sm-515">
         <name>UARTBusy</name>
         <value>0x2000ffe5</value>
         <object_component_ref idref="oc-268"/>
      </symbol>
      <symbol id="sm-516">
         <name>UARTCharPutNonBlocking</name>
         <value>0x2000f487</value>
         <object_component_ref idref="oc-267"/>
      </symbol>
      <symbol id="sm-517">
         <name>UARTCharsAvail</name>
         <value>0x2000fd9d</value>
         <object_component_ref idref="oc-1e9"/>
      </symbol>
      <symbol id="sm-518">
         <name>UARTConfigSetExpClk</name>
         <value>0x2000e3b1</value>
         <object_component_ref idref="oc-1c0"/>
      </symbol>
      <symbol id="sm-519">
         <name>UARTDMADisable</name>
         <value>0x2000fdb3</value>
         <object_component_ref idref="oc-1d8"/>
      </symbol>
      <symbol id="sm-51a">
         <name>UARTDMAEnable</name>
         <value>0x2000fe81</value>
         <object_component_ref idref="oc-237"/>
      </symbol>
      <symbol id="sm-51b">
         <name>UARTDisable</name>
         <value>0x2000f773</value>
         <object_component_ref idref="oc-1da"/>
      </symbol>
      <symbol id="sm-51c">
         <name>UARTEnable</name>
         <value>0x2000fbbd</value>
         <object_component_ref idref="oc-1c6"/>
      </symbol>
      <symbol id="sm-51d">
         <name>UARTFIFOLevelSet</name>
         <value>0x2000fdc9</value>
         <object_component_ref idref="oc-1c8"/>
      </symbol>
      <symbol id="sm-51e">
         <name>UARTFlowControlSet</name>
         <value>0x2000fd27</value>
         <object_component_ref idref="oc-1c9"/>
      </symbol>
      <symbol id="sm-51f">
         <name>UARTIntClear</name>
         <value>0x2000fff5</value>
         <object_component_ref idref="oc-1c5"/>
      </symbol>
      <symbol id="sm-520">
         <name>UARTIntDisable</name>
         <value>0x2000fddf</value>
         <object_component_ref idref="oc-1d7"/>
      </symbol>
      <symbol id="sm-521">
         <name>UARTIntEnable</name>
         <value>0x2000fe95</value>
         <object_component_ref idref="oc-1c7"/>
      </symbol>
      <symbol id="sm-522">
         <name>UARTIntStatus</name>
         <value>0x2000f84b</value>
         <object_component_ref idref="oc-1e4"/>
      </symbol>
      <symbol id="sm-523">
         <name>UARTRxErrorGet</name>
         <value>0x20010005</value>
         <object_component_ref idref="oc-1e6"/>
      </symbol>
      <symbol id="sm-57c">
         <name>uDMAChannelAssign</name>
         <value>0x2000ec49</value>
         <object_component_ref idref="oc-1ca"/>
      </symbol>
      <symbol id="sm-57d">
         <name>uDMAChannelAttributeDisable</name>
         <value>0x2000e017</value>
         <object_component_ref idref="oc-1cb"/>
      </symbol>
      <symbol id="sm-57e">
         <name>uDMAChannelControlSet</name>
         <value>0x2000f1d1</value>
         <object_component_ref idref="oc-234"/>
      </symbol>
      <symbol id="sm-57f">
         <name>uDMAChannelDisable</name>
         <value>0x2000fbdb</value>
         <object_component_ref idref="oc-22e"/>
      </symbol>
      <symbol id="sm-580">
         <name>uDMAChannelEnable</name>
         <value>0x2000fbf9</value>
         <object_component_ref idref="oc-236"/>
      </symbol>
      <symbol id="sm-581">
         <name>uDMAChannelIsEnabled</name>
         <value>0x2000fc17</value>
         <object_component_ref idref="oc-1e7"/>
      </symbol>
      <symbol id="sm-582">
         <name>uDMAChannelSizeGet</name>
         <value>0x2000ed7b</value>
         <object_component_ref idref="oc-22f"/>
      </symbol>
      <symbol id="sm-583">
         <name>uDMAChannelTransferSet</name>
         <value>0x2000d4db</value>
         <object_component_ref idref="oc-235"/>
      </symbol>
      <symbol id="sm-584">
         <name>uDMAControlBaseSet</name>
         <value>0x2000febd</value>
         <object_component_ref idref="oc-1bc"/>
      </symbol>
      <symbol id="sm-585">
         <name>uDMAEnable</name>
         <value>0x20010051</value>
         <object_component_ref idref="oc-1b7"/>
      </symbol>
      <symbol id="sm-586">
         <name>uDMAErrorStatusClear</name>
         <value>0x2001005f</value>
         <object_component_ref idref="oc-27c"/>
      </symbol>
      <symbol id="sm-587">
         <name>uDMAErrorStatusGet</name>
         <value>0x200100f5</value>
         <object_component_ref idref="oc-27b"/>
      </symbol>
      <symbol id="sm-588">
         <name>uDMAIntClear</name>
         <value>0x2000fed1</value>
         <object_component_ref idref="oc-230"/>
      </symbol>
      <symbol id="sm-593">
         <name>UtilsDelay</name>
         <value>0x2001015f</value>
         <object_component_ref idref="oc-10e"/>
      </symbol>
      <symbol id="sm-5c0">
         <name>FlashDisable</name>
         <value>0x2000e845</value>
         <object_component_ref idref="oc-275"/>
      </symbol>
      <symbol id="sm-5e0">
         <name>malloc</name>
         <value>0x20010171</value>
         <object_component_ref idref="oc-1a7"/>
      </symbol>
      <symbol id="sm-5e1">
         <name>aligned_alloc</name>
         <value>0x2000d2a1</value>
         <object_component_ref idref="oc-21a"/>
      </symbol>
      <symbol id="sm-5e2">
         <name>free</name>
         <value>0x2000d5ed</value>
         <object_component_ref idref="oc-191"/>
      </symbol>
      <symbol id="sm-5e3">
         <name>_sys_memory</name>
         <value>0x20004040</value>
         <object_component_ref idref="oc-31"/>
      </symbol>
      <symbol id="sm-5e4">
         <name>memalign</name>
         <value>0x2000d2a1</value>
         <object_component_ref idref="oc-21a"/>
      </symbol>
      <symbol id="sm-5ef">
         <name>_c_int00_noargs</name>
         <value>0x2000fa11</value>
         <object_component_ref idref="oc-76"/>
      </symbol>
      <symbol id="sm-5f0">
         <name>__stack</name>
         <value>0x20003000</value>
         <object_component_ref idref="oc-16"/>
      </symbol>
      <symbol id="sm-5fc">
         <name>__TI_auto_init_nobinit_nopinit</name>
         <value>0x2000f419</value>
         <object_component_ref idref="oc-bf"/>
      </symbol>
      <symbol id="sm-604">
         <name>_system_pre_init</name>
         <value>0x200101b1</value>
         <object_component_ref idref="oc-8b"/>
      </symbol>
      <symbol id="sm-60f">
         <name>__TI_zero_init</name>
         <value>0x20010025</value>
         <object_component_ref idref="oc-49"/>
      </symbol>
      <symbol id="sm-618">
         <name>__TI_decompress_none</name>
         <value>0x2001007b</value>
         <object_component_ref idref="oc-1c"/>
      </symbol>
      <symbol id="sm-622">
         <name>__TI_decompress_lzss</name>
         <value>0x2000e425</value>
         <object_component_ref idref="oc-18"/>
      </symbol>
      <symbol id="sm-62c">
         <name>abort</name>
         <value>0x200101b5</value>
         <object_component_ref idref="oc-b8"/>
      </symbol>
      <symbol id="sm-62d">
         <name>C$$EXIT</name>
         <value>0x200101b4</value>
         <object_component_ref idref="oc-b8"/>
      </symbol>
      <symbol id="sm-636">
         <name>_nop</name>
         <value>0x2000ec97</value>
         <object_component_ref idref="oc-170"/>
      </symbol>
      <symbol id="sm-637">
         <name>_lock</name>
         <value>0x200112a4</value>
         <object_component_ref idref="oc-103"/>
      </symbol>
      <symbol id="sm-638">
         <name>_unlock</name>
         <value>0x200112a8</value>
         <object_component_ref idref="oc-106"/>
      </symbol>
      <symbol id="sm-63f">
         <name>__aeabi_memcpy</name>
         <value>0x200101ad</value>
         <object_component_ref idref="oc-3c"/>
      </symbol>
      <symbol id="sm-640">
         <name>__aeabi_memcpy4</name>
         <value>0x200101ad</value>
         <object_component_ref idref="oc-3c"/>
      </symbol>
      <symbol id="sm-641">
         <name>__aeabi_memcpy8</name>
         <value>0x200101ad</value>
         <object_component_ref idref="oc-3c"/>
      </symbol>
      <symbol id="sm-648">
         <name>__aeabi_memclr</name>
         <value>0x20010169</value>
         <object_component_ref idref="oc-67"/>
      </symbol>
      <symbol id="sm-649">
         <name>__aeabi_memclr4</name>
         <value>0x20010169</value>
         <object_component_ref idref="oc-67"/>
      </symbol>
      <symbol id="sm-64a">
         <name>__aeabi_memclr8</name>
         <value>0x20010169</value>
         <object_component_ref idref="oc-67"/>
      </symbol>
      <symbol id="sm-650">
         <name>__aeabi_uldivmod</name>
         <value>0x2000fea9</value>
         <object_component_ref idref="oc-201"/>
      </symbol>
      <symbol id="sm-656">
         <name>__udivmoddi4</name>
         <value>0x2000db9d</value>
         <object_component_ref idref="oc-245"/>
      </symbol>
      <symbol id="sm-660">
         <name>__aeabi_ldiv0</name>
         <value>0x2000ea5f</value>
         <object_component_ref idref="oc-269"/>
      </symbol>
      <symbol id="sm-668">
         <name>TI_memcpy_small</name>
         <value>0x2000ff63</value>
         <object_component_ref idref="oc-81"/>
      </symbol>
      <symbol id="sm-670">
         <name>TI_memset_small</name>
         <value>0x2001006d</value>
         <object_component_ref idref="oc-9e"/>
      </symbol>
      <symbol id="sm-671">
         <name>__TI_static_base__</name>
         <value>0x200101b8</value>
      </symbol>
      <symbol id="sm-674">
         <name>ITM_flush</name>
         <value>0x0</value>
      </symbol>
      <symbol id="sm-675">
         <name>ITM_restore</name>
         <value>0x0</value>
      </symbol>
      <symbol id="sm-676">
         <name>__mpu_init</name>
         <value>0x0</value>
      </symbol>
      <symbol id="sm-677">
         <name>_system_post_cinit</name>
         <value>0x0</value>
      </symbol>
   </symbol_table>
   <title>Link successful</title>
</link_info>
