<?xml version="1.0" encoding="ISO-8859-1" ?>
<link_info>
   <banner>TI ARM Linker PC v20.2.5.LTS</banner>
   <copyright>Copyright (c) 1996-2018 Texas Instruments Incorporated</copyright>
   <link_time>0x627c4a58</link_time>
   <link_errors>0x0</link_errors>
   <output_file>uart2echo_CC3220S_LAUNCHXL_nortos_ccs.out</output_file>
   <entry_point>
      <name>resetISR</name>
      <address>0x2000f70d</address>
   </entry_point>
   <input_file_list>
      <input_file id="fl-2">
         <path>.\</path>
         <kind>object</kind>
         <file>main_nortos.obj</file>
         <name>main_nortos.obj</name>
      </input_file>
      <input_file id="fl-3">
         <path>.\</path>
         <kind>object</kind>
         <file>uart2echo.obj</file>
         <name>uart2echo.obj</name>
      </input_file>
      <input_file id="fl-4">
         <path>.\syscfg\</path>
         <kind>object</kind>
         <file>ti_drivers_config.obj</file>
         <name>ti_drivers_config.obj</name>
      </input_file>
      <input_file id="fl-d">
         <kind>object</kind>
         <file>&lt;internal&gt;</file>
         <name>&lt;internal&gt;</name>
      </input_file>
      <input_file id="fl-e">
         <path>C:\ti\simplelink_cc32xx_sdk_6_10_00_05\source\ti\drivers\lib\ccs\m4\</path>
         <kind>archive</kind>
         <file>drivers_cc32xx.a</file>
         <name>UART2.oem4</name>
      </input_file>
      <input_file id="fl-f">
         <path>C:\ti\simplelink_cc32xx_sdk_6_10_00_05\source\ti\drivers\lib\ccs\m4\</path>
         <kind>archive</kind>
         <file>drivers_cc32xx.a</file>
         <name>RingBuf.oem4</name>
      </input_file>
      <input_file id="fl-10">
         <path>C:\ti\simplelink_cc32xx_sdk_6_10_00_05\source\ti\drivers\lib\ccs\m4\</path>
         <kind>archive</kind>
         <file>drivers_cc32xx.a</file>
         <name>GPIOCC32XX.oem4</name>
      </input_file>
      <input_file id="fl-11">
         <path>C:\ti\simplelink_cc32xx_sdk_6_10_00_05\source\ti\drivers\lib\ccs\m4\</path>
         <kind>archive</kind>
         <file>drivers_cc32xx.a</file>
         <name>PowerCC32XX.oem4</name>
      </input_file>
      <input_file id="fl-12">
         <path>C:\ti\simplelink_cc32xx_sdk_6_10_00_05\source\ti\drivers\lib\ccs\m4\</path>
         <kind>archive</kind>
         <file>drivers_cc32xx.a</file>
         <name>PowerCC32XX_asm.oem4</name>
      </input_file>
      <input_file id="fl-13">
         <path>C:\ti\simplelink_cc32xx_sdk_6_10_00_05\source\ti\drivers\lib\ccs\m4\</path>
         <kind>archive</kind>
         <file>drivers_cc32xx.a</file>
         <name>UART2CC32XX.oem4</name>
      </input_file>
      <input_file id="fl-14">
         <path>C:\ti\simplelink_cc32xx_sdk_6_10_00_05\source\ti\drivers\lib\ccs\m4\</path>
         <kind>archive</kind>
         <file>drivers_cc32xx.a</file>
         <name>List.oem4</name>
      </input_file>
      <input_file id="fl-15">
         <path>C:\ti\simplelink_cc32xx_sdk_6_10_00_05\source\ti\drivers\lib\ccs\m4\</path>
         <kind>archive</kind>
         <file>drivers_cc32xx.a</file>
         <name>UDMACC32XX.oem4</name>
      </input_file>
      <input_file id="fl-16">
         <path>C:\ti\simplelink_cc32xx_sdk_6_10_00_05\kernel\nortos\lib\ccs\m4\</path>
         <kind>archive</kind>
         <file>nortos_cc32xx.a</file>
         <name>NoRTOS.oem4</name>
      </input_file>
      <input_file id="fl-17">
         <path>C:\ti\simplelink_cc32xx_sdk_6_10_00_05\kernel\nortos\lib\ccs\m4\</path>
         <kind>archive</kind>
         <file>nortos_cc32xx.a</file>
         <name>SemaphoreP_nortos.oem4</name>
      </input_file>
      <input_file id="fl-18">
         <path>C:\ti\simplelink_cc32xx_sdk_6_10_00_05\kernel\nortos\lib\ccs\m4\</path>
         <kind>archive</kind>
         <file>nortos_cc32xx.a</file>
         <name>ClockPSysTick_nortos.oem4</name>
      </input_file>
      <input_file id="fl-19">
         <path>C:\ti\simplelink_cc32xx_sdk_6_10_00_05\kernel\nortos\lib\ccs\m4\</path>
         <kind>archive</kind>
         <file>nortos_cc32xx.a</file>
         <name>HwiPCC32XX_nortos.oem4</name>
      </input_file>
      <input_file id="fl-1a">
         <path>C:\ti\simplelink_cc32xx_sdk_6_10_00_05\kernel\nortos\lib\ccs\m4\</path>
         <kind>archive</kind>
         <file>nortos_cc32xx.a</file>
         <name>PowerCC32XX_nortos.oem4</name>
      </input_file>
      <input_file id="fl-1b">
         <path>C:\ti\simplelink_cc32xx_sdk_6_10_00_05\kernel\nortos\lib\ccs\m4\</path>
         <kind>archive</kind>
         <file>nortos_cc32xx.a</file>
         <name>startup_cc32xx_ccs.oem4</name>
      </input_file>
      <input_file id="fl-1c">
         <path>C:\ti\simplelink_cc32xx_sdk_6_10_00_05\kernel\nortos\lib\ccs\m4\</path>
         <kind>archive</kind>
         <file>nortos_cc32xx.a</file>
         <name>SwiP_nortos.oem4</name>
      </input_file>
      <input_file id="fl-1d">
         <path>C:\ti\simplelink_cc32xx_sdk_6_10_00_05\kernel\nortos\lib\ccs\m4\</path>
         <kind>archive</kind>
         <file>nortos_cc32xx.a</file>
         <name>QueueP_nortos.oem4</name>
      </input_file>
      <input_file id="fl-1e">
         <path>C:\ti\simplelink_cc32xx_sdk_6_10_00_05\source\ti\devices\cc32xx\driverlib\ccs\Release\</path>
         <kind>archive</kind>
         <file>driverlib.a</file>
         <name>cpu.obj</name>
      </input_file>
      <input_file id="fl-1f">
         <path>C:\ti\simplelink_cc32xx_sdk_6_10_00_05\source\ti\devices\cc32xx\driverlib\ccs\Release\</path>
         <kind>archive</kind>
         <file>driverlib.a</file>
         <name>interrupt.obj</name>
      </input_file>
      <input_file id="fl-20">
         <path>C:\ti\simplelink_cc32xx_sdk_6_10_00_05\source\ti\devices\cc32xx\driverlib\ccs\Release\</path>
         <kind>archive</kind>
         <file>driverlib.a</file>
         <name>pin.obj</name>
      </input_file>
      <input_file id="fl-21">
         <path>C:\ti\simplelink_cc32xx_sdk_6_10_00_05\source\ti\devices\cc32xx\driverlib\ccs\Release\</path>
         <kind>archive</kind>
         <file>driverlib.a</file>
         <name>prcm.obj</name>
      </input_file>
      <input_file id="fl-22">
         <path>C:\ti\simplelink_cc32xx_sdk_6_10_00_05\source\ti\devices\cc32xx\driverlib\ccs\Release\</path>
         <kind>archive</kind>
         <file>driverlib.a</file>
         <name>uart.obj</name>
      </input_file>
      <input_file id="fl-23">
         <path>C:\ti\simplelink_cc32xx_sdk_6_10_00_05\source\ti\devices\cc32xx\driverlib\ccs\Release\</path>
         <kind>archive</kind>
         <file>driverlib.a</file>
         <name>udma.obj</name>
      </input_file>
      <input_file id="fl-24">
         <path>C:\ti\simplelink_cc32xx_sdk_6_10_00_05\source\ti\devices\cc32xx\driverlib\ccs\Release\</path>
         <kind>archive</kind>
         <file>driverlib.a</file>
         <name>utils.obj</name>
      </input_file>
      <input_file id="fl-25">
         <path>C:\ti\simplelink_cc32xx_sdk_6_10_00_05\source\ti\devices\cc32xx\driverlib\ccs\Release\</path>
         <kind>archive</kind>
         <file>driverlib.a</file>
         <name>flash.obj</name>
      </input_file>
      <input_file id="fl-db">
         <path>C:\ti\ccs1120\ccs\tools\compiler\ti-cgt-arm_20.2.5.LTS\lib\</path>
         <kind>archive</kind>
         <file>rtsv7M4_T_le_eabi.lib</file>
         <name>ll_mul_t2.asm.obj</name>
      </input_file>
      <input_file id="fl-dc">
         <path>C:\ti\ccs1120\ccs\tools\compiler\ti-cgt-arm_20.2.5.LTS\lib\</path>
         <kind>archive</kind>
         <file>rtsv7M4_T_le_eabi.lib</file>
         <name>memcpy_t2.asm.obj</name>
      </input_file>
      <input_file id="fl-dd">
         <path>C:\ti\ccs1120\ccs\tools\compiler\ti-cgt-arm_20.2.5.LTS\lib\</path>
         <kind>archive</kind>
         <file>rtsv7M4_T_le_eabi.lib</file>
         <name>ull_div_t2.asm.obj</name>
      </input_file>
      <input_file id="fl-de">
         <path>C:\ti\ccs1120\ccs\tools\compiler\ti-cgt-arm_20.2.5.LTS\lib\</path>
         <kind>archive</kind>
         <file>rtsv7M4_T_le_eabi.lib</file>
         <name>copy_zero_init.c.obj</name>
      </input_file>
      <input_file id="fl-df">
         <path>C:\ti\ccs1120\ccs\tools\compiler\ti-cgt-arm_20.2.5.LTS\lib\</path>
         <kind>archive</kind>
         <file>rtsv7M4_T_le_eabi.lib</file>
         <name>copy_decompress_none.c.obj</name>
      </input_file>
      <input_file id="fl-e0">
         <path>C:\ti\ccs1120\ccs\tools\compiler\ti-cgt-arm_20.2.5.LTS\lib\</path>
         <kind>archive</kind>
         <file>rtsv7M4_T_le_eabi.lib</file>
         <name>copy_decompress_lzss.c.obj</name>
      </input_file>
      <input_file id="fl-e1">
         <path>C:\ti\ccs1120\ccs\tools\compiler\ti-cgt-arm_20.2.5.LTS\lib\</path>
         <kind>archive</kind>
         <file>rtsv7M4_T_le_eabi.lib</file>
         <name>memory.c.obj</name>
      </input_file>
      <input_file id="fl-e2">
         <path>C:\ti\ccs1120\ccs\tools\compiler\ti-cgt-arm_20.2.5.LTS\lib\</path>
         <kind>archive</kind>
         <file>rtsv7M4_T_le_eabi.lib</file>
         <name>boot_cortex_m.c.obj</name>
      </input_file>
      <input_file id="fl-e3">
         <path>C:\ti\ccs1120\ccs\tools\compiler\ti-cgt-arm_20.2.5.LTS\lib\</path>
         <kind>archive</kind>
         <file>rtsv7M4_T_le_eabi.lib</file>
         <name>div0.asm.obj</name>
      </input_file>
      <input_file id="fl-e4">
         <path>C:\ti\ccs1120\ccs\tools\compiler\ti-cgt-arm_20.2.5.LTS\lib\</path>
         <kind>archive</kind>
         <file>rtsv7M4_T_le_eabi.lib</file>
         <name>memset_t2.asm.obj</name>
      </input_file>
      <input_file id="fl-e5">
         <path>C:\ti\ccs1120\ccs\tools\compiler\ti-cgt-arm_20.2.5.LTS\lib\</path>
         <kind>archive</kind>
         <file>rtsv7M4_T_le_eabi.lib</file>
         <name>autoinit.c.obj</name>
      </input_file>
      <input_file id="fl-e6">
         <path>C:\ti\ccs1120\ccs\tools\compiler\ti-cgt-arm_20.2.5.LTS\lib\</path>
         <kind>archive</kind>
         <file>rtsv7M4_T_le_eabi.lib</file>
         <name>pre_init.c.obj</name>
      </input_file>
      <input_file id="fl-e7">
         <path>C:\ti\ccs1120\ccs\tools\compiler\ti-cgt-arm_20.2.5.LTS\lib\</path>
         <kind>archive</kind>
         <file>rtsv7M4_T_le_eabi.lib</file>
         <name>cpy_tbl.c.obj</name>
      </input_file>
      <input_file id="fl-e8">
         <path>C:\ti\ccs1120\ccs\tools\compiler\ti-cgt-arm_20.2.5.LTS\lib\</path>
         <kind>archive</kind>
         <file>rtsv7M4_T_le_eabi.lib</file>
         <name>exit.c.obj</name>
      </input_file>
      <input_file id="fl-e9">
         <path>C:\ti\ccs1120\ccs\tools\compiler\ti-cgt-arm_20.2.5.LTS\lib\</path>
         <kind>archive</kind>
         <file>rtsv7M4_T_le_eabi.lib</file>
         <name>_lock.c.obj</name>
      </input_file>
      <input_file id="fl-ea">
         <path>C:\ti\ccs1120\ccs\tools\compiler\ti-cgt-arm_20.2.5.LTS\lib\</path>
         <kind>archive</kind>
         <file>rtsv7M4_T_le_eabi.lib</file>
         <name>args_main.c.obj</name>
      </input_file>
   </input_file_list>
   <object_component_list>
      <object_component id="oc-1c4">
         <name>.text:PRCMCC3200MCUInit</name>
         <load_address>0x2000c040</load_address>
         <run_address>0x2000c040</run_address>
         <size>0x42c</size>
         <input_file_ref idref="fl-21"/>
      </object_component>
      <object_component id="oc-36d">
         <name>.text:UART2_writeTimeout</name>
         <load_address>0x2000c46c</load_address>
         <run_address>0x2000c46c</run_address>
         <size>0x298</size>
         <input_file_ref idref="fl-e"/>
      </object_component>
      <object_component id="oc-1ea">
         <name>.text:UART2_open</name>
         <load_address>0x2000c704</load_address>
         <run_address>0x2000c704</run_address>
         <size>0x294</size>
         <input_file_ref idref="fl-13"/>
      </object_component>
      <object_component id="oc-354">
         <name>.text:UART2CC32XX_hwiIntFxn</name>
         <load_address>0x2000c998</load_address>
         <run_address>0x2000c998</run_address>
         <size>0x234</size>
         <input_file_ref idref="fl-13"/>
      </object_component>
      <object_component id="oc-37a">
         <name>.text:UART2_readTimeout</name>
         <load_address>0x2000cbcc</load_address>
         <run_address>0x2000cbcc</run_address>
         <size>0x200</size>
         <input_file_ref idref="fl-e"/>
      </object_component>
      <object_component id="oc-3c4">
         <name>.text:PowerCC32XX_sleepPolicy</name>
         <load_address>0x2000cdcc</load_address>
         <run_address>0x2000cdcc</run_address>
         <size>0x1a0</size>
         <input_file_ref idref="fl-1a"/>
      </object_component>
      <object_component id="oc-1de">
         <name>.text:GPIO_setConfig</name>
         <load_address>0x2000cf6c</load_address>
         <run_address>0x2000cf6c</run_address>
         <size>0x154</size>
         <input_file_ref idref="fl-10"/>
      </object_component>
      <object_component id="oc-6f5">
         <name>.text:parkPins</name>
         <load_address>0x2000d0c0</load_address>
         <run_address>0x2000d0c0</run_address>
         <size>0x148</size>
         <input_file_ref idref="fl-11"/>
      </object_component>
      <object_component id="oc-5ec">
         <name>.text:Power_sleep</name>
         <load_address>0x2000d208</load_address>
         <run_address>0x2000d208</run_address>
         <size>0x138</size>
         <input_file_ref idref="fl-11"/>
      </object_component>
      <object_component id="oc-315">
         <name>.text:UART2_close</name>
         <load_address>0x2000d340</load_address>
         <run_address>0x2000d340</run_address>
         <size>0x108</size>
         <input_file_ref idref="fl-13"/>
      </object_component>
      <object_component id="oc-64e">
         <name>.text:aligned_alloc</name>
         <load_address>0x2000d448</load_address>
         <run_address>0x2000d448</run_address>
         <size>0x100</size>
         <input_file_ref idref="fl-e1"/>
      </object_component>
      <object_component id="oc-31b">
         <name>.text:UART2CC32XX_initHw</name>
         <load_address>0x2000d548</load_address>
         <run_address>0x2000d548</run_address>
         <size>0xec</size>
         <input_file_ref idref="fl-13"/>
      </object_component>
      <object_component id="oc-522">
         <name>.text:UART2Support_dmaStartRx</name>
         <load_address>0x2000d634</load_address>
         <run_address>0x2000d634</run_address>
         <size>0xe4</size>
         <input_file_ref idref="fl-13"/>
      </object_component>
      <object_component id="oc-3e2">
         <name>.text:free</name>
         <load_address>0x2000d718</load_address>
         <run_address>0x2000d718</run_address>
         <size>0xe4</size>
         <input_file_ref idref="fl-e1"/>
      </object_component>
      <object_component id="oc-534">
         <name>.text:UART2Support_dmaStartTx</name>
         <load_address>0x2000d7fc</load_address>
         <run_address>0x2000d7fc</run_address>
         <size>0xc8</size>
         <input_file_ref idref="fl-13"/>
      </object_component>
      <object_component id="oc-712">
         <name>.text:restoreParkedPins</name>
         <load_address>0x2000d8c4</load_address>
         <run_address>0x2000d8c4</run_address>
         <size>0xc0</size>
         <input_file_ref idref="fl-11"/>
      </object_component>
      <object_component id="oc-164">
         <name>.text:mainThread</name>
         <load_address>0x2000d984</load_address>
         <run_address>0x2000d984</run_address>
         <size>0xb0</size>
         <input_file_ref idref="fl-3"/>
      </object_component>
      <object_component id="oc-b5">
         <name>.text:IntEnable</name>
         <load_address>0x2000da34</load_address>
         <run_address>0x2000da34</run_address>
         <size>0xa8</size>
         <input_file_ref idref="fl-1f"/>
      </object_component>
      <object_component id="oc-269">
         <name>.text:PowerCC32XX_configureWakeup</name>
         <load_address>0x2000dadc</load_address>
         <run_address>0x2000dadc</run_address>
         <size>0xa8</size>
         <input_file_ref idref="fl-11"/>
      </object_component>
      <object_component id="oc-28e">
         <name>.text:SemaphoreP_pend</name>
         <load_address>0x2000db84</load_address>
         <run_address>0x2000db84</run_address>
         <size>0xa0</size>
         <input_file_ref idref="fl-17"/>
      </object_component>
      <object_component id="oc-3b">
         <name>.text</name>
         <load_address>0x2000dc24</load_address>
         <run_address>0x2000dc24</run_address>
         <size>0x9c</size>
         <input_file_ref idref="fl-dc"/>
      </object_component>
      <object_component id="oc-5e7">
         <name>.text</name>
         <load_address>0x2000dcc0</load_address>
         <run_address>0x2000dcc0</run_address>
         <size>0x96</size>
         <input_file_ref idref="fl-dd"/>
      </object_component>
      <object_component id="oc-1d6">
         <name>.text:Board_initHook</name>
         <load_address>0x2000dd56</load_address>
         <run_address>0x2000dd56</run_address>
         <size>0x2</size>
         <input_file_ref idref="fl-4"/>
      </object_component>
      <object_component id="oc-1d0">
         <name>.text:GPIO_init</name>
         <load_address>0x2000dd58</load_address>
         <run_address>0x2000dd58</run_address>
         <size>0x90</size>
         <input_file_ref idref="fl-10"/>
      </object_component>
      <object_component id="oc-706">
         <name>.text:restoreNVICRegs</name>
         <load_address>0x2000dde8</load_address>
         <run_address>0x2000dde8</run_address>
         <size>0x90</size>
         <input_file_ref idref="fl-11"/>
      </object_component>
      <object_component id="oc-327">
         <name>.text:HwiP_construct</name>
         <load_address>0x2000de78</load_address>
         <run_address>0x2000de78</run_address>
         <size>0x8c</size>
         <input_file_ref idref="fl-19"/>
      </object_component>
      <object_component id="oc-7a0">
         <name>.text:IntPendSet</name>
         <load_address>0x2000df04</load_address>
         <run_address>0x2000df04</run_address>
         <size>0x88</size>
         <input_file_ref idref="fl-1f"/>
      </object_component>
      <object_component id="oc-2b5">
         <name>.text:PinConfigSet</name>
         <load_address>0x2000df8c</load_address>
         <run_address>0x2000df8c</run_address>
         <size>0x88</size>
         <input_file_ref idref="fl-20"/>
      </object_component>
      <object_component id="oc-1ca">
         <name>.text:Power_init</name>
         <load_address>0x2000e014</load_address>
         <run_address>0x2000e014</run_address>
         <size>0x84</size>
         <input_file_ref idref="fl-11"/>
      </object_component>
      <object_component id="oc-6fb">
         <name>.text:saveNVICRegs</name>
         <load_address>0x2000e098</load_address>
         <run_address>0x2000e098</run_address>
         <size>0x84</size>
         <input_file_ref idref="fl-11"/>
      </object_component>
      <object_component id="oc-1fc">
         <name>.text:GPIO_write</name>
         <load_address>0x2000e11c</load_address>
         <run_address>0x2000e11c</run_address>
         <size>0x80</size>
         <input_file_ref idref="fl-10"/>
      </object_component>
      <object_component id="oc-2bb">
         <name>.text:Power_setDependency</name>
         <load_address>0x2000e19c</load_address>
         <run_address>0x2000e19c</run_address>
         <size>0x80</size>
         <input_file_ref idref="fl-11"/>
      </object_component>
      <object_component id="oc-30f">
         <name>.text:UDMACC32XX_open</name>
         <load_address>0x2000e21c</load_address>
         <run_address>0x2000e21c</run_address>
         <size>0x7c</size>
         <input_file_ref idref="fl-15"/>
      </object_component>
      <object_component id="oc-9d">
         <name>.text</name>
         <load_address>0x2000e298</load_address>
         <run_address>0x2000e298</run_address>
         <size>0x7a</size>
         <input_file_ref idref="fl-e4"/>
      </object_component>
      <object_component id="oc-528">
         <name>.text:UART2CC32XX_readCallback</name>
         <load_address>0x2000e312</load_address>
         <run_address>0x2000e312</run_address>
         <size>0x74</size>
         <input_file_ref idref="fl-13"/>
      </object_component>
      <object_component id="oc-3be">
         <name>.text:PowerCC32XX_initPolicy</name>
         <load_address>0x2000e386</load_address>
         <run_address>0x2000e386</run_address>
         <size>0x2</size>
         <input_file_ref idref="fl-1a"/>
      </object_component>
      <object_component id="oc-2ad">
         <name>.text:powerNotifyFxn</name>
         <load_address>0x2000e388</load_address>
         <run_address>0x2000e388</run_address>
         <size>0x74</size>
         <input_file_ref idref="fl-10"/>
      </object_component>
      <object_component id="oc-741">
         <name>.text:split</name>
         <load_address>0x2000e3fc</load_address>
         <run_address>0x2000e3fc</run_address>
         <size>0x70</size>
         <input_file_ref idref="fl-e1"/>
      </object_component>
      <object_component id="oc-14">
         <name>.text:decompress:lzss:__TI_decompress_lzss</name>
         <load_address>0x2000e46c</load_address>
         <run_address>0x2000e46c</run_address>
         <size>0x68</size>
         <input_file_ref idref="fl-e0"/>
      </object_component>
      <object_component id="oc-2cd">
         <name>.text:GPIO_setInterruptConfig</name>
         <load_address>0x2000e4d4</load_address>
         <run_address>0x2000e4d4</run_address>
         <size>0x64</size>
         <input_file_ref idref="fl-10"/>
      </object_component>
      <object_component id="oc-303">
         <name>.text:PowerCC32XX_setParkState</name>
         <load_address>0x2000e538</load_address>
         <run_address>0x2000e538</run_address>
         <size>0x64</size>
         <input_file_ref idref="fl-11"/>
      </object_component>
      <object_component id="oc-4d4">
         <name>.text:uDMAChannelAttributeDisable</name>
         <load_address>0x2000e59c</load_address>
         <run_address>0x2000e59c</run_address>
         <size>0x64</size>
         <input_file_ref idref="fl-23"/>
      </object_component>
      <object_component id="oc-2dc">
         <name>.text:GPIO_hwiIntFxn</name>
         <load_address>0x2000e600</load_address>
         <run_address>0x2000e600</run_address>
         <size>0x60</size>
         <input_file_ref idref="fl-10"/>
      </object_component>
      <object_component id="oc-237">
         <name>.text:PRCMSysResetCauseGet</name>
         <load_address>0x2000e660</load_address>
         <run_address>0x2000e660</run_address>
         <size>0x60</size>
         <input_file_ref idref="fl-21"/>
      </object_component>
      <object_component id="oc-52e">
         <name>.text:UART2Support_dmaStopTx</name>
         <load_address>0x2000e6c0</load_address>
         <run_address>0x2000e6c0</run_address>
         <size>0x5e</size>
         <input_file_ref idref="fl-13"/>
      </object_component>
      <object_component id="oc-497">
         <name>.text:SemaphoreP_destruct</name>
         <load_address>0x2000e71e</load_address>
         <run_address>0x2000e71e</run_address>
         <size>0x2</size>
         <input_file_ref idref="fl-17"/>
      </object_component>
      <object_component id="oc-691">
         <name>.text:sysTickInit</name>
         <load_address>0x2000e720</load_address>
         <run_address>0x2000e720</run_address>
         <size>0x5c</size>
         <input_file_ref idref="fl-18"/>
      </object_component>
      <object_component id="oc-250">
         <name>.text:PRCMPeripheralReset</name>
         <load_address>0x2000e77c</load_address>
         <run_address>0x2000e77c</run_address>
         <size>0x58</size>
         <input_file_ref idref="fl-21"/>
      </object_component>
      <object_component id="oc-4a9">
         <name>.text:Power_releaseDependency</name>
         <load_address>0x2000e7d4</load_address>
         <run_address>0x2000e7d4</run_address>
         <size>0x58</size>
         <input_file_ref idref="fl-11"/>
      </object_component>
      <object_component id="oc-77d">
         <name>.text:PowerCC32XX_resumeLPDS</name>
         <load_address>0x2000e82c</load_address>
         <run_address>0x2000e82c</run_address>
         <size>0x52</size>
         <input_file_ref idref="fl-12"/>
      </object_component>
      <object_component id="oc-348">
         <name>.text:UART2CC32XX_eventCallback</name>
         <load_address>0x2000e87e</load_address>
         <run_address>0x2000e87e</run_address>
         <size>0x2</size>
         <input_file_ref idref="fl-13"/>
      </object_component>
      <object_component id="oc-79">
         <name>.text:ClockP_sysTickHandler</name>
         <load_address>0x2000e880</load_address>
         <run_address>0x2000e880</run_address>
         <size>0x50</size>
         <input_file_ref idref="fl-18"/>
      </object_component>
      <object_component id="oc-333">
         <name>.text:SemaphoreP_construct</name>
         <load_address>0x2000e8d0</load_address>
         <run_address>0x2000e8d0</run_address>
         <size>0x50</size>
         <input_file_ref idref="fl-17"/>
      </object_component>
      <object_component id="oc-51c">
         <name>.text:UART2Support_dmaStopRx</name>
         <load_address>0x2000e920</load_address>
         <run_address>0x2000e920</run_address>
         <size>0x50</size>
         <input_file_ref idref="fl-13"/>
      </object_component>
      <object_component id="oc-774">
         <name>.text:PowerCC32XX_parkPin</name>
         <load_address>0x2000e970</load_address>
         <run_address>0x2000e970</run_address>
         <size>0x4c</size>
         <input_file_ref idref="fl-11"/>
      </object_component>
      <object_component id="oc-70c">
         <name>.text:restorePeriphClocks</name>
         <load_address>0x2000e9bc</load_address>
         <run_address>0x2000e9bc</run_address>
         <size>0x4c</size>
         <input_file_ref idref="fl-11"/>
      </object_component>
      <object_component id="oc-798">
         <name>.text:FlashDisable</name>
         <load_address>0x2000ea08</load_address>
         <run_address>0x2000ea08</run_address>
         <size>0x48</size>
         <input_file_ref idref="fl-25"/>
      </object_component>
      <object_component id="oc-442">
         <name>.text:GPIO_disableInt</name>
         <load_address>0x2000ea50</load_address>
         <run_address>0x2000ea50</run_address>
         <size>0x48</size>
         <input_file_ref idref="fl-10"/>
      </object_component>
      <object_component id="oc-2d3">
         <name>.text:GPIO_enableInt</name>
         <load_address>0x2000ea98</load_address>
         <run_address>0x2000ea98</run_address>
         <size>0x48</size>
         <input_file_ref idref="fl-10"/>
      </object_component>
      <object_component id="oc-718">
         <name>.text:PRCMLPDSEnter</name>
         <load_address>0x2000eae0</load_address>
         <run_address>0x2000eae0</run_address>
         <size>0x48</size>
         <input_file_ref idref="fl-21"/>
      </object_component>
      <object_component id="oc-24a">
         <name>.text:PRCMPeripheralClkEnable</name>
         <load_address>0x2000eb28</load_address>
         <run_address>0x2000eb28</run_address>
         <size>0x48</size>
         <input_file_ref idref="fl-21"/>
      </object_component>
      <object_component id="oc-546">
         <name>.text:Power_releaseConstraint</name>
         <load_address>0x2000eb70</load_address>
         <run_address>0x2000eb70</run_address>
         <size>0x48</size>
         <input_file_ref idref="fl-11"/>
      </object_component>
      <object_component id="oc-504">
         <name>.text:RingBuf_put</name>
         <load_address>0x2000ebb8</load_address>
         <run_address>0x2000ebb8</run_address>
         <size>0x46</size>
         <input_file_ref idref="fl-f"/>
      </object_component>
      <object_component id="oc-386">
         <name>.text:_nop</name>
         <load_address>0x2000ebfe</load_address>
         <run_address>0x2000ebfe</run_address>
         <size>0x2</size>
         <input_file_ref idref="fl-e9"/>
      </object_component>
      <object_component id="oc-57f">
         <name>.text:ClockP_stop</name>
         <load_address>0x2000ec00</load_address>
         <run_address>0x2000ec00</run_address>
         <size>0x44</size>
         <input_file_ref idref="fl-18"/>
      </object_component>
      <object_component id="oc-782">
         <name>.text:PRCMLPDSRestoreInfoSet</name>
         <load_address>0x2000ec44</load_address>
         <run_address>0x2000ec44</run_address>
         <size>0x44</size>
         <input_file_ref idref="fl-21"/>
      </object_component>
      <object_component id="oc-701">
         <name>.text:PowerCC32XX_enterLPDS</name>
         <load_address>0x2000ec88</load_address>
         <run_address>0x2000ec88</run_address>
         <size>0x44</size>
         <input_file_ref idref="fl-12"/>
      </object_component>
      <object_component id="oc-29a">
         <name>.text:SemaphoreP_post</name>
         <load_address>0x2000eccc</load_address>
         <run_address>0x2000eccc</run_address>
         <size>0x44</size>
         <input_file_ref idref="fl-17"/>
      </object_component>
      <object_component id="oc-603">
         <name>.text:SwiP_restore</name>
         <load_address>0x2000ed10</load_address>
         <run_address>0x2000ed10</run_address>
         <size>0x44</size>
         <input_file_ref idref="fl-1c"/>
      </object_component>
      <object_component id="oc-6c2">
         <name>.text:UART2Support_enableInts</name>
         <load_address>0x2000ed54</load_address>
         <run_address>0x2000ed54</run_address>
         <size>0x44</size>
         <input_file_ref idref="fl-13"/>
      </object_component>
      <object_component id="oc-177">
         <name>.text:__TI_auto_init_nobinit_nopinit:__TI_auto_init_nobinit_nopinit</name>
         <load_address>0x2000ed98</load_address>
         <run_address>0x2000ed98</run_address>
         <size>0x44</size>
         <input_file_ref idref="fl-e5"/>
      </object_component>
      <object_component id="oc-33f">
         <name>.text:ClockP_construct</name>
         <load_address>0x2000eddc</load_address>
         <run_address>0x2000eddc</run_address>
         <size>0x40</size>
         <input_file_ref idref="fl-18"/>
      </object_component>
      <object_component id="oc-262">
         <name>.text:PinModeSet</name>
         <load_address>0x2000ee1c</load_address>
         <run_address>0x2000ee1c</run_address>
         <size>0x40</size>
         <input_file_ref idref="fl-20"/>
      </object_component>
      <object_component id="oc-374">
         <name>.text:UART2_readFull</name>
         <load_address>0x2000ee5c</load_address>
         <run_address>0x2000ee5c</run_address>
         <size>0x40</size>
         <input_file_ref idref="fl-e"/>
      </object_component>
      <object_component id="oc-309">
         <name>.text:UDMACC32XX_init</name>
         <load_address>0x2000ee9c</load_address>
         <run_address>0x2000ee9c</run_address>
         <size>0x40</size>
         <input_file_ref idref="fl-15"/>
      </object_component>
      <object_component id="oc-540">
         <name>.text:RingBuf_putAdvance</name>
         <load_address>0x2000eedc</load_address>
         <run_address>0x2000eedc</run_address>
         <size>0x3e</size>
         <input_file_ref idref="fl-f"/>
      </object_component>
      <object_component id="oc-73">
         <name>.text:busFaultHandler</name>
         <load_address>0x2000ef1a</load_address>
         <run_address>0x2000ef1a</run_address>
         <size>0x2</size>
         <input_file_ref idref="fl-1b"/>
      </object_component>
      <object_component id="oc-401">
         <name>.text:ClockP_destruct</name>
         <load_address>0x2000ef1c</load_address>
         <run_address>0x2000ef1c</run_address>
         <size>0x3c</size>
         <input_file_ref idref="fl-18"/>
      </object_component>
      <object_component id="oc-6ab">
         <name>.text:Power_setConstraint</name>
         <load_address>0x2000ef58</load_address>
         <run_address>0x2000ef58</run_address>
         <size>0x3c</size>
         <input_file_ref idref="fl-11"/>
      </object_component>
      <object_component id="oc-58d">
         <name>.text:UART2Support_dmaRefreshRx</name>
         <load_address>0x2000ef94</load_address>
         <run_address>0x2000ef94</run_address>
         <size>0x3c</size>
         <input_file_ref idref="fl-13"/>
      </object_component>
      <object_component id="oc-5e1">
         <name>.text:getCountsRTC</name>
         <load_address>0x2000efd0</load_address>
         <run_address>0x2000efd0</run_address>
         <size>0x3a</size>
         <input_file_ref idref="fl-1a"/>
      </object_component>
      <object_component id="oc-407">
         <name>.text:clkFxn</name>
         <load_address>0x2000f00a</load_address>
         <run_address>0x2000f00a</run_address>
         <size>0x2</size>
         <input_file_ref idref="fl-17"/>
      </object_component>
      <object_component id="oc-71e">
         <name>.text:PRCMLPDSEnterKeepDebugIf</name>
         <load_address>0x2000f00c</load_address>
         <run_address>0x2000f00c</run_address>
         <size>0x38</size>
         <input_file_ref idref="fl-21"/>
      </object_component>
      <object_component id="oc-587">
         <name>.text:UART2_rxEnable</name>
         <load_address>0x2000f044</load_address>
         <run_address>0x2000f044</run_address>
         <size>0x38</size>
         <input_file_ref idref="fl-e"/>
      </object_component>
      <object_component id="oc-db">
         <name>.text:addToList</name>
         <load_address>0x2000f07c</load_address>
         <run_address>0x2000f07c</run_address>
         <size>0x38</size>
         <input_file_ref idref="fl-18"/>
      </object_component>
      <object_component id="oc-59">
         <name>.text:initVectors</name>
         <load_address>0x2000f0b4</load_address>
         <run_address>0x2000f0b4</run_address>
         <size>0x38</size>
         <input_file_ref idref="fl-1b"/>
      </object_component>
      <object_component id="oc-6ef">
         <name>.text:notify</name>
         <load_address>0x2000f0ec</load_address>
         <run_address>0x2000f0ec</run_address>
         <size>0x38</size>
         <input_file_ref idref="fl-11"/>
      </object_component>
      <object_component id="oc-485">
         <name>.text:UART2_rxDisable</name>
         <load_address>0x2000f124</load_address>
         <run_address>0x2000f124</run_address>
         <size>0x36</size>
         <input_file_ref idref="fl-e"/>
      </object_component>
      <object_component id="oc-6d">
         <name>.text:defaultHandler</name>
         <load_address>0x2000f15a</load_address>
         <run_address>0x2000f15a</run_address>
         <size>0x2</size>
         <input_file_ref idref="fl-1b"/>
      </object_component>
      <object_component id="oc-5cf">
         <name>.text:ClockP_getTicksUntilInterrupt</name>
         <load_address>0x2000f15c</load_address>
         <run_address>0x2000f15c</run_address>
         <size>0x34</size>
         <input_file_ref idref="fl-18"/>
      </object_component>
      <object_component id="oc-4f3">
         <name>.text:ClockP_startup</name>
         <load_address>0x2000f190</load_address>
         <run_address>0x2000f190</run_address>
         <size>0x34</size>
         <input_file_ref idref="fl-18"/>
      </object_component>
      <object_component id="oc-25c">
         <name>.text:PinModeGet</name>
         <load_address>0x2000f1c4</load_address>
         <run_address>0x2000f1c4</run_address>
         <size>0x34</size>
         <input_file_ref idref="fl-20"/>
      </object_component>
      <object_component id="oc-4af">
         <name>.text:PowerCC32XX_restoreParkState</name>
         <load_address>0x2000f1f8</load_address>
         <run_address>0x2000f1f8</run_address>
         <size>0x34</size>
         <input_file_ref idref="fl-11"/>
      </object_component>
      <object_component id="oc-599">
         <name>.text:RingBuf_getConsume</name>
         <load_address>0x2000f22c</load_address>
         <run_address>0x2000f22c</run_address>
         <size>0x34</size>
         <input_file_ref idref="fl-f"/>
      </object_component>
      <object_component id="oc-53a">
         <name>.text:RingBuf_putPointer</name>
         <load_address>0x2000f260</load_address>
         <run_address>0x2000f260</run_address>
         <size>0x34</size>
         <input_file_ref idref="fl-f"/>
      </object_component>
      <object_component id="oc-567">
         <name>.text:UART2Support_sendData</name>
         <load_address>0x2000f294</load_address>
         <run_address>0x2000f294</run_address>
         <size>0x34</size>
         <input_file_ref idref="fl-13"/>
      </object_component>
      <object_component id="oc-49d">
         <name>.text:UDMACC32XX_close</name>
         <load_address>0x2000f2c8</load_address>
         <run_address>0x2000f2c8</run_address>
         <size>0x34</size>
         <input_file_ref idref="fl-15"/>
      </object_component>
      <object_component id="oc-666">
         <name>.text:UART2Support_disableRx</name>
         <load_address>0x2000f2fc</load_address>
         <run_address>0x2000f2fc</run_address>
         <size>0x32</size>
         <input_file_ref idref="fl-13"/>
      </object_component>
      <object_component id="oc-67">
         <name>.text:faultISR</name>
         <load_address>0x2000f32e</load_address>
         <run_address>0x2000f32e</run_address>
         <size>0x2</size>
         <input_file_ref idref="fl-1b"/>
      </object_component>
      <object_component id="oc-3ef">
         <name>.text:ClockP_start</name>
         <load_address>0x2000f330</load_address>
         <run_address>0x2000f330</run_address>
         <size>0x30</size>
         <input_file_ref idref="fl-18"/>
      </object_component>
      <object_component id="oc-791">
         <name>.text:PowerCC32XX_restoreParkedPin</name>
         <load_address>0x2000f360</load_address>
         <run_address>0x2000f360</run_address>
         <size>0x30</size>
         <input_file_ref idref="fl-11"/>
      </object_component>
      <object_component id="oc-48b">
         <name>.text:UARTDisable</name>
         <load_address>0x2000f390</load_address>
         <run_address>0x2000f390</run_address>
         <size>0x30</size>
         <input_file_ref idref="fl-22"/>
      </object_component>
      <object_component id="oc-2fd">
         <name>.text:PowerCC32XX_getParkState</name>
         <load_address>0x2000f3c0</load_address>
         <run_address>0x2000f3c0</run_address>
         <size>0x2c</size>
         <input_file_ref idref="fl-11"/>
      </object_component>
      <object_component id="oc-2c7">
         <name>.text:HwiP_create</name>
         <load_address>0x2000f3ec</load_address>
         <run_address>0x2000f3ec</run_address>
         <size>0x2a</size>
         <input_file_ref idref="fl-19"/>
      </object_component>
      <object_component id="oc-593">
         <name>.text:RingBuf_getPointer</name>
         <load_address>0x2000f416</load_address>
         <run_address>0x2000f416</run_address>
         <size>0x2a</size>
         <input_file_ref idref="fl-f"/>
      </object_component>
      <object_component id="oc-256">
         <name>.text:PRCMPeripheralClkDisable</name>
         <load_address>0x2000f440</load_address>
         <run_address>0x2000f440</run_address>
         <size>0x28</size>
         <input_file_ref idref="fl-21"/>
      </object_component>
      <object_component id="oc-294">
         <name>.text:Power_registerNotify</name>
         <load_address>0x2000f468</load_address>
         <run_address>0x2000f468</run_address>
         <size>0x28</size>
         <input_file_ref idref="fl-11"/>
      </object_component>
      <object_component id="oc-639">
         <name>.text:free_list_insert</name>
         <load_address>0x2000f490</load_address>
         <run_address>0x2000f490</run_address>
         <size>0x28</size>
         <input_file_ref idref="fl-e1"/>
      </object_component>
      <object_component id="oc-516">
         <name>.text:uDMAChannelIsEnabled</name>
         <load_address>0x2000f4b8</load_address>
         <run_address>0x2000f4b8</run_address>
         <size>0x28</size>
         <input_file_ref idref="fl-23"/>
      </object_component>
      <object_component id="oc-411">
         <name>.text:List_put</name>
         <load_address>0x2000f4e0</load_address>
         <run_address>0x2000f4e0</run_address>
         <size>0x26</size>
         <input_file_ref idref="fl-14"/>
      </object_component>
      <object_component id="oc-677">
         <name>.text:List_remove</name>
         <load_address>0x2000f506</load_address>
         <run_address>0x2000f506</run_address>
         <size>0x26</size>
         <input_file_ref idref="fl-14"/>
      </object_component>
      <object_component id="oc-4e8">
         <name>.text:HwiP_dispatch</name>
         <load_address>0x2000f52c</load_address>
         <run_address>0x2000f52c</run_address>
         <size>0x24</size>
         <input_file_ref idref="fl-19"/>
      </object_component>
      <object_component id="oc-2f1">
         <name>.text:PowerCC32XX_reset</name>
         <load_address>0x2000f550</load_address>
         <run_address>0x2000f550</run_address>
         <size>0x24</size>
         <input_file_ref idref="fl-11"/>
      </object_component>
      <object_component id="oc-4c8">
         <name>.text:UARTEnable</name>
         <load_address>0x2000f574</load_address>
         <run_address>0x2000f574</run_address>
         <size>0x24</size>
         <input_file_ref idref="fl-22"/>
      </object_component>
      <object_component id="oc-c5">
         <name>.text:_c_int00_noargs:_c_int00_noargs</name>
         <load_address>0x2000f598</load_address>
         <run_address>0x2000f598</run_address>
         <size>0x24</size>
         <input_file_ref idref="fl-e2"/>
      </object_component>
      <object_component id="oc-360">
         <name>.text:UART2CC32XX_writeTimeout</name>
         <load_address>0x2000f5bc</load_address>
         <run_address>0x2000f5bc</run_address>
         <size>0x22</size>
         <input_file_ref idref="fl-13"/>
      </object_component>
      <object_component id="oc-491">
         <name>.text:HwiP_destruct</name>
         <load_address>0x2000f5de</load_address>
         <run_address>0x2000f5de</run_address>
         <size>0x20</size>
         <input_file_ref idref="fl-19"/>
      </object_component>
      <object_component id="oc-61">
         <name>.text:nmiISR</name>
         <load_address>0x2000f5fe</load_address>
         <run_address>0x2000f5fe</run_address>
         <size>0x2</size>
         <input_file_ref idref="fl-1b"/>
      </object_component>
      <object_component id="oc-4a3">
         <name>.text:Power_unregisterNotify</name>
         <load_address>0x2000f600</load_address>
         <run_address>0x2000f600</run_address>
         <size>0x20</size>
         <input_file_ref idref="fl-11"/>
      </object_component>
      <object_component id="oc-2eb">
         <name>.text:UART2CC32XX_getPowerMgrId</name>
         <load_address>0x2000f620</load_address>
         <run_address>0x2000f620</run_address>
         <size>0x20</size>
         <input_file_ref idref="fl-13"/>
      </object_component>
      <object_component id="oc-1f6">
         <name>.text:UART2_read</name>
         <load_address>0x2000f640</load_address>
         <run_address>0x2000f640</run_address>
         <size>0x20</size>
         <input_file_ref idref="fl-e"/>
      </object_component>
      <object_component id="oc-32d">
         <name>.text:SemaphoreP_constructBinary</name>
         <load_address>0x2000f660</load_address>
         <run_address>0x2000f660</run_address>
         <size>0x1e</size>
         <input_file_ref idref="fl-17"/>
      </object_component>
      <object_component id="oc-46d">
         <name>.text:postNotifyFxn</name>
         <load_address>0x2000f67e</load_address>
         <run_address>0x2000f67e</run_address>
         <size>0x1e</size>
         <input_file_ref idref="fl-15"/>
      </object_component>
      <object_component id="oc-4b5">
         <name>.text:PinToPadGet</name>
         <load_address>0x2000f69c</load_address>
         <run_address>0x2000f69c</run_address>
         <size>0x1c</size>
         <input_file_ref idref="fl-20"/>
      </object_component>
      <object_component id="oc-5c3">
         <name>.text:SwiP_disable</name>
         <load_address>0x2000f6b8</load_address>
         <run_address>0x2000f6b8</run_address>
         <size>0x1c</size>
         <input_file_ref idref="fl-1c"/>
      </object_component>
      <object_component id="oc-633">
         <name>.text:free_list_remove</name>
         <load_address>0x2000f6d4</load_address>
         <run_address>0x2000f6d4</run_address>
         <size>0x1c</size>
         <input_file_ref idref="fl-e1"/>
      </object_component>
      <object_component id="oc-276">
         <name>.text:SemaphoreP_createBinary</name>
         <load_address>0x2000f6f0</load_address>
         <run_address>0x2000f6f0</run_address>
         <size>0x1a</size>
         <input_file_ref idref="fl-17"/>
      </object_component>
      <object_component id="oc-6e9">
         <name>.text</name>
         <load_address>0x2000f70a</load_address>
         <run_address>0x2000f70a</run_address>
         <size>0x2</size>
         <input_file_ref idref="fl-e3"/>
      </object_component>
      <object_component id="oc-21">
         <name>.text:resetISR</name>
         <load_address>0x2000f70c</load_address>
         <run_address>0x2000f70c</run_address>
         <size>0x1a</size>
         <input_file_ref idref="fl-1b"/>
      </object_component>
      <object_component id="oc-5d5">
         <name>.text:Power_getTransitionLatency</name>
         <load_address>0x2000f728</load_address>
         <run_address>0x2000f728</run_address>
         <size>0x18</size>
         <input_file_ref idref="fl-11"/>
      </object_component>
      <object_component id="oc-732">
         <name>.text:Power_idleFunc</name>
         <load_address>0x2000f740</load_address>
         <run_address>0x2000f740</run_address>
         <size>0x18</size>
         <input_file_ref idref="fl-11"/>
      </object_component>
      <object_component id="oc-56d">
         <name>.text:UART2Support_txDone</name>
         <load_address>0x2000f758</load_address>
         <run_address>0x2000f758</run_address>
         <size>0x18</size>
         <input_file_ref idref="fl-13"/>
      </object_component>
      <object_component id="oc-1e4">
         <name>.text:UART2_Params_init</name>
         <load_address>0x2000f770</load_address>
         <run_address>0x2000f770</run_address>
         <size>0x18</size>
         <input_file_ref idref="fl-e"/>
      </object_component>
      <object_component id="oc-47f">
         <name>.text:UARTDMADisable</name>
         <load_address>0x2000f788</load_address>
         <run_address>0x2000f788</run_address>
         <size>0x18</size>
         <input_file_ref idref="fl-22"/>
      </object_component>
      <object_component id="oc-479">
         <name>.text:UARTIntDisable</name>
         <load_address>0x2000f7a0</load_address>
         <run_address>0x2000f7a0</run_address>
         <size>0x18</size>
         <input_file_ref idref="fl-22"/>
      </object_component>
      <object_component id="oc-4ce">
         <name>.text:UARTIntEnable</name>
         <load_address>0x2000f7b8</load_address>
         <run_address>0x2000f7b8</run_address>
         <size>0x18</size>
         <input_file_ref idref="fl-22"/>
      </object_component>
      <object_component id="oc-5f2">
         <name>.text</name>
         <load_address>0x2000f7d0</load_address>
         <run_address>0x2000f7d0</run_address>
         <size>0x18</size>
         <input_file_ref idref="fl-db"/>
      </object_component>
      <object_component id="oc-244">
         <name>.text:PRCMHIBRegRead</name>
         <load_address>0x2000f7e8</load_address>
         <run_address>0x2000f7e8</run_address>
         <size>0x16</size>
         <input_file_ref idref="fl-21"/>
      </object_component>
      <object_component id="oc-23e">
         <name>.text:PRCMHIBRegWrite</name>
         <load_address>0x2000f7fe</load_address>
         <run_address>0x2000f7fe</run_address>
         <size>0x16</size>
         <input_file_ref idref="fl-21"/>
      </object_component>
      <object_component id="oc-3d7">
         <name>.text:SemaphoreP_create</name>
         <load_address>0x2000f814</load_address>
         <run_address>0x2000f814</run_address>
         <size>0x16</size>
         <input_file_ref idref="fl-17"/>
      </object_component>
      <object_component id="oc-158">
         <name>.text:Board_init</name>
         <load_address>0x2000f82a</load_address>
         <run_address>0x2000f82a</run_address>
         <size>0x14</size>
         <input_file_ref idref="fl-4"/>
      </object_component>
      <object_component id="oc-a3">
         <name>.text:CPUcpsid</name>
         <load_address>0x2000f83e</load_address>
         <run_address>0x2000f83e</run_address>
         <size>0x14</size>
         <input_file_ref idref="fl-1e"/>
      </object_component>
      <object_component id="oc-41d">
         <name>.text:HwiP_inISR</name>
         <load_address>0x2000f854</load_address>
         <run_address>0x2000f854</run_address>
         <size>0x14</size>
         <input_file_ref idref="fl-19"/>
      </object_component>
      <object_component id="oc-af">
         <name>.text:IntVTableBaseSet</name>
         <load_address>0x2000f868</load_address>
         <run_address>0x2000f868</run_address>
         <size>0x14</size>
         <input_file_ref idref="fl-1f"/>
      </object_component>
      <object_component id="oc-423">
         <name>.text:Power_disablePolicy</name>
         <load_address>0x2000f87c</load_address>
         <run_address>0x2000f87c</run_address>
         <size>0x14</size>
         <input_file_ref idref="fl-11"/>
      </object_component>
      <object_component id="oc-78a">
         <name>.text:Power_getDependencyCount</name>
         <load_address>0x2000f890</load_address>
         <run_address>0x2000f890</run_address>
         <size>0x14</size>
         <input_file_ref idref="fl-11"/>
      </object_component>
      <object_component id="oc-2c1">
         <name>.text:HwiP_Params_init</name>
         <load_address>0x2000f8a4</load_address>
         <run_address>0x2000f8a4</run_address>
         <size>0x12</size>
         <input_file_ref idref="fl-19"/>
      </object_component>
      <object_component id="oc-2f7">
         <name>.text:RingBuf_construct</name>
         <load_address>0x2000f8b6</load_address>
         <run_address>0x2000f8b6</run_address>
         <size>0x12</size>
         <input_file_ref idref="fl-f"/>
      </object_component>
      <object_component id="oc-4c2">
         <name>.text:UARTIntClear</name>
         <load_address>0x2000f8c8</load_address>
         <run_address>0x2000f8c8</run_address>
         <size>0x12</size>
         <input_file_ref idref="fl-22"/>
      </object_component>
      <object_component id="oc-50a">
         <name>.text:UARTRxErrorGet</name>
         <load_address>0x2000f8da</load_address>
         <run_address>0x2000f8da</run_address>
         <size>0x12</size>
         <input_file_ref idref="fl-22"/>
      </object_component>
      <object_component id="oc-11f">
         <name>.text:main</name>
         <load_address>0x2000f8ec</load_address>
         <run_address>0x2000f8ec</run_address>
         <size>0x12</size>
         <input_file_ref idref="fl-2"/>
      </object_component>
      <object_component id="oc-3e9">
         <name>.text:ClockP_add</name>
         <load_address>0x2000f8fe</load_address>
         <run_address>0x2000f8fe</run_address>
         <size>0x10</size>
         <input_file_ref idref="fl-18"/>
      </object_component>
      <object_component id="oc-4bc">
         <name>.text:ClockP_getCpuFreq</name>
         <load_address>0x2000f910</load_address>
         <run_address>0x2000f910</run_address>
         <size>0x10</size>
         <input_file_ref idref="fl-18"/>
      </object_component>
      <object_component id="oc-5db">
         <name>.text:ClockP_getSystemTicks</name>
         <load_address>0x2000f920</load_address>
         <run_address>0x2000f920</run_address>
         <size>0x10</size>
         <input_file_ref idref="fl-18"/>
      </object_component>
      <object_component id="oc-5f7">
         <name>.text:ClockP_setTicks</name>
         <load_address>0x2000f930</load_address>
         <run_address>0x2000f930</run_address>
         <size>0x10</size>
         <input_file_ref idref="fl-18"/>
      </object_component>
      <object_component id="oc-561">
         <name>.text:HwiP_interruptsEnabled</name>
         <load_address>0x2000f940</load_address>
         <run_address>0x2000f940</run_address>
         <size>0x10</size>
         <input_file_ref idref="fl-19"/>
      </object_component>
      <object_component id="oc-282">
         <name>.text:HwiP_restore</name>
         <load_address>0x2000f950</load_address>
         <run_address>0x2000f950</run_address>
         <size>0x10</size>
         <input_file_ref idref="fl-19"/>
      </object_component>
      <object_component id="oc-3f5">
         <name>.text:Power_enablePolicy</name>
         <load_address>0x2000f960</load_address>
         <run_address>0x2000f960</run_address>
         <size>0x10</size>
         <input_file_ref idref="fl-11"/>
      </object_component>
      <object_component id="oc-3d1">
         <name>.text:SemaphoreP_Params_init</name>
         <load_address>0x2000f970</load_address>
         <run_address>0x2000f970</run_address>
         <size>0x10</size>
         <input_file_ref idref="fl-17"/>
      </object_component>
      <object_component id="oc-35a">
         <name>.text:UART2CC32XX_readTimeout</name>
         <load_address>0x2000f980</load_address>
         <run_address>0x2000f980</run_address>
         <size>0x10</size>
         <input_file_ref idref="fl-13"/>
      </object_component>
      <object_component id="oc-510">
         <name>.text:UART2Support_rxStatus2ErrorCode</name>
         <load_address>0x2000f990</load_address>
         <run_address>0x2000f990</run_address>
         <size>0x10</size>
         <input_file_ref idref="fl-13"/>
      </object_component>
      <object_component id="oc-321">
         <name>.text:HwiP_clearInterrupt</name>
         <load_address>0x2000f9a0</load_address>
         <run_address>0x2000f9a0</run_address>
         <size>0xe</size>
         <input_file_ref idref="fl-19"/>
      </object_component>
      <object_component id="oc-27c">
         <name>.text:HwiP_disable</name>
         <load_address>0x2000f9ae</load_address>
         <run_address>0x2000f9ae</run_address>
         <size>0xe</size>
         <input_file_ref idref="fl-19"/>
      </object_component>
      <object_component id="oc-15e">
         <name>.text:HwiP_enable</name>
         <load_address>0x2000f9bc</load_address>
         <run_address>0x2000f9bc</run_address>
         <size>0xe</size>
         <input_file_ref idref="fl-19"/>
      </object_component>
      <object_component id="oc-1f0">
         <name>.text:UART2_write</name>
         <load_address>0x2000f9ca</load_address>
         <run_address>0x2000f9ca</run_address>
         <size>0xe</size>
         <input_file_ref idref="fl-e"/>
      </object_component>
      <object_component id="oc-1a">
         <name>.text:decompress:none:__TI_decompress_none</name>
         <load_address>0x2000f9d8</load_address>
         <run_address>0x2000f9d8</run_address>
         <size>0xe</size>
         <input_file_ref idref="fl-df"/>
      </object_component>
      <object_component id="oc-5c9">
         <name>.text:Power_getConstraintMask</name>
         <load_address>0x2000f9e8</load_address>
         <run_address>0x2000f9e8</run_address>
         <size>0xc</size>
         <input_file_ref idref="fl-11"/>
      </object_component>
      <object_component id="oc-34e">
         <name>.text:UART2CC32XX_postNotifyFxn</name>
         <load_address>0x2000f9f4</load_address>
         <run_address>0x2000f9f4</run_address>
         <size>0xc</size>
         <input_file_ref idref="fl-13"/>
      </object_component>
      <object_component id="oc-573">
         <name>.text:UART2Support_disableTx</name>
         <load_address>0x2000fa00</load_address>
         <run_address>0x2000fa00</run_address>
         <size>0xc</size>
         <input_file_ref idref="fl-13"/>
      </object_component>
      <object_component id="oc-6c8">
         <name>.text:UART2Support_enableRx</name>
         <load_address>0x2000fa0c</load_address>
         <run_address>0x2000fa0c</run_address>
         <size>0xc</size>
         <input_file_ref idref="fl-13"/>
      </object_component>
      <object_component id="oc-55b">
         <name>.text:UART2Support_enableTx</name>
         <load_address>0x2000fa18</load_address>
         <run_address>0x2000fa18</run_address>
         <size>0xc</size>
         <input_file_ref idref="fl-13"/>
      </object_component>
      <object_component id="oc-4d">
         <name>.text:decompress:ZI:__TI_zero_init</name>
         <load_address>0x2000fa24</load_address>
         <run_address>0x2000fa24</run_address>
         <size>0xc</size>
         <input_file_ref idref="fl-de"/>
      </object_component>
      <object_component id="oc-74b">
         <name>.text:dmaErrorFxn</name>
         <load_address>0x2000fa30</load_address>
         <run_address>0x2000fa30</run_address>
         <size>0xc</size>
         <input_file_ref idref="fl-4"/>
      </object_component>
      <object_component id="oc-7b5">
         <name>.text:uDMAErrorStatusClear</name>
         <load_address>0x2000fa3c</load_address>
         <run_address>0x2000fa3c</run_address>
         <size>0xc</size>
         <input_file_ref idref="fl-23"/>
      </object_component>
      <object_component id="oc-7af">
         <name>.text:uDMAErrorStatusGet</name>
         <load_address>0x2000fa48</load_address>
         <run_address>0x2000fa48</run_address>
         <size>0xc</size>
         <input_file_ref idref="fl-23"/>
      </object_component>
      <object_component id="oc-6b6">
         <name>.text:CPUprimask</name>
         <load_address>0x2000fa54</load_address>
         <run_address>0x2000fa54</run_address>
         <size>0xa</size>
         <input_file_ref idref="fl-1e"/>
      </object_component>
      <object_component id="oc-339">
         <name>.text:ClockP_Params_init</name>
         <load_address>0x2000fa5e</load_address>
         <run_address>0x2000fa5e</run_address>
         <size>0xa</size>
         <input_file_ref idref="fl-18"/>
      </object_component>
      <object_component id="oc-3fb">
         <name>.text:ClockP_isActive</name>
         <load_address>0x2000fa68</load_address>
         <run_address>0x2000fa68</run_address>
         <size>0xa</size>
         <input_file_ref idref="fl-18"/>
      </object_component>
      <object_component id="oc-53">
         <name>.text:IntMasterDisable</name>
         <load_address>0x2000fa72</load_address>
         <run_address>0x2000fa72</run_address>
         <size>0xa</size>
         <input_file_ref idref="fl-1f"/>
      </object_component>
      <object_component id="oc-43b">
         <name>.text:malloc</name>
         <load_address>0x2000fa7c</load_address>
         <run_address>0x2000fa7c</run_address>
         <size>0x8</size>
         <input_file_ref idref="fl-e1"/>
      </object_component>
      <object_component id="oc-66c">
         <name>.text:UART2Support_powerRelConstraint</name>
         <load_address>0x2000fa84</load_address>
         <run_address>0x2000fa84</run_address>
         <size>0x6</size>
         <input_file_ref idref="fl-13"/>
      </object_component>
      <object_component id="oc-6ce">
         <name>.text:UART2Support_powerSetConstraint</name>
         <load_address>0x2000fa8a</load_address>
         <run_address>0x2000fa8a</run_address>
         <size>0x6</size>
         <input_file_ref idref="fl-13"/>
      </object_component>
      <object_component id="oc-23d">
         <name>.text:UtilsDelay</name>
         <load_address>0x2000fa90</load_address>
         <run_address>0x2000fa90</run_address>
         <size>0x6</size>
         <input_file_ref idref="fl-24"/>
      </object_component>
      <object_component id="oc-5fd">
         <name>.text:ClockP_doTick</name>
         <load_address>0x2000fa96</load_address>
         <run_address>0x2000fa96</run_address>
         <size>0x4</size>
         <input_file_ref idref="fl-18"/>
      </object_component>
      <object_component id="oc-579">
         <name>.text:ClockP_setTimeout</name>
         <load_address>0x2000fa9a</load_address>
         <run_address>0x2000fa9a</run_address>
         <size>0x4</size>
         <input_file_ref idref="fl-18"/>
      </object_component>
      <object_component id="oc-728">
         <name>.text:HwiP_post</name>
         <load_address>0x2000fa9e</load_address>
         <run_address>0x2000fa9e</run_address>
         <size>0x4</size>
         <input_file_ref idref="fl-19"/>
      </object_component>
      <object_component id="oc-288">
         <name>.text:SemaphoreP_delete</name>
         <load_address>0x2000faa2</load_address>
         <run_address>0x2000faa2</run_address>
         <size>0x4</size>
         <input_file_ref idref="fl-17"/>
      </object_component>
      <object_component id="oc-119">
         <name>.text:_system_pre_init</name>
         <load_address>0x2000faa6</load_address>
         <run_address>0x2000faa6</run_address>
         <size>0x4</size>
         <input_file_ref idref="fl-e6"/>
      </object_component>
      <object_component id="oc-16b">
         <name>.text:abort:abort</name>
         <load_address>0x2000faaa</load_address>
         <run_address>0x2000faaa</run_address>
         <size>0x4</size>
         <input_file_ref idref="fl-e8"/>
      </object_component>
      <object_component id="oc-3af">
         <name>.const:g_ulPinToPadMap</name>
         <load_address>0x20010aec</load_address>
         <run_address>0x20010aec</run_address>
         <size>0x100</size>
         <input_file_ref idref="fl-20"/>
      </object_component>
      <object_component id="oc-3a8">
         <name>.const:PRCM_PeriphRegsList</name>
         <load_address>0x20010bec</load_address>
         <run_address>0x20010bec</run_address>
         <size>0xa8</size>
         <input_file_ref idref="fl-21"/>
      </object_component>
      <object_component id="oc-272">
         <name>.const:PowerCC32XX_config</name>
         <load_address>0x20010c94</load_address>
         <run_address>0x20010c94</run_address>
         <size>0x44</size>
         <input_file_ref idref="fl-4"/>
      </object_component>
      <object_component id="oc-4fd">
         <name>.const:uart2CC32XXHWAttrs0</name>
         <load_address>0x20010cd8</load_address>
         <run_address>0x20010cd8</run_address>
         <size>0x3c</size>
         <input_file_ref idref="fl-4"/>
      </object_component>
      <object_component id="oc-2e2">
         <name>.const:portConfigs</name>
         <load_address>0x20010d14</load_address>
         <run_address>0x20010d14</run_address>
         <size>0x28</size>
         <input_file_ref idref="fl-10"/>
      </object_component>
      <object_component id="oc-2e7">
         <name>.const:UART2_defaultParams</name>
         <load_address>0x20010d3c</load_address>
         <run_address>0x20010d3c</run_address>
         <size>0x24</size>
         <input_file_ref idref="fl-e"/>
      </object_component>
      <object_component id="oc-2d9">
         <name>.const:.string:pinTable</name>
         <load_address>0x20010d60</load_address>
         <run_address>0x20010d60</run_address>
         <size>0x21</size>
         <input_file_ref idref="fl-10"/>
      </object_component>
      <object_component id="oc-4dd">
         <name>.const:.string:stopBits</name>
         <load_address>0x20010d81</load_address>
         <run_address>0x20010d81</run_address>
         <size>0x2</size>
         <input_file_ref idref="fl-13"/>
      </object_component>
      <object_component id="oc-113">
         <name>.const:g_pulEnRegs</name>
         <load_address>0x20010d84</load_address>
         <run_address>0x20010d84</run_address>
         <size>0x18</size>
         <input_file_ref idref="fl-1f"/>
      </object_component>
      <object_component id="oc-7c2">
         <name>.const:g_pulPendRegs</name>
         <load_address>0x20010d9c</load_address>
         <run_address>0x20010d9c</run_address>
         <size>0x18</size>
         <input_file_ref idref="fl-1f"/>
      </object_component>
      <object_component id="oc-202">
         <name>.const:.string:$P$T0$1</name>
         <load_address>0x20010db4</load_address>
         <run_address>0x20010db4</run_address>
         <size>0x16</size>
         <input_file_ref idref="fl-3"/>
      </object_component>
      <object_component id="oc-2a7">
         <name>.const:GPIO_config</name>
         <load_address>0x20010dcc</load_address>
         <run_address>0x20010dcc</run_address>
         <size>0x10</size>
         <input_file_ref idref="fl-4"/>
      </object_component>
      <object_component id="oc-65b">
         <name>.const:udmaCC3220SHWAttrs</name>
         <load_address>0x20010ddc</load_address>
         <run_address>0x20010ddc</run_address>
         <size>0xc</size>
         <input_file_ref idref="fl-4"/>
      </object_component>
      <object_component id="oc-345">
         <name>.const:UART2_config</name>
         <load_address>0x20010de8</load_address>
         <run_address>0x20010de8</run_address>
         <size>0x8</size>
         <input_file_ref idref="fl-4"/>
      </object_component>
      <object_component id="oc-466">
         <name>.const:UDMACC32XX_config</name>
         <load_address>0x20010df0</load_address>
         <run_address>0x20010df0</run_address>
         <size>0x8</size>
         <input_file_ref idref="fl-4"/>
      </object_component>
      <object_component id="oc-4da">
         <name>.const:.string:parityType</name>
         <load_address>0x20010df8</load_address>
         <run_address>0x20010df8</run_address>
         <size>0x5</size>
         <input_file_ref idref="fl-13"/>
      </object_component>
      <object_component id="oc-2a4">
         <name>.const</name>
         <load_address>0x20010dfd</load_address>
         <run_address>0x20010dfd</run_address>
         <size>0x5</size>
         <input_file_ref idref="fl-4"/>
      </object_component>
      <object_component id="oc-4e0">
         <name>.const:.string:dataLength</name>
         <load_address>0x20010e02</load_address>
         <run_address>0x20010e02</run_address>
         <size>0x4</size>
         <input_file_ref idref="fl-13"/>
      </object_component>
      <object_component id="oc-7f8">
         <name>.cinit..data.load</name>
         <load_address>0x2000fab0</load_address>
         <run_address>0x2000fab0</run_address>
         <size>0xce</size>
      </object_component>
      <object_component id="oc-7f6">
         <name>__TI_handler_table</name>
         <load_address>0x2000fb80</load_address>
         <run_address>0x2000fb80</run_address>
         <size>0xc</size>
      </object_component>
      <object_component id="oc-7f9">
         <name>.cinit..bss.load</name>
         <load_address>0x2000fb90</load_address>
         <run_address>0x2000fb90</run_address>
         <size>0x8</size>
      </object_component>
      <object_component id="oc-7f7">
         <name>__TI_cinit_table</name>
         <load_address>0x2000fb98</load_address>
         <run_address>0x2000fb98</run_address>
         <size>0x10</size>
      </object_component>
      <object_component id="oc-42e">
         <name>.data:gpioPinConfigs</name>
         <load_address>0x20010a34</load_address>
         <run_address>0x20010a34</run_address>
         <size>0x84</size>
         <input_file_ref idref="fl-4"/>
      </object_component>
      <object_component id="oc-3ca">
         <name>.data:parkInfo</name>
         <load_address>0x2001093c</load_address>
         <run_address>0x2001093c</run_address>
         <size>0xf8</size>
         <input_file_ref idref="fl-4"/>
      </object_component>
      <object_component id="oc-2a1">
         <name>.data</name>
         <load_address>0x20010ae8</load_address>
         <run_address>0x20010ae8</run_address>
         <size>0x2</size>
         <input_file_ref idref="fl-10"/>
      </object_component>
      <object_component id="oc-26f">
         <name>.data:PowerCC32XX_module</name>
         <load_address>0x200107d0</load_address>
         <run_address>0x200107d0</run_address>
         <size>0x16c</size>
         <input_file_ref idref="fl-11"/>
      </object_component>
      <object_component id="oc-463">
         <name>.data</name>
         <load_address>0x20010ad0</load_address>
         <run_address>0x20010ad0</run_address>
         <size>0x8</size>
         <input_file_ref idref="fl-15"/>
      </object_component>
      <object_component id="oc-40d">
         <name>.data</name>
         <load_address>0x20010ae5</load_address>
         <run_address>0x20010ae5</run_address>
         <size>0x3</size>
         <input_file_ref idref="fl-17"/>
      </object_component>
      <object_component id="oc-61b">
         <name>.data:SemaphoreP_defaultParams</name>
         <load_address>0x20010ac8</load_address>
         <run_address>0x20010ac8</run_address>
         <size>0x8</size>
         <input_file_ref idref="fl-17"/>
      </object_component>
      <object_component id="oc-609">
         <name>.data</name>
         <load_address>0x20010ae0</load_address>
         <run_address>0x20010ae0</run_address>
         <size>0x5</size>
         <input_file_ref idref="fl-18"/>
      </object_component>
      <object_component id="oc-4e5">
         <name>.data:HwiP_dispatchTable</name>
         <load_address>0x200104c4</load_address>
         <run_address>0x200104c4</run_address>
         <size>0x30c</size>
         <input_file_ref idref="fl-19"/>
      </object_component>
      <object_component id="oc-4ee">
         <name>.data</name>
         <load_address>0x20010ad8</load_address>
         <run_address>0x20010ad8</run_address>
         <size>0x8</size>
         <input_file_ref idref="fl-19"/>
      </object_component>
      <object_component id="oc-73a">
         <name>.data:$O1$$</name>
         <load_address>0x20010ac0</load_address>
         <run_address>0x20010ac0</run_address>
         <size>0x8</size>
         <input_file_ref idref="fl-e1"/>
      </object_component>
      <object_component id="oc-20f">
         <name>.data:$O1$$</name>
         <load_address>0x20010ab8</load_address>
         <run_address>0x20010ab8</run_address>
         <size>0x8</size>
         <input_file_ref idref="fl-e9"/>
      </object_component>
      <object_component id="oc-748">
         <name>.bss:dmaControlTable</name>
         <uninitialized>true</uninitialized>
         <run_address>0x2000fc00</run_address>
         <size>0x400</size>
         <input_file_ref idref="fl-4"/>
      </object_component>
      <object_component id="oc-69b">
         <name>.bss:uart2RxRingBuffer0</name>
         <uninitialized>true</uninitialized>
         <run_address>0x2001042c</run_address>
         <size>0x20</size>
         <input_file_ref idref="fl-4"/>
      </object_component>
      <object_component id="oc-69e">
         <name>.bss:uart2TxRingBuffer0</name>
         <uninitialized>true</uninitialized>
         <run_address>0x2001044c</run_address>
         <size>0x20</size>
         <input_file_ref idref="fl-4"/>
      </object_component>
      <object_component id="oc-2aa">
         <name>.bss:powerNotifyObj</name>
         <uninitialized>true</uninitialized>
         <run_address>0x20010480</run_address>
         <size>0x14</size>
         <input_file_ref idref="fl-10"/>
      </object_component>
      <object_component id="oc-2a0">
         <name>.bss</name>
         <uninitialized>true</uninitialized>
         <run_address>0x20010494</run_address>
         <size>0x4</size>
         <input_file_ref idref="fl-10"/>
      </object_component>
      <object_component id="oc-46a">
         <name>.bss:postNotifyObj</name>
         <uninitialized>true</uninitialized>
         <run_address>0x2001046c</run_address>
         <size>0x14</size>
         <input_file_ref idref="fl-15"/>
      </object_component>
      <object_component id="oc-697">
         <name>.bss</name>
         <uninitialized>true</uninitialized>
         <run_address>0x200104c0</run_address>
         <size>0x4</size>
         <input_file_ref idref="fl-18"/>
      </object_component>
      <object_component id="oc-6da">
         <name>.bss</name>
         <uninitialized>true</uninitialized>
         <run_address>0x200104a8</run_address>
         <size>0xd</size>
         <input_file_ref idref="fl-1c"/>
      </object_component>
      <object_component id="oc-65a">
         <name>.common:udmaCC3220SObject</name>
         <uninitialized>true</uninitialized>
         <run_address>0x200104b8</run_address>
         <size>0x8</size>
      </object_component>
      <object_component id="oc-431">
         <name>.common:gpioCallbackFunctions</name>
         <uninitialized>true</uninitialized>
         <run_address>0x20010324</run_address>
         <size>0x84</size>
      </object_component>
      <object_component id="oc-432">
         <name>.common:gpioUserArgs</name>
         <uninitialized>true</uninitialized>
         <run_address>0x200103a8</run_address>
         <size>0x84</size>
      </object_component>
      <object_component id="oc-4fc">
         <name>.common:uart2CC32XXObjects0</name>
         <uninitialized>true</uninitialized>
         <run_address>0x20010000</run_address>
         <size>0x1f8</size>
      </object_component>
      <object_component id="oc-77b">
         <name>.common:PowerCC32XX_contextSave</name>
         <uninitialized>true</uninitialized>
         <run_address>0x200101f8</run_address>
         <size>0x12c</size>
      </object_component>
      <object_component id="oc-e1">
         <name>.common:ClockP_ctrl</name>
         <uninitialized>true</uninitialized>
         <run_address>0x20010498</run_address>
         <size>0x10</size>
      </object_component>
      <object_component id="oc-2a">
         <name>.sysmem</name>
         <uninitialized>true</uninitialized>
         <run_address>0x20004040</run_address>
         <size>0x10</size>
         <input_file_ref idref="fl-e1"/>
      </object_component>
      <object_component id="oc-7fc">
         <name>.sysmem</name>
         <uninitialized>true</uninitialized>
         <run_address>0x20004040</run_address>
         <size>0x0</size>
      </object_component>
      <object_component id="oc-2d">
         <name>.stack</name>
         <uninitialized>true</uninitialized>
         <run_address>0x20003000</run_address>
         <size>0x4</size>
         <input_file_ref idref="fl-e2"/>
      </object_component>
      <object_component id="oc-7fb">
         <name>.stack</name>
         <uninitialized>true</uninitialized>
         <run_address>0x20003000</run_address>
         <size>0x0</size>
      </object_component>
      <object_component id="oc-27">
         <name>.resetVecs:retain</name>
         <load_address>0x20004000</load_address>
         <run_address>0x20004000</run_address>
         <size>0x40</size>
         <input_file_ref idref="fl-1b"/>
      </object_component>
      <object_component id="oc-bb">
         <name>.ramVecs</name>
         <uninitialized>true</uninitialized>
         <run_address>0x20000000</run_address>
         <size>0x30c</size>
         <input_file_ref idref="fl-1b"/>
      </object_component>
      <object_component id="oc-152">
         <name>.debug_info</name>
         <load_address>0x0</load_address>
         <run_address>0x0</run_address>
         <size>0x1be</size>
         <input_file_ref idref="fl-2"/>
      </object_component>
      <object_component id="oc-121">
         <name>.debug_info</name>
         <load_address>0x1be</load_address>
         <run_address>0x1be</run_address>
         <size>0x156</size>
         <input_file_ref idref="fl-2"/>
      </object_component>
      <object_component id="oc-e7">
         <name>.debug_info</name>
         <load_address>0x314</load_address>
         <run_address>0x314</run_address>
         <size>0x26b</size>
         <input_file_ref idref="fl-2"/>
      </object_component>
      <object_component id="oc-36">
         <name>.debug_info</name>
         <load_address>0x57f</load_address>
         <run_address>0x57f</run_address>
         <size>0x84</size>
         <input_file_ref idref="fl-2"/>
      </object_component>
      <object_component id="oc-14d">
         <name>.debug_info</name>
         <load_address>0x603</load_address>
         <run_address>0x603</run_address>
         <size>0x2a4</size>
         <input_file_ref idref="fl-2"/>
      </object_component>
      <object_component id="oc-1bd">
         <name>.debug_info</name>
         <load_address>0x8a7</load_address>
         <run_address>0x8a7</run_address>
         <size>0xef</size>
         <input_file_ref idref="fl-2"/>
      </object_component>
      <object_component id="oc-134">
         <name>.debug_info</name>
[...]
         <value>0x20010ac8</value>
         <object_component_ref idref="oc-61b"/>
      </symbol>
      <symbol id="sm-6b7">
         <name>SemaphoreP_construct</name>
         <value>0x2000e8d1</value>
         <object_component_ref idref="oc-333"/>
      </symbol>
      <symbol id="sm-6b8">
         <name>SemaphoreP_create</name>
         <value>0x2000f815</value>
         <object_component_ref idref="oc-3d7"/>
      </symbol>
      <symbol id="sm-6b9">
         <name>SemaphoreP_destruct</name>
         <value>0x2000e71f</value>
         <object_component_ref idref="oc-497"/>
      </symbol>
      <symbol id="sm-6ba">
         <name>SemaphoreP_post</name>
         <value>0x2000eccd</value>
         <object_component_ref idref="oc-29a"/>
      </symbol>
      <symbol id="sm-6bb">
         <name>SemaphoreP_pend</name>
         <value>0x2000db85</value>
         <object_component_ref idref="oc-28e"/>
      </symbol>
      <symbol id="sm-6bc">
         <name>SemaphoreP_delete</name>
         <value>0x2000faa3</value>
         <object_component_ref idref="oc-288"/>
      </symbol>
      <symbol id="sm-6bd">
         <name>SemaphoreP_createBinary</name>
         <value>0x2000f6f1</value>
         <object_component_ref idref="oc-276"/>
      </symbol>
      <symbol id="sm-6be">
         <name>SemaphoreP_constructBinary</name>
         <value>0x2000f661</value>
         <object_component_ref idref="oc-32d"/>
      </symbol>
      <symbol id="sm-6bf">
         <name>SemaphoreP_Params_init</name>
         <value>0x2000f971</value>
         <object_component_ref idref="oc-3d1"/>
      </symbol>
      <symbol id="sm-6c0">
         <name>clkFxn</name>
         <value>0x2000f00b</value>
         <object_component_ref idref="oc-407"/>
      </symbol>
      <symbol id="sm-7a2">
         <name>ClockP_ctrl</name>
         <value>0x20010498</value>
      </symbol>
      <symbol id="sm-7a3">
         <name>ClockP_doTick</name>
         <value>0x2000fa97</value>
         <object_component_ref idref="oc-5fd"/>
      </symbol>
      <symbol id="sm-7a4">
         <name>ClockP_setTimeout</name>
         <value>0x2000fa9b</value>
         <object_component_ref idref="oc-579"/>
      </symbol>
      <symbol id="sm-7a5">
         <name>ClockP_startup</name>
         <value>0x2000f191</value>
         <object_component_ref idref="oc-4f3"/>
      </symbol>
      <symbol id="sm-7a6">
         <name>ClockP_stop</name>
         <value>0x2000ec01</value>
         <object_component_ref idref="oc-57f"/>
      </symbol>
      <symbol id="sm-7a7">
         <name>ClockP_construct</name>
         <value>0x2000eddd</value>
         <object_component_ref idref="oc-33f"/>
      </symbol>
      <symbol id="sm-7a8">
         <name>ClockP_getTicksUntilInterrupt</name>
         <value>0x2000f15d</value>
         <object_component_ref idref="oc-5cf"/>
      </symbol>
      <symbol id="sm-7a9">
         <name>ClockP_setTicks</name>
         <value>0x2000f931</value>
         <object_component_ref idref="oc-5f7"/>
      </symbol>
      <symbol id="sm-7aa">
         <name>ClockP_tickPeriod</name>
         <value>0x20010ae0</value>
         <object_component_ref idref="oc-609"/>
      </symbol>
      <symbol id="sm-7ab">
         <name>ClockP_Params_init</name>
         <value>0x2000fa5f</value>
         <object_component_ref idref="oc-339"/>
      </symbol>
      <symbol id="sm-7ac">
         <name>ClockP_getSystemTicks</name>
         <value>0x2000f921</value>
         <object_component_ref idref="oc-5db"/>
      </symbol>
      <symbol id="sm-7ad">
         <name>ClockP_destruct</name>
         <value>0x2000ef1d</value>
         <object_component_ref idref="oc-401"/>
      </symbol>
      <symbol id="sm-7ae">
         <name>ClockP_start</name>
         <value>0x2000f331</value>
         <object_component_ref idref="oc-3ef"/>
      </symbol>
      <symbol id="sm-7af">
         <name>ClockP_sysTickHandler</name>
         <value>0x2000e881</value>
         <object_component_ref idref="oc-79"/>
      </symbol>
      <symbol id="sm-7b0">
         <name>ClockP_isActive</name>
         <value>0x2000fa69</value>
         <object_component_ref idref="oc-3fb"/>
      </symbol>
      <symbol id="sm-7b1">
         <name>ClockP_getCpuFreq</name>
         <value>0x2000f911</value>
         <object_component_ref idref="oc-4bc"/>
      </symbol>
      <symbol id="sm-7b2">
         <name>ClockP_add</name>
         <value>0x2000f8ff</value>
         <object_component_ref idref="oc-3e9"/>
      </symbol>
      <symbol id="sm-83c">
         <name>HwiP_construct</name>
         <value>0x2000de79</value>
         <object_component_ref idref="oc-327"/>
      </symbol>
      <symbol id="sm-83d">
         <name>HwiP_inISR</name>
         <value>0x2000f855</value>
         <object_component_ref idref="oc-41d"/>
      </symbol>
      <symbol id="sm-83e">
         <name>HwiP_dispatch</name>
         <value>0x2000f52d</value>
         <object_component_ref idref="oc-4e8"/>
      </symbol>
      <symbol id="sm-83f">
         <name>HwiP_destruct</name>
         <value>0x2000f5df</value>
         <object_component_ref idref="oc-491"/>
      </symbol>
      <symbol id="sm-840">
         <name>HwiP_clearInterrupt</name>
         <value>0x2000f9a1</value>
         <object_component_ref idref="oc-321"/>
      </symbol>
      <symbol id="sm-841">
         <name>HwiP_swiPIntNum</name>
         <value>0x20010adc</value>
         <object_component_ref idref="oc-4ee"/>
      </symbol>
      <symbol id="sm-842">
         <name>HwiP_Params_init</name>
         <value>0x2000f8a5</value>
         <object_component_ref idref="oc-2c1"/>
      </symbol>
      <symbol id="sm-843">
         <name>HwiP_disable</name>
         <value>0x2000f9af</value>
         <object_component_ref idref="oc-27c"/>
      </symbol>
      <symbol id="sm-844">
         <name>HwiP_interruptsEnabled</name>
         <value>0x2000f941</value>
         <object_component_ref idref="oc-561"/>
      </symbol>
      <symbol id="sm-845">
         <name>HwiP_key</name>
         <value>0x20010ad8</value>
         <object_component_ref idref="oc-4ee"/>
      </symbol>
      <symbol id="sm-846">
         <name>HwiP_create</name>
         <value>0x2000f3ed</value>
         <object_component_ref idref="oc-2c7"/>
      </symbol>
      <symbol id="sm-847">
         <name>HwiP_post</name>
         <value>0x2000fa9f</value>
         <object_component_ref idref="oc-728"/>
      </symbol>
      <symbol id="sm-848">
         <name>HwiP_enable</name>
         <value>0x2000f9bd</value>
         <object_component_ref idref="oc-15e"/>
      </symbol>
      <symbol id="sm-849">
         <name>HwiP_restore</name>
         <value>0x2000f951</value>
         <object_component_ref idref="oc-282"/>
      </symbol>
      <symbol id="sm-879">
         <name>PowerCC32XX_initPolicy</name>
         <value>0x2000e387</value>
         <object_component_ref idref="oc-3be"/>
      </symbol>
      <symbol id="sm-87a">
         <name>PowerCC32XX_sleepPolicy</name>
         <value>0x2000cdcd</value>
         <object_component_ref idref="oc-3c4"/>
      </symbol>
      <symbol id="sm-8ca">
         <name>resetISR</name>
         <value>0x2000f70d</value>
         <object_component_ref idref="oc-21"/>
      </symbol>
      <symbol id="sm-8cb">
         <name>resetVectorAddr</name>
         <value>0x2000f720</value>
         <object_component_ref idref="oc-21"/>
      </symbol>
      <symbol id="sm-8cc">
         <name>initVectors</name>
         <value>0x2000f0b5</value>
         <object_component_ref idref="oc-59"/>
      </symbol>
      <symbol id="sm-8cd">
         <name>resetVectors</name>
         <value>0x20004000</value>
         <object_component_ref idref="oc-27"/>
      </symbol>
      <symbol id="sm-8fd">
         <name>SwiP_disable</name>
         <value>0x2000f6b9</value>
         <object_component_ref idref="oc-5c3"/>
      </symbol>
      <symbol id="sm-8fe">
         <name>SwiP_restore</name>
         <value>0x2000ed11</value>
         <object_component_ref idref="oc-603"/>
      </symbol>
      <symbol id="sm-911">
         <name>CPUprimask</name>
         <value>0x2000fa55</value>
         <object_component_ref idref="oc-6b6"/>
      </symbol>
      <symbol id="sm-912">
         <name>CPUcpsid</name>
         <value>0x2000f83f</value>
         <object_component_ref idref="oc-a3"/>
      </symbol>
      <symbol id="sm-957">
         <name>IntVTableBaseSet</name>
         <value>0x2000f869</value>
         <object_component_ref idref="oc-af"/>
      </symbol>
      <symbol id="sm-958">
         <name>IntEnable</name>
         <value>0x2000da35</value>
         <object_component_ref idref="oc-b5"/>
      </symbol>
      <symbol id="sm-959">
         <name>IntMasterDisable</name>
         <value>0x2000fa73</value>
         <object_component_ref idref="oc-53"/>
      </symbol>
      <symbol id="sm-95a">
         <name>IntPendSet</name>
         <value>0x2000df05</value>
         <object_component_ref idref="oc-7a0"/>
      </symbol>
      <symbol id="sm-994">
         <name>PinModeGet</name>
         <value>0x2000f1c5</value>
         <object_component_ref idref="oc-25c"/>
      </symbol>
      <symbol id="sm-995">
         <name>PinConfigSet</name>
         <value>0x2000df8d</value>
         <object_component_ref idref="oc-2b5"/>
      </symbol>
      <symbol id="sm-996">
         <name>PinModeSet</name>
         <value>0x2000ee1d</value>
         <object_component_ref idref="oc-262"/>
      </symbol>
      <symbol id="sm-997">
         <name>PinToPadGet</name>
         <value>0x2000f69d</value>
         <object_component_ref idref="oc-4b5"/>
      </symbol>
      <symbol id="sm-a60">
         <name>PRCMLPDSRestoreInfoSet</name>
         <value>0x2000ec45</value>
         <object_component_ref idref="oc-782"/>
      </symbol>
      <symbol id="sm-a61">
         <name>PRCMPeripheralReset</name>
         <value>0x2000e77d</value>
         <object_component_ref idref="oc-250"/>
      </symbol>
      <symbol id="sm-a62">
         <name>PRCMLPDSEnter</name>
         <value>0x2000eae1</value>
         <object_component_ref idref="oc-718"/>
      </symbol>
      <symbol id="sm-a63">
         <name>PRCMPeripheralClkEnable</name>
         <value>0x2000eb29</value>
         <object_component_ref idref="oc-24a"/>
      </symbol>
      <symbol id="sm-a64">
         <name>PRCMLPDSEnterKeepDebugIf</name>
         <value>0x2000f00d</value>
         <object_component_ref idref="oc-71e"/>
      </symbol>
      <symbol id="sm-a65">
         <name>PRCMCC3200MCUInit</name>
         <value>0x2000c041</value>
         <object_component_ref idref="oc-1c4"/>
      </symbol>
      <symbol id="sm-a66">
         <name>PRCMHIBRegWrite</name>
         <value>0x2000f7ff</value>
         <object_component_ref idref="oc-23e"/>
      </symbol>
      <symbol id="sm-a67">
         <name>PRCMSysResetCauseGet</name>
         <value>0x2000e661</value>
         <object_component_ref idref="oc-237"/>
      </symbol>
      <symbol id="sm-a68">
         <name>PRCMPeripheralClkDisable</name>
         <value>0x2000f441</value>
         <object_component_ref idref="oc-256"/>
      </symbol>
      <symbol id="sm-a69">
         <name>PRCMHIBRegRead</name>
         <value>0x2000f7e9</value>
         <object_component_ref idref="oc-244"/>
      </symbol>
      <symbol id="sm-aa6">
         <name>UARTDisable</name>
         <value>0x2000f391</value>
         <object_component_ref idref="oc-48b"/>
      </symbol>
      <symbol id="sm-aa7">
         <name>UARTIntEnable</name>
         <value>0x2000f7b9</value>
         <object_component_ref idref="oc-4ce"/>
      </symbol>
      <symbol id="sm-aa8">
         <name>UARTIntDisable</name>
         <value>0x2000f7a1</value>
         <object_component_ref idref="oc-479"/>
      </symbol>
      <symbol id="sm-aa9">
         <name>UARTRxErrorGet</name>
         <value>0x2000f8db</value>
         <object_component_ref idref="oc-50a"/>
      </symbol>
      <symbol id="sm-aaa">
         <name>UARTEnable</name>
         <value>0x2000f575</value>
         <object_component_ref idref="oc-4c8"/>
      </symbol>
      <symbol id="sm-aab">
         <name>UARTIntClear</name>
         <value>0x2000f8c9</value>
         <object_component_ref idref="oc-4c2"/>
      </symbol>
      <symbol id="sm-aac">
         <name>UARTDMADisable</name>
         <value>0x2000f789</value>
         <object_component_ref idref="oc-47f"/>
      </symbol>
      <symbol id="sm-adf">
         <name>uDMAChannelIsEnabled</name>
         <value>0x2000f4b9</value>
         <object_component_ref idref="oc-516"/>
      </symbol>
      <symbol id="sm-ae0">
         <name>uDMAErrorStatusGet</name>
         <value>0x2000fa49</value>
         <object_component_ref idref="oc-7af"/>
      </symbol>
      <symbol id="sm-ae1">
         <name>uDMAErrorStatusClear</name>
         <value>0x2000fa3d</value>
         <object_component_ref idref="oc-7b5"/>
      </symbol>
      <symbol id="sm-ae2">
         <name>uDMAChannelAttributeDisable</name>
         <value>0x2000e59d</value>
         <object_component_ref idref="oc-4d4"/>
      </symbol>
      <symbol id="sm-ae6">
         <name>UtilsDelay</name>
         <value>0x2000fa91</value>
         <object_component_ref idref="oc-23d"/>
      </symbol>
      <symbol id="sm-af6">
         <name>FlashDisable</name>
         <value>0x2000ea09</value>
         <object_component_ref idref="oc-798"/>
      </symbol>
      <symbol id="sm-aff">
         <name>__aeabi_lmul</name>
         <value>0x2000f7d1</value>
         <object_component_ref idref="oc-5f2"/>
      </symbol>
      <symbol id="sm-b1a">
         <name>memcpy</name>
         <value>0x2000dc25</value>
         <object_component_ref idref="oc-3b"/>
      </symbol>
      <symbol id="sm-b1b">
         <name>__aeabi_memcpy</name>
         <value>0x2000dc25</value>
         <object_component_ref idref="oc-3b"/>
      </symbol>
      <symbol id="sm-b1c">
         <name>__aeabi_memcpy8</name>
         <value>0x2000dc25</value>
         <object_component_ref idref="oc-3b"/>
      </symbol>
      <symbol id="sm-b1d">
         <name>__aeabi_memcpy4</name>
         <value>0x2000dc25</value>
         <object_component_ref idref="oc-3b"/>
      </symbol>
      <symbol id="sm-b2a">
         <name>__aeabi_uldivmod</name>
         <value>0x2000dcc1</value>
         <object_component_ref idref="oc-5e7"/>
      </symbol>
      <symbol id="sm-b3c">
         <name>__TI_zero_init</name>
         <value>0x2000fa25</value>
         <object_component_ref idref="oc-4d"/>
      </symbol>
      <symbol id="sm-b53">
         <name>__TI_decompress_none</name>
         <value>0x2000f9d9</value>
         <object_component_ref idref="oc-1a"/>
      </symbol>
      <symbol id="sm-b76">
         <name>__TI_decompress_lzss</name>
         <value>0x2000e46d</value>
         <object_component_ref idref="oc-14"/>
      </symbol>
      <symbol id="sm-bff">
         <name>_sys_memory</name>
         <value>0x20004040</value>
         <object_component_ref idref="oc-2a"/>
      </symbol>
      <symbol id="sm-c00">
         <name>free</name>
         <value>0x2000d719</value>
         <object_component_ref idref="oc-3e2"/>
      </symbol>
      <symbol id="sm-c01">
         <name>memalign</name>
         <value>0x2000d449</value>
         <object_component_ref idref="oc-64e"/>
      </symbol>
      <symbol id="sm-c02">
         <name>malloc</name>
         <value>0x2000fa7d</value>
         <object_component_ref idref="oc-43b"/>
      </symbol>
      <symbol id="sm-c03">
         <name>aligned_alloc</name>
         <value>0x2000d449</value>
         <object_component_ref idref="oc-64e"/>
      </symbol>
      <symbol id="sm-c15">
         <name>__stack</name>
         <value>0x20003000</value>
         <object_component_ref idref="oc-2d"/>
      </symbol>
      <symbol id="sm-c16">
         <name>_c_int00_noargs</name>
         <value>0x2000f599</value>
         <object_component_ref idref="oc-c5"/>
      </symbol>
      <symbol id="sm-c20">
         <name>__aeabi_idiv0</name>
         <value>0x2000f70b</value>
         <object_component_ref idref="oc-6e9"/>
      </symbol>
      <symbol id="sm-c21">
         <name>__aeabi_ldiv0</name>
         <value>0x2000f70b</value>
         <object_component_ref idref="oc-6e9"/>
      </symbol>
      <symbol id="sm-c30">
         <name>__aeabi_memset</name>
         <value>0x2000e29b</value>
         <object_component_ref idref="oc-9d"/>
      </symbol>
      <symbol id="sm-c31">
         <name>memset</name>
         <value>0x2000e2a1</value>
         <object_component_ref idref="oc-9d"/>
      </symbol>
      <symbol id="sm-c32">
         <name>__aeabi_memset8</name>
         <value>0x2000e29b</value>
         <object_component_ref idref="oc-9d"/>
      </symbol>
      <symbol id="sm-c33">
         <name>__aeabi_memset4</name>
         <value>0x2000e29b</value>
         <object_component_ref idref="oc-9d"/>
      </symbol>
      <symbol id="sm-c34">
         <name>__aeabi_memclr8</name>
         <value>0x2000e299</value>
         <object_component_ref idref="oc-9d"/>
      </symbol>
      <symbol id="sm-c35">
         <name>__aeabi_memclr4</name>
         <value>0x2000e299</value>
         <object_component_ref idref="oc-9d"/>
      </symbol>
      <symbol id="sm-c36">
         <name>__aeabi_memclr</name>
         <value>0x2000e299</value>
         <object_component_ref idref="oc-9d"/>
      </symbol>
      <symbol id="sm-c5e">
         <name>__TI_auto_init_nobinit_nopinit</name>
         <value>0x2000ed99</value>
         <object_component_ref idref="oc-177"/>
      </symbol>
      <symbol id="sm-c68">
         <name>_system_pre_init</name>
         <value>0x2000faa7</value>
         <object_component_ref idref="oc-119"/>
      </symbol>
      <symbol id="sm-c74">
         <name>C$$EXIT</name>
         <value>0x2000faab</value>
         <object_component_ref idref="oc-16b"/>
      </symbol>
      <symbol id="sm-c75">
         <name>abort</name>
         <value>0x2000faab</value>
         <object_component_ref idref="oc-16b"/>
      </symbol>
      <symbol id="sm-c8a">
         <name>_nop</name>
         <value>0x2000ebff</value>
         <object_component_ref idref="oc-386"/>
      </symbol>
      <symbol id="sm-c8b">
         <name>_lock</name>
         <value>0x20010ab8</value>
         <object_component_ref idref="oc-20f"/>
      </symbol>
      <symbol id="sm-c8c">
         <name>_unlock</name>
         <value>0x20010abc</value>
         <object_component_ref idref="oc-20f"/>
      </symbol>
      <symbol id="sm-c8e">
         <name>__TI_static_base__</name>
         <value>0x2000fab0</value>
      </symbol>
      <symbol id="sm-c91">
         <name>ITM_flush</name>
         <value>0x0</value>
      </symbol>
      <symbol id="sm-c92">
         <name>ITM_restore</name>
         <value>0x0</value>
      </symbol>
      <symbol id="sm-c93">
         <name>__mpu_init</name>
         <value>0x0</value>
      </symbol>
      <symbol id="sm-c94">
         <name>_system_post_cinit</name>
         <value>0x0</value>
      </symbol>
      <symbol id="sm-c95">
         <name>NoRTOS_start</name>
         <value>0x2000f9bd</value>
      </symbol>
   </symbol_table>
   <title>Link successful</title>
</link_info>
