******************************************************************************
                  TI ARM Linker PC v20.2.5                     
******************************************************************************
>> Linked Wed May 11 18:44:24 2022

OUTPUT FILE NAME:   <uart2echo_CC3220S_LAUNCHXL_nortos_ccs.out>
ENTRY POINT SYMBOL: "resetISR"  address: 2000f70d


MEMORY CONFIGURATION

         name            origin    length      used     unused   attr    fill
----------------------  --------  ---------  --------  --------  ----  --------
  SRAM2                 20000000   00004000  0000130c  00002cf4  RW X
  SRAM                  20004000   0003c000  0000cdaa  0002f256  RW X
  LOG_DATA              90000000   00040000  00000000  00040000  R   


SEGMENT ALLOCATION MAP

run origin  load origin   length   init length attrs members
----------  ----------- ---------- ----------- ----- -------
20003000    20003000    00001000   00000000    rw-
  20003000    20003000    00001000   00000000    rw- .stack
20004000    20004000    00000040   00000040    r--
  20004000    20004000    00000040   00000040    r-- .resetVecs
20004040    20004040    00008000   00000000    rw-
  20004040    20004040    00008000   00000000    rw- .sysmem
2000c040    2000c040    00003b68   00003b68    r-x
  2000c040    2000c040    00003a6e   00003a6e    r-x .text
  2000fab0    2000fab0    000000f8   000000f8    r-- .cinit
2000fc00    2000fc00    00000eea   00000000    rw-
  2000fc00    2000fc00    000008c4   00000000    rw- .bss
  200104c4    200104c4    00000626   00000000    rw- .data
20010aec    20010aec    0000031a   0000031a    r--
  20010aec    20010aec    0000031a   0000031a    r-- .const


SECTION ALLOCATION MAP

 output                                  attributes/
section   page    origin      length       input sections
--------  ----  ----------  ----------   ----------------
.text      0    2000c040    00003a6e     
                  2000c040    0000042c     driverlib.a : prcm.obj (.text:PRCMCC3200MCUInit)
                  2000c46c    00000298     drivers_cc32xx.a : UART2.oem4 (.text:UART2_writeTimeout)
                  2000c704    00000294                      : UART2CC32XX.oem4 (.text:UART2_open)
                  2000c998    00000234                      : UART2CC32XX.oem4 (.text:UART2CC32XX_hwiIntFxn)
                  2000cbcc    00000200                      : UART2.oem4 (.text:UART2_readTimeout)
                  2000cdcc    000001a0     nortos_cc32xx.a : PowerCC32XX_nortos.oem4 (.text:PowerCC32XX_sleepPolicy)
                  2000cf6c    00000154     drivers_cc32xx.a : GPIOCC32XX.oem4 (.text:GPIO_setConfig)
                  2000d0c0    00000148                      : PowerCC32XX.oem4 (.text:parkPins)
                  2000d208    00000138                      : PowerCC32XX.oem4 (.text:Power_sleep)
                  2000d340    00000108                      : UART2CC32XX.oem4 (.text:UART2_close)
                  2000d448    00000100     rtsv7M4_T_le_eabi.lib : memory.c.obj (.text:aligned_alloc)
                  2000d548    000000ec     drivers_cc32xx.a : UART2CC32XX.oem4 (.text:UART2CC32XX_initHw)
                  2000d634    000000e4                      : UART2CC32XX.oem4 (.text:UART2Support_dmaStartRx)
                  2000d718    000000e4     rtsv7M4_T_le_eabi.lib : memory.c.obj (.text:free)
                  2000d7fc    000000c8     drivers_cc32xx.a : UART2CC32XX.oem4 (.text:UART2Support_dmaStartTx)
                  2000d8c4    000000c0                      : PowerCC32XX.oem4 (.text:restoreParkedPins)
                  2000d984    000000b0     uart2echo.obj (.text:mainThread)
                  2000da34    000000a8     driverlib.a : interrupt.obj (.text:IntEnable)
                  2000dadc    000000a8     drivers_cc32xx.a : PowerCC32XX.oem4 (.text:PowerCC32XX_configureWakeup)
                  2000db84    000000a0     nortos_cc32xx.a : SemaphoreP_nortos.oem4 (.text:SemaphoreP_pend)
                  2000dc24    0000009c     rtsv7M4_T_le_eabi.lib : memcpy_t2.asm.obj (.text)
                  2000dcc0    00000096                           : ull_div_t2.asm.obj (.text)
                  2000dd56    00000002     ti_drivers_config.obj (.text:Board_initHook)
                  2000dd58    00000090     drivers_cc32xx.a : GPIOCC32XX.oem4 (.text:GPIO_init)
                  2000dde8    00000090                      : PowerCC32XX.oem4 (.text:restoreNVICRegs)
                  2000de78    0000008c     nortos_cc32xx.a : HwiPCC32XX_nortos.oem4 (.text:HwiP_construct)
                  2000df04    00000088     driverlib.a : interrupt.obj (.text:IntPendSet)
                  2000df8c    00000088                 : pin.obj (.text:PinConfigSet)
                  2000e014    00000084     drivers_cc32xx.a : PowerCC32XX.oem4 (.text:Power_init)
                  2000e098    00000084                      : PowerCC32XX.oem4 (.text:saveNVICRegs)
                  2000e11c    00000080                      : GPIOCC32XX.oem4 (.text:GPIO_write)
                  2000e19c    00000080                      : PowerCC32XX.oem4 (.text:Power_setDependency)
                  2000e21c    0000007c                      : UDMACC32XX.oem4 (.text:UDMACC32XX_open)
                  2000e298    0000007a     rtsv7M4_T_le_eabi.lib : memset_t2.asm.obj (.text)
                  2000e312    00000074     drivers_cc32xx.a : UART2CC32XX.oem4 (.text:UART2CC32XX_readCallback)
                  2000e386    00000002     nortos_cc32xx.a : PowerCC32XX_nortos.oem4 (.text:PowerCC32XX_initPolicy)
                  2000e388    00000074     drivers_cc32xx.a : GPIOCC32XX.oem4 (.text:powerNotifyFxn)
                  2000e3fc    00000070     rtsv7M4_T_le_eabi.lib : memory.c.obj (.text:split)
                  2000e46c    00000068                           : copy_decompress_lzss.c.obj (.text:decompress:lzss:__TI_decompress_lzss)
                  2000e4d4    00000064     drivers_cc32xx.a : GPIOCC32XX.oem4 (.text:GPIO_setInterruptConfig)
                  2000e538    00000064                      : PowerCC32XX.oem4 (.text:PowerCC32XX_setParkState)
                  2000e59c    00000064     driverlib.a : udma.obj (.text:uDMAChannelAttributeDisable)
                  2000e600    00000060     drivers_cc32xx.a : GPIOCC32XX.oem4 (.text:GPIO_hwiIntFxn)
                  2000e660    00000060     driverlib.a : prcm.obj (.text:PRCMSysResetCauseGet)
                  2000e6c0    0000005e     drivers_cc32xx.a : UART2CC32XX.oem4 (.text:UART2Support_dmaStopTx)
                  2000e71e    00000002     nortos_cc32xx.a : SemaphoreP_nortos.oem4 (.text:SemaphoreP_destruct)
                  2000e720    0000005c                     : ClockPSysTick_nortos.oem4 (.text:sysTickInit)
                  2000e77c    00000058     driverlib.a : prcm.obj (.text:PRCMPeripheralReset)
                  2000e7d4    00000058     drivers_cc32xx.a : PowerCC32XX.oem4 (.text:Power_releaseDependency)
                  2000e82c    00000052                      : PowerCC32XX_asm.oem4 (.text:PowerCC32XX_resumeLPDS)
                  2000e87e    00000002                      : UART2CC32XX.oem4 (.text:UART2CC32XX_eventCallback)
                  2000e880    00000050     nortos_cc32xx.a : ClockPSysTick_nortos.oem4 (.text:ClockP_sysTickHandler)
                  2000e8d0    00000050                     : SemaphoreP_nortos.oem4 (.text:SemaphoreP_construct)
                  2000e920    00000050     drivers_cc32xx.a : UART2CC32XX.oem4 (.text:UART2Support_dmaStopRx)
                  2000e970    0000004c                      : PowerCC32XX.oem4 (.text:PowerCC32XX_parkPin)
                  2000e9bc    0000004c                      : PowerCC32XX.oem4 (.text:restorePeriphClocks)
                  2000ea08    00000048     driverlib.a : flash.obj (.text:FlashDisable)
                  2000ea50    00000048     drivers_cc32xx.a : GPIOCC32XX.oem4 (.text:GPIO_disableInt)
                  2000ea98    00000048                      : GPIOCC32XX.oem4 (.text:GPIO_enableInt)
                  2000eae0    00000048     driverlib.a : prcm.obj (.text:PRCMLPDSEnter)
                  2000eb28    00000048                 : prcm.obj (.text:PRCMPeripheralClkEnable)
                  2000eb70    00000048     drivers_cc32xx.a : PowerCC32XX.oem4 (.text:Power_releaseConstraint)
                  2000ebb8    00000046                      : RingBuf.oem4 (.text:RingBuf_put)
                  2000ebfe    00000002     rtsv7M4_T_le_eabi.lib : _lock.c.obj (.text:_nop)
                  2000ec00    00000044     nortos_cc32xx.a : ClockPSysTick_nortos.oem4 (.text:ClockP_stop)
                  2000ec44    00000044     driverlib.a : prcm.obj (.text:PRCMLPDSRestoreInfoSet)
                  2000ec88    00000044     drivers_cc32xx.a : PowerCC32XX_asm.oem4 (.text:PowerCC32XX_enterLPDS)
                  2000eccc    00000044     nortos_cc32xx.a : SemaphoreP_nortos.oem4 (.text:SemaphoreP_post)
                  2000ed10    00000044                     : SwiP_nortos.oem4 (.text:SwiP_restore)
                  2000ed54    00000044     drivers_cc32xx.a : UART2CC32XX.oem4 (.text:UART2Support_enableInts)
                  2000ed98    00000044     rtsv7M4_T_le_eabi.lib : autoinit.c.obj (.text:__TI_auto_init_nobinit_nopinit:__TI_auto_init_nobinit_nopinit)
                  2000eddc    00000040     nortos_cc32xx.a : ClockPSysTick_nortos.oem4 (.text:ClockP_construct)
                  2000ee1c    00000040     driverlib.a : pin.obj (.text:PinModeSet)
                  2000ee5c    00000040     drivers_cc32xx.a : UART2.oem4 (.text:UART2_readFull)
                  2000ee9c    00000040                      : UDMACC32XX.oem4 (.text:UDMACC32XX_init)
                  2000eedc    0000003e                      : RingBuf.oem4 (.text:RingBuf_putAdvance)
                  2000ef1a    00000002     nortos_cc32xx.a : startup_cc32xx_ccs.oem4 (.text:busFaultHandler)
                  2000ef1c    0000003c                     : ClockPSysTick_nortos.oem4 (.text:ClockP_destruct)
                  2000ef58    0000003c     drivers_cc32xx.a : PowerCC32XX.oem4 (.text:Power_setConstraint)
                  2000ef94    0000003c                      : UART2CC32XX.oem4 (.text:UART2Support_dmaRefreshRx)
                  2000efd0    0000003a     nortos_cc32xx.a : PowerCC32XX_nortos.oem4 (.text:getCountsRTC)
                  2000f00a    00000002                     : SemaphoreP_nortos.oem4 (.text:clkFxn)
                  2000f00c    00000038     driverlib.a : prcm.obj (.text:PRCMLPDSEnterKeepDebugIf)
                  2000f044    00000038     drivers_cc32xx.a : UART2.oem4 (.text:UART2_rxEnable)
                  2000f07c    00000038     nortos_cc32xx.a : ClockPSysTick_nortos.oem4 (.text:addToList)
                  2000f0b4    00000038                     : startup_cc32xx_ccs.oem4 (.text:initVectors)
                  2000f0ec    00000038     drivers_cc32xx.a : PowerCC32XX.oem4 (.text:notify)
                  2000f124    00000036                      : UART2.oem4 (.text:UART2_rxDisable)
                  2000f15a    00000002     nortos_cc32xx.a : startup_cc32xx_ccs.oem4 (.text:defaultHandler)
                  2000f15c    00000034                     : ClockPSysTick_nortos.oem4 (.text:ClockP_getTicksUntilInterrupt)
                  2000f190    00000034                     : ClockPSysTick_nortos.oem4 (.text:ClockP_startup)
                  2000f1c4    00000034     driverlib.a : pin.obj (.text:PinModeGet)
                  2000f1f8    00000034     drivers_cc32xx.a : PowerCC32XX.oem4 (.text:PowerCC32XX_restoreParkState)
                  2000f22c    00000034                      : RingBuf.oem4 (.text:RingBuf_getConsume)
                  2000f260    00000034                      : RingBuf.oem4 (.text:RingBuf_putPointer)
                  2000f294    00000034                      : UART2CC32XX.oem4 (.text:UART2Support_sendData)
                  2000f2c8    00000034                      : UDMACC32XX.oem4 (.text:UDMACC32XX_close)
                  2000f2fc    00000032                      : UART2CC32XX.oem4 (.text:UART2Support_disableRx)
                  2000f32e    00000002     nortos_cc32xx.a : startup_cc32xx_ccs.oem4 (.text:faultISR)
                  2000f330    00000030                     : ClockPSysTick_nortos.oem4 (.text:ClockP_start)
                  2000f360    00000030     drivers_cc32xx.a : PowerCC32XX.oem4 (.text:PowerCC32XX_restoreParkedPin)
                  2000f390    00000030     driverlib.a : uart.obj (.text:UARTDisable)
                  2000f3c0    0000002c     drivers_cc32xx.a : PowerCC32XX.oem4 (.text:PowerCC32XX_getParkState)
                  2000f3ec    0000002a     nortos_cc32xx.a : HwiPCC32XX_nortos.oem4 (.text:HwiP_create)
                  2000f416    0000002a     drivers_cc32xx.a : RingBuf.oem4 (.text:RingBuf_getPointer)
                  2000f440    00000028     driverlib.a : prcm.obj (.text:PRCMPeripheralClkDisable)
                  2000f468    00000028     drivers_cc32xx.a : PowerCC32XX.oem4 (.text:Power_registerNotify)
                  2000f490    00000028     rtsv7M4_T_le_eabi.lib : memory.c.obj (.text:free_list_insert)
                  2000f4b8    00000028     driverlib.a : udma.obj (.text:uDMAChannelIsEnabled)
                  2000f4e0    00000026     drivers_cc32xx.a : List.oem4 (.text:List_put)
                  2000f506    00000026                      : List.oem4 (.text:List_remove)
                  2000f52c    00000024     nortos_cc32xx.a : HwiPCC32XX_nortos.oem4 (.text:HwiP_dispatch)
                  2000f550    00000024     drivers_cc32xx.a : PowerCC32XX.oem4 (.text:PowerCC32XX_reset)
                  2000f574    00000024     driverlib.a : uart.obj (.text:UARTEnable)
                  2000f598    00000024     rtsv7M4_T_le_eabi.lib : boot_cortex_m.c.obj (.text:_c_int00_noargs:_c_int00_noargs)
                  2000f5bc    00000022     drivers_cc32xx.a : UART2CC32XX.oem4 (.text:UART2CC32XX_writeTimeout)
                  2000f5de    00000020     nortos_cc32xx.a : HwiPCC32XX_nortos.oem4 (.text:HwiP_destruct)
                  2000f5fe    00000002                     : startup_cc32xx_ccs.oem4 (.text:nmiISR)
                  2000f600    00000020     drivers_cc32xx.a : PowerCC32XX.oem4 (.text:Power_unregisterNotify)
                  2000f620    00000020                      : UART2CC32XX.oem4 (.text:UART2CC32XX_getPowerMgrId)
                  2000f640    00000020                      : UART2.oem4 (.text:UART2_read)
                  2000f660    0000001e     nortos_cc32xx.a : SemaphoreP_nortos.oem4 (.text:SemaphoreP_constructBinary)
                  2000f67e    0000001e     drivers_cc32xx.a : UDMACC32XX.oem4 (.text:postNotifyFxn)
                  2000f69c    0000001c     driverlib.a : pin.obj (.text:PinToPadGet)
                  2000f6b8    0000001c     nortos_cc32xx.a : SwiP_nortos.oem4 (.text:SwiP_disable)
                  2000f6d4    0000001c     rtsv7M4_T_le_eabi.lib : memory.c.obj (.text:free_list_remove)
                  2000f6f0    0000001a     nortos_cc32xx.a : SemaphoreP_nortos.oem4 (.text:SemaphoreP_createBinary)
                  2000f70a    00000002     rtsv7M4_T_le_eabi.lib : div0.asm.obj (.text)
                  2000f70c    0000001a     nortos_cc32xx.a : startup_cc32xx_ccs.oem4 (.text:resetISR)
                  2000f726    00000002     --HOLE-- [fill = 0]
                  2000f728    00000018     drivers_cc32xx.a : PowerCC32XX.oem4 (.text:Power_getTransitionLatency)
                  2000f740    00000018                      : PowerCC32XX.oem4 (.text:Power_idleFunc)
                  2000f758    00000018                      : UART2CC32XX.oem4 (.text:UART2Support_txDone)
                  2000f770    00000018                      : UART2.oem4 (.text:UART2_Params_init)
                  2000f788    00000018     driverlib.a : uart.obj (.text:UARTDMADisable)
                  2000f7a0    00000018                 : uart.obj (.text:UARTIntDisable)
                  2000f7b8    00000018                 : uart.obj (.text:UARTIntEnable)
                  2000f7d0    00000018     rtsv7M4_T_le_eabi.lib : ll_mul_t2.asm.obj (.text)
                  2000f7e8    00000016     driverlib.a : prcm.obj (.text:PRCMHIBRegRead)
                  2000f7fe    00000016                 : prcm.obj (.text:PRCMHIBRegWrite)
                  2000f814    00000016     nortos_cc32xx.a : SemaphoreP_nortos.oem4 (.text:SemaphoreP_create)
                  2000f82a    00000014     ti_drivers_config.obj (.text:Board_init)
                  2000f83e    00000014     driverlib.a : cpu.obj (.text:CPUcpsid)
                  2000f852    00000002     --HOLE-- [fill = 0]
                  2000f854    00000014     nortos_cc32xx.a : HwiPCC32XX_nortos.oem4 (.text:HwiP_inISR)
                  2000f868    00000014     driverlib.a : interrupt.obj (.text:IntVTableBaseSet)
                  2000f87c    00000014     drivers_cc32xx.a : PowerCC32XX.oem4 (.text:Power_disablePolicy)
                  2000f890    00000014                      : PowerCC32XX.oem4 (.text:Power_getDependencyCount)
                  2000f8a4    00000012     nortos_cc32xx.a : HwiPCC32XX_nortos.oem4 (.text:HwiP_Params_init)
                  2000f8b6    00000012     drivers_cc32xx.a : RingBuf.oem4 (.text:RingBuf_construct)
                  2000f8c8    00000012     driverlib.a : uart.obj (.text:UARTIntClear)
                  2000f8da    00000012                 : uart.obj (.text:UARTRxErrorGet)
                  2000f8ec    00000012     main_nortos.obj (.text:main)
                  2000f8fe    00000010     nortos_cc32xx.a : ClockPSysTick_nortos.oem4 (.text:ClockP_add)
                  2000f90e    00000002     --HOLE-- [fill = 0]
                  2000f910    00000010                     : ClockPSysTick_nortos.oem4 (.text:ClockP_getCpuFreq)
                  2000f920    00000010                     : ClockPSysTick_nortos.oem4 (.text:ClockP_getSystemTicks)
                  2000f930    00000010                     : ClockPSysTick_nortos.oem4 (.text:ClockP_setTicks)
                  2000f940    00000010                     : HwiPCC32XX_nortos.oem4 (.text:HwiP_interruptsEnabled)
                  2000f950    00000010                     : HwiPCC32XX_nortos.oem4 (.text:HwiP_restore)
                  2000f960    00000010     drivers_cc32xx.a : PowerCC32XX.oem4 (.text:Power_enablePolicy)
                  2000f970    00000010     nortos_cc32xx.a : SemaphoreP_nortos.oem4 (.text:SemaphoreP_Params_init)
                  2000f980    00000010     drivers_cc32xx.a : UART2CC32XX.oem4 (.text:UART2CC32XX_readTimeout)
                  2000f990    00000010                      : UART2CC32XX.oem4 (.text:UART2Support_rxStatus2ErrorCode)
                  2000f9a0    0000000e     nortos_cc32xx.a : HwiPCC32XX_nortos.oem4 (.text:HwiP_clearInterrupt)
                  2000f9ae    0000000e                     : HwiPCC32XX_nortos.oem4 (.text:HwiP_disable)
                  2000f9bc    0000000e                     : HwiPCC32XX_nortos.oem4 (.text:HwiP_enable)
                  2000f9ca    0000000e     drivers_cc32xx.a : UART2.oem4 (.text:UART2_write)
                  2000f9d8    0000000e     rtsv7M4_T_le_eabi.lib : copy_decompress_none.c.obj (.text:decompress:none:__TI_decompress_none)
                  2000f9e6    00000002     --HOLE-- [fill = 0]
                  2000f9e8    0000000c     drivers_cc32xx.a : PowerCC32XX.oem4 (.text:Power_getConstraintMask)
                  2000f9f4    0000000c                      : UART2CC32XX.oem4 (.text:UART2CC32XX_postNotifyFxn)
                  2000fa00    0000000c                      : UART2CC32XX.oem4 (.text:UART2Support_disableTx)
                  2000fa0c    0000000c                      : UART2CC32XX.oem4 (.text:UART2Support_enableRx)
                  2000fa18    0000000c                      : UART2CC32XX.oem4 (.text:UART2Support_enableTx)
                  2000fa24    0000000c     rtsv7M4_T_le_eabi.lib : copy_zero_init.c.obj (.text:decompress:ZI:__TI_zero_init)
                  2000fa30    0000000c     ti_drivers_config.obj (.text:dmaErrorFxn)
                  2000fa3c    0000000c     driverlib.a : udma.obj (.text:uDMAErrorStatusClear)
                  2000fa48    0000000c                 : udma.obj (.text:uDMAErrorStatusGet)
                  2000fa54    0000000a                 : cpu.obj (.text:CPUprimask)
                  2000fa5e    0000000a     nortos_cc32xx.a : ClockPSysTick_nortos.oem4 (.text:ClockP_Params_init)
                  2000fa68    0000000a                     : ClockPSysTick_nortos.oem4 (.text:ClockP_isActive)
                  2000fa72    0000000a     driverlib.a : interrupt.obj (.text:IntMasterDisable)
                  2000fa7c    00000008     rtsv7M4_T_le_eabi.lib : memory.c.obj (.text:malloc)
                  2000fa84    00000006     drivers_cc32xx.a : UART2CC32XX.oem4 (.text:UART2Support_powerRelConstraint)
                  2000fa8a    00000006                      : UART2CC32XX.oem4 (.text:UART2Support_powerSetConstraint)
                  2000fa90    00000006     driverlib.a : utils.obj (.text:UtilsDelay)
                  2000fa96    00000004     nortos_cc32xx.a : ClockPSysTick_nortos.oem4 (.text:ClockP_doTick)
                  2000fa9a    00000004                     : ClockPSysTick_nortos.oem4 (.text:ClockP_setTimeout)
                  2000fa9e    00000004                     : HwiPCC32XX_nortos.oem4 (.text:HwiP_post)
                  2000faa2    00000004                     : SemaphoreP_nortos.oem4 (.text:SemaphoreP_delete)
                  2000faa6    00000004     rtsv7M4_T_le_eabi.lib : pre_init.c.obj (.text:_system_pre_init)
                  2000faaa    00000004                           : exit.c.obj (.text:abort:abort)

.const     0    20010aec    0000031a     
                  20010aec    00000100     driverlib.a : pin.obj (.const:g_ulPinToPadMap)
                  20010bec    000000a8                 : prcm.obj (.const:PRCM_PeriphRegsList)
                  20010c94    00000044     ti_drivers_config.obj (.const:PowerCC32XX_config)
                  20010cd8    0000003c     ti_drivers_config.obj (.const:uart2CC32XXHWAttrs0)
                  20010d14    00000028     drivers_cc32xx.a : GPIOCC32XX.oem4 (.const:portConfigs)
                  20010d3c    00000024                      : UART2.oem4 (.const:UART2_defaultParams)
                  20010d60    00000021                      : GPIOCC32XX.oem4 (.const:.string:pinTable)
                  20010d81    00000002                      : UART2CC32XX.oem4 (.const:.string:stopBits)
                  20010d83    00000001     --HOLE-- [fill = 0]
                  20010d84    00000018     driverlib.a : interrupt.obj (.const:g_pulEnRegs)
                  20010d9c    00000018                 : interrupt.obj (.const:g_pulPendRegs)
                  20010db4    00000016     uart2echo.obj (.const:.string:$P$T0$1)
                  20010dca    00000002     --HOLE-- [fill = 0]
                  20010dcc    00000010     ti_drivers_config.obj (.const:GPIO_config)
                  20010ddc    0000000c     ti_drivers_config.obj (.const:udmaCC3220SHWAttrs)
                  20010de8    00000008     ti_drivers_config.obj (.const:UART2_config)
                  20010df0    00000008     ti_drivers_config.obj (.const:UDMACC32XX_config)
                  20010df8    00000005     drivers_cc32xx.a : UART2CC32XX.oem4 (.const:.string:parityType)
                  20010dfd    00000005     ti_drivers_config.obj (.const)
                  20010e02    00000004     drivers_cc32xx.a : UART2CC32XX.oem4 (.const:.string:dataLength)

.cinit     0    2000fab0    000000f8     
                  2000fab0    000000ce     (.cinit..data.load) [load image, compression = lzss]
                  2000fb7e    00000002     --HOLE-- [fill = 0]
                  2000fb80    0000000c     (__TI_handler_table)
                  2000fb8c    00000004     --HOLE-- [fill = 0]
                  2000fb90    00000008     (.cinit..bss.load) [load image, compression = zero_init]
                  2000fb98    00000010     (__TI_cinit_table)

.init_array 
*          0    20004000    00000000     UNINITIALIZED

.ramVecs   0    20000000    0000030c     NOLOAD SECTION
                  20000000    0000030c     nortos_cc32xx.a : startup_cc32xx_ccs.oem4 (.ramVecs)

.stack     0    20003000    00001000     UNINITIALIZED
                  20003000    00000004     rtsv7M4_T_le_eabi.lib : boot_cortex_m.c.obj (.stack)
                  20003004    00000ffc     --HOLE--

.resetVecs 
*          0    20004000    00000040     
                  20004000    00000040     nortos_cc32xx.a : startup_cc32xx_ccs.oem4 (.resetVecs:retain)

.sysmem    0    20004040    00008000     UNINITIALIZED
                  20004040    00000010     rtsv7M4_T_le_eabi.lib : memory.c.obj (.sysmem)
                  20004050    00007ff0     --HOLE--

.bss       0    2000fc00    000008c4     UNINITIALIZED
                  2000fc00    00000400     ti_drivers_config.obj (.bss:dmaControlTable)
                  20010000    000001f8     (.common:uart2CC32XXObjects0)
                  200101f8    0000012c     (.common:PowerCC32XX_contextSave)
                  20010324    00000084     (.common:gpioCallbackFunctions)
                  200103a8    00000084     (.common:gpioUserArgs)
                  2001042c    00000020     ti_drivers_config.obj (.bss:uart2RxRingBuffer0)
                  2001044c    00000020     ti_drivers_config.obj (.bss:uart2TxRingBuffer0)
                  2001046c    00000014     drivers_cc32xx.a : UDMACC32XX.oem4 (.bss:postNotifyObj)
                  20010480    00000014                      : GPIOCC32XX.oem4 (.bss:powerNotifyObj)
                  20010494    00000004                      : GPIOCC32XX.oem4 (.bss)
                  20010498    00000010     (.common:ClockP_ctrl)
                  200104a8    0000000d     nortos_cc32xx.a : SwiP_nortos.oem4 (.bss)
                  200104b5    00000003     --HOLE--
                  200104b8    00000008     (.common:udmaCC3220SObject)
                  200104c0    00000004                     : ClockPSysTick_nortos.oem4 (.bss)

.data      0    200104c4    00000626     UNINITIALIZED
                  200104c4    0000030c     nortos_cc32xx.a : HwiPCC32XX_nortos.oem4 (.data:HwiP_dispatchTable)
                  200107d0    0000016c     drivers_cc32xx.a : PowerCC32XX.oem4 (.data:PowerCC32XX_module)
                  2001093c    000000f8     ti_drivers_config.obj (.data:parkInfo)
                  20010a34    00000084     ti_drivers_config.obj (.data:gpioPinConfigs)
                  20010ab8    00000008     rtsv7M4_T_le_eabi.lib : _lock.c.obj (.data:$O1$$)
                  20010ac0    00000008                           : memory.c.obj (.data:$O1$$)
                  20010ac8    00000008     nortos_cc32xx.a : SemaphoreP_nortos.oem4 (.data:SemaphoreP_defaultParams)
                  20010ad0    00000008     drivers_cc32xx.a : UDMACC32XX.oem4 (.data)
                  20010ad8    00000008     nortos_cc32xx.a : HwiPCC32XX_nortos.oem4 (.data)
                  20010ae0    00000005                     : ClockPSysTick_nortos.oem4 (.data)
                  20010ae5    00000003                     : SemaphoreP_nortos.oem4 (.data)
                  20010ae8    00000002     drivers_cc32xx.a : GPIOCC32XX.oem4 (.data)

.log_data 
*          0    90000000    00000000     COPY SECTION

__llvm_prf_cnts 
*          0    20004000    00000000     UNINITIALIZED

MODULE SUMMARY

       Module                       code    ro data   rw data
       ------                       ----    -------   -------
    .\
       uart2echo.obj                176     22        0      
       main_nortos.obj              18      0         0      
    +--+----------------------------+-------+---------+---------+
       Total:                       194     22        0      
                                                             
    .\syscfg\
       ti_drivers_config.obj        34      177       2244   
    +--+----------------------------+-------+---------+---------+
       Total:                       34      177       2244   
                                                             
    C:/ti/simplelink_cc32xx_sdk_6_10_00_05/kernel/nortos/lib/ccs/m4/nortos_cc32xx.a
       HwiPCC32XX_nortos.oem4       366     0         788    
       startup_cc32xx_ccs.oem4      90      64        780    
       ClockPSysTick_nortos.oem4    664     0         25     
       PowerCC32XX_nortos.oem4      476     0         0      
       SemaphoreP_nortos.oem4       410     0         11     
       SwiP_nortos.oem4             96      0         13     
    +--+----------------------------+-------+---------+---------+
       Total:                       2102    64        1617   
                                                             
    C:/ti/simplelink_cc32xx_sdk_6_10_00_05/source/ti/devices/cc32xx/driverlib/ccs/Release/driverlib.a
       prcm.obj                     1604    168       0      
       pin.obj                      280     256       0      
       interrupt.obj                334     48        0      
       uart.obj                     192     0         0      
       udma.obj                     164     0         0      
       flash.obj                    72      0         0      
       cpu.obj                      30      0         0      
       utils.obj                    6       0         0      
    +--+----------------------------+-------+---------+---------+
       Total:                       2682    472       0      
                                                             
    C:/ti/simplelink_cc32xx_sdk_6_10_00_05/source/ti/drivers/lib/ccs/m4/drivers_cc32xx.a
       PowerCC32XX.oem4             2432    0         664    
       UART2CC32XX.oem4             2856    11        0      
       UART2.oem4                   1420    36        0      
       GPIOCC32XX.oem4              1068    73        26     
       UDMACC32XX.oem4              270     0         28     
       RingBuf.oem4                 296     0         0      
       PowerCC32XX_asm.oem4         150     0         0      
       List.oem4                    76      0         0      
    +--+----------------------------+-------+---------+---------+
       Total:                       8568    120       718    
                                                             
    C:\ti\ccs1120\ccs\tools\compiler\ti-cgt-arm_20.2.5.LTS\lib\rtsv7M4_T_le_eabi.lib
       memory.c.obj                 672     0         8      
       memcpy_t2.asm.obj            156     0         0      
       ull_div_t2.asm.obj           150     0         0      
       memset_t2.asm.obj            122     0         0      
       copy_decompress_lzss.c.obj   104     0         0      
       autoinit.c.obj               68      0         0      
       boot_cortex_m.c.obj          36      0         0      
       ll_mul_t2.asm.obj            24      0         0      
       copy_decompress_none.c.obj   14      0         0      
       copy_zero_init.c.obj         12      0         0      
       _lock.c.obj                  2       0         8      
       exit.c.obj                   4       0         0      
       pre_init.c.obj               4       0         0      
       div0.asm.obj                 2       0         0      
    +--+----------------------------+-------+---------+---------+
       Total:                       1370    0         16     
                                                             
       Heap:                        0       0         32768  
       Stack:                       0       0         4096   
       Linker Generated:            0       242       0      
    +--+----------------------------+-------+---------+---------+
       Grand Total:                 14950   1097      41459  


LINKER GENERATED COPY TABLES

__TI_cinit_table @ 2000fb98 records: 2, size/record: 8, table size: 16
	.data: load addr=2000fab0, load size=000000ce bytes, run addr=200104c4, run size=00000626 bytes, compression=lzss
	.bss: load addr=2000fb90, load size=00000008 bytes, run addr=2000fc00, run size=000008c4 bytes, compression=zero_init


LINKER GENERATED HANDLER TABLE

__TI_handler_table @ 2000fb80 records: 3, size/record: 4, table size: 12
	index: 0, handler: __TI_decompress_lzss
	index: 1, handler: __TI_decompress_none
	index: 2, handler: __TI_zero_init


GLOBAL SYMBOLS: SORTED ALPHABETICALLY BY Name 

address   name                           
-------   ----                           
2000f82b  Board_init                     
2000dd57  Board_initHook                 
2000faab  C$$EXIT                        
20010dff  CONFIG_GPIO_LED_0_CONST        
20010e00  CONFIG_UART2_0_CONST           
2000f83f  CPUcpsid                       
2000fa55  CPUprimask                     
2000fa5f  ClockP_Params_init             
2000f8ff  ClockP_add                     
2000eddd  ClockP_construct               
20010498  ClockP_ctrl                    
2000ef1d  ClockP_destruct                
2000fa97  ClockP_doTick                  
2000f911  ClockP_getCpuFreq              
2000f921  ClockP_getSystemTicks          
2000f15d  ClockP_getTicksUntilInterrupt  
2000fa69  ClockP_isActive                
2000f931  ClockP_setTicks                
2000fa9b  ClockP_setTimeout              
2000f331  ClockP_start                   
2000f191  ClockP_startup                 
2000ec01  ClockP_stop                    
2000e881  ClockP_sysTickHandler          
20010ae0  ClockP_tickPeriod              
2000ea09  FlashDisable                   
20010dcc  GPIO_config                    
2000ea51  GPIO_disableInt                
2000ea99  GPIO_enableInt                 
2000e601  GPIO_hwiIntFxn                 
2000dd59  GPIO_init                      
20010dfd  GPIO_pinLowerBound             
20010dfe  GPIO_pinUpperBound             
2000cf6d  GPIO_setConfig                 
2000e4d5  GPIO_setInterruptConfig        
2000e11d  GPIO_write                     
2000f8a5  HwiP_Params_init               
2000f9a1  HwiP_clearInterrupt            
2000de79  HwiP_construct                 
2000f3ed  HwiP_create                    
2000f5df  HwiP_destruct                  
2000f9af  HwiP_disable                   
2000f52d  HwiP_dispatch                  
2000f9bd  HwiP_enable                    
2000f855  HwiP_inISR                     
2000f941  HwiP_interruptsEnabled         
20010ad8  HwiP_key                       
2000fa9f  HwiP_post                      
2000f951  HwiP_restore                   
20010adc  HwiP_swiPIntNum                
UNDEFED   ITM_flush                      
UNDEFED   ITM_restore                    
2000da35  IntEnable                      
2000fa73  IntMasterDisable               
2000df05  IntPendSet                     
2000f869  IntVTableBaseSet               
2000f4e1  List_put                       
2000f507  List_remove                    
2000f9bd  NoRTOS_start                   
2000c041  PRCMCC3200MCUInit              
2000f7e9  PRCMHIBRegRead                 
2000f7ff  PRCMHIBRegWrite                
2000eae1  PRCMLPDSEnter                  
2000f00d  PRCMLPDSEnterKeepDebugIf       
2000ec45  PRCMLPDSRestoreInfoSet         
2000f441  PRCMPeripheralClkDisable       
2000eb29  PRCMPeripheralClkEnable        
2000e77d  PRCMPeripheralReset            
2000e661  PRCMSysResetCauseGet           
2000df8d  PinConfigSet                   
2000f1c5  PinModeGet                     
2000ee1d  PinModeSet                     
2000f69d  PinToPadGet                    
20010c94  PowerCC32XX_config             
2000dadd  PowerCC32XX_configureWakeup    
200101f8  PowerCC32XX_contextSave        
2000ec89  PowerCC32XX_enterLPDS          
2000f3c1  PowerCC32XX_getParkState       
2000e387  PowerCC32XX_initPolicy         
200107d0  PowerCC32XX_module             
2000e971  PowerCC32XX_parkPin            
2000f551  PowerCC32XX_reset              
2000f1f9  PowerCC32XX_restoreParkState   
2000f361  PowerCC32XX_restoreParkedPin   
2000e82d  PowerCC32XX_resumeLPDS         
2000e539  PowerCC32XX_setParkState       
2000cdcd  PowerCC32XX_sleepPolicy        
2000f87d  Power_disablePolicy            
2000f961  Power_enablePolicy             
2000f9e9  Power_getConstraintMask        
2000f891  Power_getDependencyCount       
2000f729  Power_getTransitionLatency     
2000f741  Power_idleFunc                 
2000e015  Power_init                     
2000f469  Power_registerNotify           
2000eb71  Power_releaseConstraint        
2000e7d5  Power_releaseDependency        
2000ef59  Power_setConstraint            
2000e19d  Power_setDependency            
2000d209  Power_sleep                    
2000f601  Power_unregisterNotify         
2000f8b7  RingBuf_construct              
2000f22d  RingBuf_getConsume             
2000f417  RingBuf_getPointer             
2000ebb9  RingBuf_put                    
2000eedd  RingBuf_putAdvance             
2000f261  RingBuf_putPointer             
2000f971  SemaphoreP_Params_init         
2000e8d1  SemaphoreP_construct           
2000f661  SemaphoreP_constructBinary     
2000f815  SemaphoreP_create              
2000f6f1  SemaphoreP_createBinary        
20010ac8  SemaphoreP_defaultParams       
2000faa3  SemaphoreP_delete              
2000e71f  SemaphoreP_destruct            
2000db85  SemaphoreP_pend                
2000eccd  SemaphoreP_post                
2000f6b9  SwiP_disable                   
2000ed11  SwiP_restore                   
2000f2fd  UART2Support_disableRx         
2000fa01  UART2Support_disableTx         
2000ef95  UART2Support_dmaRefreshRx      
2000d635  UART2Support_dmaStartRx        
2000d7fd  UART2Support_dmaStartTx        
2000e921  UART2Support_dmaStopRx         
2000e6c1  UART2Support_dmaStopTx         
2000ed55  UART2Support_enableInts        
2000fa0d  UART2Support_enableRx          
2000fa19  UART2Support_enableTx          
2000fa85  UART2Support_powerRelConstraint
2000fa8b  UART2Support_powerSetConstraint
2000f991  UART2Support_rxStatus2ErrorCode
2000f295  UART2Support_sendData          
2000f759  UART2Support_txDone            
2000f771  UART2_Params_init              
2000d341  UART2_close                    
20010de8  UART2_config                   
20010e01  UART2_count                    
20010d3c  UART2_defaultParams            
2000c705  UART2_open                     
2000f641  UART2_read                     
2000ee5d  UART2_readFull                 
2000cbcd  UART2_readTimeout              
2000f125  UART2_rxDisable                
2000f045  UART2_rxEnable                 
2000f9cb  UART2_write                    
2000c46d  UART2_writeTimeout             
2000f789  UARTDMADisable                 
2000f391  UARTDisable                    
2000f575  UARTEnable                     
2000f8c9  UARTIntClear                   
2000f7a1  UARTIntDisable                 
2000f7b9  UARTIntEnable                  
2000f8db  UARTRxErrorGet                 
2000f2c9  UDMACC32XX_close               
20010df0  UDMACC32XX_config              
2000ee9d  UDMACC32XX_init                
2000e21d  UDMACC32XX_open                
2000fa91  UtilsDelay                     
20004000  __STACK_END                    
00001000  __STACK_SIZE                   
00008000  __SYSMEM_SIZE                  
2000fb98  __TI_CINIT_Base                
2000fba8  __TI_CINIT_Limit               
2000fb80  __TI_Handler_Table_Base        
2000fb8c  __TI_Handler_Table_Limit       
2000ed99  __TI_auto_init_nobinit_nopinit 
2000e46d  __TI_decompress_lzss           
2000f9d9  __TI_decompress_none           
ffffffff  __TI_pprof_out_hndl            
ffffffff  __TI_prof_data_size            
ffffffff  __TI_prof_data_start           
2000fab0  __TI_static_base__             
2000fa25  __TI_zero_init                 
2000f70b  __aeabi_idiv0                  
2000f70b  __aeabi_ldiv0                  
2000f7d1  __aeabi_lmul                   
2000e299  __aeabi_memclr                 
2000e299  __aeabi_memclr4                
2000e299  __aeabi_memclr8                
2000dc25  __aeabi_memcpy                 
2000dc25  __aeabi_memcpy4                
2000dc25  __aeabi_memcpy8                
2000e29b  __aeabi_memset                 
2000e29b  __aeabi_memset4                
2000e29b  __aeabi_memset8                
2000dcc1  __aeabi_uldivmod               
ffffffff  __binit__                      
ffffffff  __c_args__                     
UNDEFED   __mpu_init                     
20003000  __stack                        
20004000  __start___llvm_prf_cnts        
20004000  __stop___llvm_prf_cnts         
2000f599  _c_int00_noargs                
20010ab8  _lock                          
2000ebff  _nop                           
20004040  _sys_memory                    
UNDEFED   _system_post_cinit             
2000faa7  _system_pre_init               
20010abc  _unlock                        
2000faab  abort                          
2000d449  aligned_alloc                  
ffffffff  binit                          
2000f00b  clkFxn                         
2000d719  free                           
20010324  gpioCallbackFunctions          
20010a34  gpioPinConfigs                 
200103a8  gpioUserArgs                   
2000f0b5  initVectors                    
2000f8ed  main                           
2000d985  mainThread                     
2000fa7d  malloc                         
2000d449  memalign                       
2000dc25  memcpy                         
2000e2a1  memset                         
2001093c  parkInfo                       
2000f70d  resetISR                       
2000f720  resetVectorAddr                
20004000  resetVectors                   
2000e59d  uDMAChannelAttributeDisable    
2000f4b9  uDMAChannelIsEnabled           
2000fa3d  uDMAErrorStatusClear           
2000fa49  uDMAErrorStatusGet             
20010000  uart2CC32XXObjects0            
20010ddc  udmaCC3220SHWAttrs             
200104b8  udmaCC3220SObject              


GLOBAL SYMBOLS: SORTED BY Symbol Address 

address   name                           
-------   ----                           
00001000  __STACK_SIZE                   
00008000  __SYSMEM_SIZE                  
20003000  __stack                        
20004000  __STACK_END                    
20004000  __start___llvm_prf_cnts        
20004000  __stop___llvm_prf_cnts         
20004000  resetVectors                   
20004040  _sys_memory                    
2000c041  PRCMCC3200MCUInit              
2000c46d  UART2_writeTimeout             
2000c705  UART2_open                     
2000cbcd  UART2_readTimeout              
2000cdcd  PowerCC32XX_sleepPolicy        
2000cf6d  GPIO_setConfig                 
2000d209  Power_sleep                    
2000d341  UART2_close                    
2000d449  aligned_alloc                  
2000d449  memalign                       
2000d635  UART2Support_dmaStartRx        
2000d719  free                           
2000d7fd  UART2Support_dmaStartTx        
2000d985  mainThread                     
2000da35  IntEnable                      
2000dadd  PowerCC32XX_configureWakeup    
2000db85  SemaphoreP_pend                
2000dc25  __aeabi_memcpy                 
2000dc25  __aeabi_memcpy4                
2000dc25  __aeabi_memcpy8                
2000dc25  memcpy                         
2000dcc1  __aeabi_uldivmod               
2000dd57  Board_initHook                 
2000dd59  GPIO_init                      
2000de79  HwiP_construct                 
2000df05  IntPendSet                     
2000df8d  PinConfigSet                   
2000e015  Power_init                     
2000e11d  GPIO_write                     
2000e19d  Power_setDependency            
2000e21d  UDMACC32XX_open                
2000e299  __aeabi_memclr                 
2000e299  __aeabi_memclr4                
2000e299  __aeabi_memclr8                
2000e29b  __aeabi_memset                 
2000e29b  __aeabi_memset4                
2000e29b  __aeabi_memset8                
2000e2a1  memset                         
2000e387  PowerCC32XX_initPolicy         
2000e46d  __TI_decompress_lzss           
2000e4d5  GPIO_setInterruptConfig        
2000e539  PowerCC32XX_setParkState       
2000e59d  uDMAChannelAttributeDisable    
2000e601  GPIO_hwiIntFxn                 
2000e661  PRCMSysResetCauseGet           
2000e6c1  UART2Support_dmaStopTx         
2000e71f  SemaphoreP_destruct            
2000e77d  PRCMPeripheralReset            
2000e7d5  Power_releaseDependency        
2000e82d  PowerCC32XX_resumeLPDS         
2000e881  ClockP_sysTickHandler          
2000e8d1  SemaphoreP_construct           
2000e921  UART2Support_dmaStopRx         
2000e971  PowerCC32XX_parkPin            
2000ea09  FlashDisable                   
2000ea51  GPIO_disableInt                
2000ea99  GPIO_enableInt                 
2000eae1  PRCMLPDSEnter                  
2000eb29  PRCMPeripheralClkEnable        
2000eb71  Power_releaseConstraint        
2000ebb9  RingBuf_put                    
2000ebff  _nop                           
2000ec01  ClockP_stop                    
2000ec45  PRCMLPDSRestoreInfoSet         
2000ec89  PowerCC32XX_enterLPDS          
2000eccd  SemaphoreP_post                
2000ed11  SwiP_restore                   
2000ed55  UART2Support_enableInts        
2000ed99  __TI_auto_init_nobinit_nopinit 
2000eddd  ClockP_construct               
2000ee1d  PinModeSet                     
2000ee5d  UART2_readFull                 
2000ee9d  UDMACC32XX_init                
2000eedd  RingBuf_putAdvance             
2000ef1d  ClockP_destruct                
2000ef59  Power_setConstraint            
2000ef95  UART2Support_dmaRefreshRx      
2000f00b  clkFxn                         
2000f00d  PRCMLPDSEnterKeepDebugIf       
2000f045  UART2_rxEnable                 
2000f0b5  initVectors                    
2000f125  UART2_rxDisable                
2000f15d  ClockP_getTicksUntilInterrupt  
2000f191  ClockP_startup                 
2000f1c5  PinModeGet                     
2000f1f9  PowerCC32XX_restoreParkState   
2000f22d  RingBuf_getConsume             
2000f261  RingBuf_putPointer             
2000f295  UART2Support_sendData          
2000f2c9  UDMACC32XX_close               
2000f2fd  UART2Support_disableRx         
2000f331  ClockP_start                   
2000f361  PowerCC32XX_restoreParkedPin   
2000f391  UARTDisable                    
2000f3c1  PowerCC32XX_getParkState       
2000f3ed  HwiP_create                    
2000f417  RingBuf_getPointer             
2000f441  PRCMPeripheralClkDisable       
2000f469  Power_registerNotify           
2000f4b9  uDMAChannelIsEnabled           
2000f4e1  List_put                       
2000f507  List_remove                    
2000f52d  HwiP_dispatch                  
2000f551  PowerCC32XX_reset              
2000f575  UARTEnable                     
2000f599  _c_int00_noargs                
2000f5df  HwiP_destruct                  
2000f601  Power_unregisterNotify         
2000f641  UART2_read                     
2000f661  SemaphoreP_constructBinary     
2000f69d  PinToPadGet                    
2000f6b9  SwiP_disable                   
2000f6f1  SemaphoreP_createBinary        
2000f70b  __aeabi_idiv0                  
2000f70b  __aeabi_ldiv0                  
2000f70d  resetISR                       
2000f720  resetVectorAddr                
2000f729  Power_getTransitionLatency     
2000f741  Power_idleFunc                 
2000f759  UART2Support_txDone            
2000f771  UART2_Params_init              
2000f789  UARTDMADisable                 
2000f7a1  UARTIntDisable                 
2000f7b9  UARTIntEnable                  
2000f7d1  __aeabi_lmul                   
2000f7e9  PRCMHIBRegRead                 
2000f7ff  PRCMHIBRegWrite                
2000f815  SemaphoreP_create              
2000f82b  Board_init                     
2000f83f  CPUcpsid                       
2000f855  HwiP_inISR                     
2000f869  IntVTableBaseSet               
2000f87d  Power_disablePolicy            
2000f891  Power_getDependencyCount       
2000f8a5  HwiP_Params_init               
2000f8b7  RingBuf_construct              
2000f8c9  UARTIntClear                   
2000f8db  UARTRxErrorGet                 
2000f8ed  main                           
2000f8ff  ClockP_add                     
2000f911  ClockP_getCpuFreq              
2000f921  ClockP_getSystemTicks          
2000f931  ClockP_setTicks                
2000f941  HwiP_interruptsEnabled         
2000f951  HwiP_restore                   
2000f961  Power_enablePolicy             
2000f971  SemaphoreP_Params_init         
2000f991  UART2Support_rxStatus2ErrorCode
2000f9a1  HwiP_clearInterrupt            
2000f9af  HwiP_disable                   
2000f9bd  HwiP_enable                    
2000f9bd  NoRTOS_start                   
2000f9cb  UART2_write                    
2000f9d9  __TI_decompress_none           
2000f9e9  Power_getConstraintMask        
2000fa01  UART2Support_disableTx         
2000fa0d  UART2Support_enableRx          
2000fa19  UART2Support_enableTx          
2000fa25  __TI_zero_init                 
2000fa3d  uDMAErrorStatusClear           
2000fa49  uDMAErrorStatusGet             
2000fa55  CPUprimask                     
2000fa5f  ClockP_Params_init             
2000fa69  ClockP_isActive                
2000fa73  IntMasterDisable               
2000fa7d  malloc                         
2000fa85  UART2Support_powerRelConstraint
2000fa8b  UART2Support_powerSetConstraint
2000fa91  UtilsDelay                     
2000fa97  ClockP_doTick                  
2000fa9b  ClockP_setTimeout              
2000fa9f  HwiP_post                      
2000faa3  SemaphoreP_delete              
2000faa7  _system_pre_init               
2000faab  C$$EXIT                        
2000faab  abort                          
2000fab0  __TI_static_base__             
2000fb80  __TI_Handler_Table_Base        
2000fb8c  __TI_Handler_Table_Limit       
2000fb98  __TI_CINIT_Base                
2000fba8  __TI_CINIT_Limit               
20010000  uart2CC32XXObjects0            
200101f8  PowerCC32XX_contextSave        
20010324  gpioCallbackFunctions          
200103a8  gpioUserArgs                   
20010498  ClockP_ctrl                    
200104b8  udmaCC3220SObject              
200107d0  PowerCC32XX_module             
2001093c  parkInfo                       
20010a34  gpioPinConfigs                 
20010ab8  _lock                          
20010abc  _unlock                        
20010ac8  SemaphoreP_defaultParams       
20010ad8  HwiP_key                       
20010adc  HwiP_swiPIntNum                
20010ae0  ClockP_tickPeriod              
20010c94  PowerCC32XX_config             
20010d3c  UART2_defaultParams            
20010dcc  GPIO_config                    
20010ddc  udmaCC3220SHWAttrs             
20010de8  UART2_config                   
20010df0  UDMACC32XX_config              
20010dfd  GPIO_pinLowerBound             
20010dfe  GPIO_pinUpperBound             
20010dff  CONFIG_GPIO_LED_0_CONST        
20010e00  CONFIG_UART2_0_CONST           
20010e01  UART2_count                    
ffffffff  __TI_pprof_out_hndl            
ffffffff  __TI_prof_data_size            
ffffffff  __TI_prof_data_start           
ffffffff  __binit__                      
ffffffff  __c_args__                     
ffffffff  binit                          
UNDEFED   ITM_flush                      
UNDEFED   ITM_restore                    
UNDEFED   __mpu_init                     
UNDEFED   _system_post_cinit             

[225 symbols]
