******************************************************************************
                  TI ARM Linker PC v20.2.7                     
******************************************************************************
>> Linked Fri Apr 19 20:42:08 2024

OUTPUT FILE NAME:   <gpiointerrupt_CC3220S_LAUNCHXL_nortos_ccs.out>
ENTRY POINT SYMBOL: "resetISR"  address: 2001215d


MEMORY CONFIGURATION

         name            origin    length      used     unused   attr    fill
----------------------  --------  ---------  --------  --------  ----  --------
  SRAM2                 20000000   00004000  0000130c  00002cf4  RW X
  SRAM                  20004000   0003c000  0000f682  0002c97e  RW X
  LOG_DATA              90000000   00040000  00000000  00040000  R   


SEGMENT ALLOCATION MAP

run origin  load origin   length   init length attrs members
----------  ----------- ---------- ----------- ----- -------
20003000    20003000    00001000   00000000    rw-
  20003000    20003000    00001000   00000000    rw- .stack
20004000    20004000    00000040   00000040    r--
  20004000    20004000    00000040   00000040    r-- .resetVecs
20004040    20004040    00008000   00000000    rw-
  20004040    20004040    00008000   00000000    rw- .sysmem
2000c040    2000c040    0000668c   0000668c    r-x
  2000c040    2000c040    0000668c   0000668c    r-x .text
200126cc    200126cc    000005d0   00000000    rw-
  200126cc    200126cc    000005d0   00000000    rw- .data
20012c9c    20012c9c    0000051a   0000051a    r--
  20012c9c    20012c9c    0000051a   0000051a    r-- .const
200131b8    200131b8    000003d4   00000000    rw-
  200131b8    200131b8    000003d4   00000000    rw- .bss
20013590    20013590    000000f8   000000f8    r--
  20013590    20013590    000000f8   000000f8    r-- .cinit


SECTION ALLOCATION MAP

 output                                  attributes/
section   page    origin      length       input sections
--------  ----  ----------  ----------   ----------------
.text      0    2000c040    0000668c     
                  2000c040    00000a4e     rtsv7M4_T_le_eabi.lib : _printfi.c.obj (.text:__TI_printfi)
                  2000ca8e    00000002     ti_drivers_config.obj (.text:Board_initHook)
                  2000ca90    0000042c     driverlib.a : prcm.obj (.text:PRCMCC3200MCUInit)
                  2000cebc    00000288     drivers_cc32xx.a : UARTCC32XX.oem4 (.text:UARTCC32XX_open)
                  2000d144    00000268     rtsv7M4_T_le_eabi.lib : _printfi.c.obj (.text:_pconv_a)
                  2000d3ac    00000250     gpiointerrupt.obj (.text:initI2C)
                  2000d5fc    000001e4     drivers_cc32xx.a : GPIOCC32XX.oem4 (.text:GPIO_setConfig)
                  2000d7e0    000001cc     rtsv7M4_T_le_eabi.lib : _printfi.c.obj (.text:_pconv_g)
                  2000d9ac    000001b6                           : fd_add_t2.asm.obj (.text)
                  2000db62    00000002     drivers_cc32xx.a : I2C.oem4 (.text:I2C_init)
                  2000db64    0000019c     nortos_cc32xx.a : PowerCC32XX_nortos.oem4 (.text:PowerCC32XX_sleepPolicy)
                  2000dd00    00000198     gpiointerrupt.obj (.text:mainThread)
                  2000de98    00000148     drivers_cc32xx.a : I2CCC32XX.oem4 (.text:I2CCC32XX_hwiFxn)
                  2000dfe0    00000148                      : PowerCC32XX.oem4 (.text:parkPins)
                  2000e128    0000013c     rtsv7M4_T_le_eabi.lib : _printfi.c.obj (.text:_pconv_e)
                  2000e264    00000138     drivers_cc32xx.a : PowerCC32XX.oem4 (.text:Power_sleep)
                  2000e39c    00000136     rtsv7M4_T_le_eabi.lib : fd_div_t2.asm.obj (.text)
                  2000e4d2    00000002     nortos_cc32xx.a : PowerCC32XX_nortos.oem4 (.text:PowerCC32XX_initPolicy)
                  2000e4d4    00000128     drivers_cc32xx.a : TimerCC32XX.oem4 (.text:TimerCC32XX_open)
                  2000e5fc    00000122                      : I2C.oem4 (.text:I2C_transferTimeout)
                  2000e71e    00000002                      : TimerCC32XX.oem4 (.text:TimerCC32XX_init)
                  2000e720    00000120                      : UARTCC32XX.oem4 (.text:UARTCC32XX_close)
                  2000e840    00000120     rtsv7M4_T_le_eabi.lib : _printfi.c.obj (.text:fcvt)
                  2000e960    00000120     gpiointerrupt.obj (.text:readTempSensor)
                  2000ea80    00000100     rtsv7M4_T_le_eabi.lib : memory.c.obj (.text:aligned_alloc)
                  2000eb80    000000fc     drivers_cc32xx.a : I2CCC32XX.oem4 (.text:I2C_open)
                  2000ec7c    000000fc     rtsv7M4_T_le_eabi.lib : fd_mul_t2.asm.obj (.text)
                  2000ed78    000000f2     drivers_cc32xx.a : UARTCC32XX.oem4 (.text:UARTCC32XX_control)
                  2000ee6a    00000002                      : UARTCC32XX.oem4 (.text:UARTCC32XX_init)
                  2000ee6c    000000e4     rtsv7M4_T_le_eabi.lib : memory.c.obj (.text:free)
                  2000ef50    000000d0                           : s_scalbn.c.obj (.text:scalbn)
                  2000f020    000000ca     drivers_cc32xx.a : UARTCC32XX.oem4 (.text:UARTCC32XX_write)
                  2000f0ea    00000002     rtsv7M4_T_le_eabi.lib : _lock.c.obj (.text:_nop)
                  2000f0ec    000000c4     drivers_cc32xx.a : GPIOCC32XX.oem4 (.text:GPIO_init)
                  2000f1b0    000000c0                      : PowerCC32XX.oem4 (.text:restoreParkedPins)
                  2000f270    000000ba                      : UARTCC32XX.oem4 (.text:UARTCC32XX_readPolling)
                  2000f32a    00000002     nortos_cc32xx.a : startup_cc32xx_ccs.oem4 (.text:busFaultHandler)
                  2000f32c    000000b8     drivers_cc32xx.a : UARTCC32XX.oem4 (.text:initHw)
                  2000f3e4    000000b6                      : UARTCC32XX.oem4 (.text:readTaskCallback)
                  2000f49a    000000b2                      : I2CCC32XX.oem4 (.text:I2CCC32XX_completeTransfer)
                  2000f54c    000000b1     rtsv7M4_T_le_eabi.lib : _printfi.c.obj (.text:_ltostr)
                  2000f5fd    00000001     --HOLE-- [fill = 0]
                  2000f5fe    000000b0     drivers_cc32xx.a : UARTCC32XX.oem4 (.text:readTaskBlocking)
                  2000f6ae    000000ae                      : UARTCC32XX.oem4 (.text:readIsrTextBlocking)
                  2000f75c    000000a8                      : I2CCC32XX.oem4 (.text:I2CCC32XX_primeWriteBurst)
                  2000f804    000000a8     driverlib.a : interrupt.obj (.text:IntEnable)
                  2000f8ac    000000a8     drivers_cc32xx.a : PowerCC32XX.oem4 (.text:PowerCC32XX_configureWakeup)
                  2000f954    000000a2                      : UARTCC32XX.oem4 (.text:readIsrTextCallback)
                  2000f9f6    000000a2                      : UARTCC32XX.oem4 (.text:writeData)
                  2000fa98    000000a0     nortos_cc32xx.a : SemaphoreP_nortos.oem4 (.text:SemaphoreP_pend)
                  2000fb38    0000009c     drivers_cc32xx.a : I2CCC32XX.oem4 (.text:I2CCC32XX_initHw)
                  2000fbd4    0000009c     rtsv7M4_T_le_eabi.lib : memcpy_t2.asm.obj (.text)
                  2000fc70    00000098     drivers_cc32xx.a : GPIOCC32XX.oem4 (.text:powerNotifyFxn)
                  2000fd08    00000096     rtsv7M4_T_le_eabi.lib : ull_div_t2.asm.obj (.text)
                  2000fd9e    00000002     nortos_cc32xx.a : SemaphoreP_nortos.oem4 (.text:clkFxn)
                  2000fda0    00000090     drivers_cc32xx.a : PowerCC32XX.oem4 (.text:restoreNVICRegs)
                  2000fe30    0000008c     nortos_cc32xx.a : HwiPCC32XX_nortos.oem4 (.text:HwiP_construct)
                  2000febc    00000088     driverlib.a : interrupt.obj (.text:IntPendSet)
                  2000ff44    00000088                 : pin.obj (.text:PinConfigSet)
                  2000ffcc    00000088     drivers_cc32xx.a : TimerCC32XX.oem4 (.text:TimerCC32XX_setPeriod)
                  20010054    00000086     rtsv7M4_T_le_eabi.lib : fd_cmp_t2.asm.obj (.text:__aeabi_cdcmple)
                  200100da    00000086                           : fd_cmp_t2.asm.obj (.text:__aeabi_cdrcmple)
                  20010160    00000084     drivers_cc32xx.a : PowerCC32XX.oem4 (.text:Power_init)
                  200101e4    00000084                      : PowerCC32XX.oem4 (.text:saveNVICRegs)
                  20010268    00000080                      : PowerCC32XX.oem4 (.text:Power_setDependency)
                  200102e8    0000007c                      : UARTCC32XX.oem4 (.text:readIsrBinaryBlocking)
                  20010364    0000007a                      : I2CCC32XX.oem4 (.text:I2CCC32XX_primeReadBurst)
                  200103de    0000007a     rtsv7M4_T_le_eabi.lib : fs_mul_t2.asm.obj (.text)
                  20010458    0000007a                           : memset_t2.asm.obj (.text)
                  200104d2    00000002     nortos_cc32xx.a : startup_cc32xx_ccs.oem4 (.text:defaultHandler)
                  200104d4    00000078     drivers_cc32xx.a : GPIOCC32XX.oem4 (.text:GPIO_hwiIntFxn)
                  2001054c    00000078                      : TimerCC32XX.oem4 (.text:TimerCC32XX_start)
                  200105c4    00000078                      : UARTCC32XX.oem4 (.text:readIsrBinaryCallback)
                  2001063c    00000074                      : UARTCC32XX.oem4 (.text:UARTCC32XX_hwiIntFxn)
                  200106b0    00000070     rtsv7M4_T_le_eabi.lib : memory.c.obj (.text:split)
                  20010720    0000006e                           : _printfi.c.obj (.text:_mcpy)
                  2001078e    0000006a     drivers_cc32xx.a : I2CCC32XX.oem4 (.text:I2CSupport_primeTransfer)
                  200107f8    00000068     rtsv7M4_T_le_eabi.lib : copy_decompress_lzss.c.obj (.text:decompress:lzss:__TI_decompress_lzss)
                  20010860    00000066     drivers_cc32xx.a : UARTCC32XX.oem4 (.text:UARTCC32XX_writeCancel)
                  200108c6    00000002     nortos_cc32xx.a : startup_cc32xx_ccs.oem4 (.text:faultISR)
                  200108c8    00000064     drivers_cc32xx.a : PowerCC32XX.oem4 (.text:PowerCC32XX_setParkState)
                  2001092c    00000062                      : UARTCC32XX.oem4 (.text:UARTCC32XX_writePolling)
                  2001098e    00000002     nortos_cc32xx.a : startup_cc32xx_ccs.oem4 (.text:nmiISR)
                  20010990    00000060     driverlib.a : prcm.obj (.text:PRCMSysResetCauseGet)
                  200109f0    00000060     gpiointerrupt.obj (.text:Read_Temp)
                  20010a50    0000005c     drivers_cc32xx.a : GPIOCC32XX.oem4 (.text:GPIO_setCallback)
                  20010aac    0000005c     rtsv7M4_T_le_eabi.lib : s_frexp.c.obj (.text:frexp)
                  20010b08    0000005c     nortos_cc32xx.a : ClockPSysTick_nortos.oem4 (.text:sysTickInit)
                  20010b64    00000058     drivers_cc32xx.a : GPIOCC32XX.oem4 (.text:GPIO_write)
                  20010bbc    00000058     driverlib.a : prcm.obj (.text:PRCMPeripheralReset)
                  20010c14    00000058     drivers_cc32xx.a : PowerCC32XX.oem4 (.text:Power_releaseDependency)
                  20010c6c    00000056                      : TimerCC32XX.oem4 (.text:TimerCC32XX_stop)
                  20010cc2    00000056     rtsv7M4_T_le_eabi.lib : _printfi.c.obj (.text:_pconv_f)
                  20010d18    00000054                           : _ltoa.c.obj (.text:__TI_ltoa)
                  20010d6c    00000054     gpiointerrupt.obj (.text:initTimer)
                  20010dc0    00000054     drivers_cc32xx.a : UARTCC32XX.oem4 (.text:ringBufGet)
                  20010e14    00000052                      : PowerCC32XX_asm.oem4 (.text:PowerCC32XX_resumeLPDS)
                  20010e66    00000052     rtsv7M4_T_le_eabi.lib : _printfi.c.obj (.text:_ecpy)
                  20010eb8    00000052     drivers_cc32xx.a : TimerCC32XX.oem4 (.text:initHw)
                  20010f0a    00000002     rtsv7M4_T_le_eabi.lib : div0.asm.obj (.text)
                  20010f0c    00000050     nortos_cc32xx.a : ClockPSysTick_nortos.oem4 (.text:ClockP_sysTickHandler)
                  20010f5c    00000050                     : SemaphoreP_nortos.oem4 (.text:SemaphoreP_construct)
                  20010fac    00000050     drivers_cc32xx.a : TimerCC32XX.oem4 (.text:TimerCC32XX_allocateTimerResource)
                  20010ffc    0000004c                      : GPIOCC32XX.oem4 (.text:GPIO_enableInt)
                  20011048    0000004c                      : I2CCC32XX.oem4 (.text:I2CCC32XX_readRecieveFifo)
                  20011094    0000004c                      : PowerCC32XX.oem4 (.text:PowerCC32XX_parkPin)
                  200110e0    0000004c     rtsv7M4_T_le_eabi.lib : atoi.c.obj (.text:atoi)
                  2001112c    0000004c     drivers_cc32xx.a : PowerCC32XX.oem4 (.text:restorePeriphClocks)
                  20011178    0000004c     rtsv7M4_T_le_eabi.lib : snprintf.c.obj (.text:snprintf)
                  200111c4    00000048     driverlib.a : flash.obj (.text:FlashDisable)
                  2001120c    00000048                 : prcm.obj (.text:PRCMLPDSEnter)
                  20011254    00000048                 : prcm.obj (.text:PRCMPeripheralClkEnable)
                  2001129c    00000048     drivers_cc32xx.a : PowerCC32XX.oem4 (.text:Power_releaseConstraint)
                  200112e4    00000048     rtsv7M4_T_le_eabi.lib : fd_toi_t2.asm.obj (.text)
                  2001132c    00000046     drivers_cc32xx.a : RingBuf.oem4 (.text:RingBuf_put)
                  20011372    00000046                      : TimerCC32XX.oem4 (.text:getPrescaler)
                  200113b8    00000044     nortos_cc32xx.a : ClockPSysTick_nortos.oem4 (.text:ClockP_stop)
                  200113fc    00000044     driverlib.a : prcm.obj (.text:PRCMLPDSRestoreInfoSet)
                  20011440    00000044     drivers_cc32xx.a : PowerCC32XX_asm.oem4 (.text:PowerCC32XX_enterLPDS)
                  20011484    00000044     nortos_cc32xx.a : SemaphoreP_nortos.oem4 (.text:SemaphoreP_post)
                  200114c8    00000044                     : SwiP_nortos.oem4 (.text:SwiP_restore)
                  2001150c    00000044     drivers_cc32xx.a : Timer.oem4 (.text:Timer_init)
                  20011550    00000044                      : UART.oem4 (.text:UART_init)
                  20011594    00000044     rtsv7M4_T_le_eabi.lib : autoinit.c.obj (.text:__TI_auto_init_nobinit_nopinit:__TI_auto_init_nobinit_nopinit)
                  200115d8    00000044     gpiointerrupt.obj (.text:initUART)
                  2001161c    00000040     nortos_cc32xx.a : ClockPSysTick_nortos.oem4 (.text:ClockP_construct)
                  2001165c    00000040     driverlib.a : pin.obj (.text:PinModeSet)
                  2001169c    00000040     gpiointerrupt.obj (.text:Read_LED)
                  200116dc    00000040     drivers_cc32xx.a : RingBuf.oem4 (.text:RingBuf_get)
                  2001171c    00000040                      : Timer.oem4 (.text:Timer_open)
                  2001175c    00000040                      : UARTCC32XX.oem4 (.text:UARTCC32XX_read)
                  2001179c    00000040                      : UART.oem4 (.text:UART_open)
                  200117dc    0000003e     rtsv7M4_T_le_eabi.lib : _printfi.c.obj (.text:_fcpy)
                  2001181a    00000002     --HOLE-- [fill = 0]
                  2001181c    0000003c     nortos_cc32xx.a : ClockPSysTick_nortos.oem4 (.text:ClockP_destruct)
                  20011858    0000003c     drivers_cc32xx.a : PowerCC32XX.oem4 (.text:Power_setConstraint)
                  20011894    0000003c     gpiointerrupt.obj (.text:Read_Button)
                  200118d0    0000003a     drivers_cc32xx.a : TimerCC32XX.oem4 (.text:TimerCC32XX_close)
                  2001190a    0000003a     nortos_cc32xx.a : PowerCC32XX_nortos.oem4 (.text:getCountsRTC)
                  20011944    00000038     driverlib.a : prcm.obj (.text:PRCMLPDSEnterKeepDebugIf)
                  2001197c    00000038     drivers_cc32xx.a : TimerCC32XX.oem4 (.text:TimerCC32XX_hwiIntFunction)
                  200119b4    00000038     nortos_cc32xx.a : ClockPSysTick_nortos.oem4 (.text:addToList)
                  200119ec    00000038                     : startup_cc32xx_ccs.oem4 (.text:initVectors)
                  20011a24    00000038     drivers_cc32xx.a : PowerCC32XX.oem4 (.text:notify)
                  20011a5c    00000038     rtsv7M4_T_le_eabi.lib : fs_toi_t2.asm.obj (.text)
                  20011a94    00000038                           : i_tofs_t2.asm.obj (.text)
                  20011acc    00000036     driverlib.a : timer.obj (.text:TimerControlStall)
                  20011b02    00000036     drivers_cc32xx.a : UARTCC32XX.oem4 (.text:UARTCC32XX_readCancel)
                  20011b38    00000034     nortos_cc32xx.a : ClockPSysTick_nortos.oem4 (.text:ClockP_getTicksUntilInterrupt)
                  20011b6c    00000034                     : ClockPSysTick_nortos.oem4 (.text:ClockP_startup)
                  20011ba0    00000034     driverlib.a : pin.obj (.text:PinModeGet)
                  20011bd4    00000034     drivers_cc32xx.a : PowerCC32XX.oem4 (.text:PowerCC32XX_restoreParkState)
                  20011c08    00000034                      : TimerCC32XX.oem4 (.text:TimerCC32XX_freeTimerResource)
                  20011c3c    00000034                      : TimerCC32XX.oem4 (.text:getPowerMgrId)
                  20011c70    00000030     nortos_cc32xx.a : ClockPSysTick_nortos.oem4 (.text:ClockP_start)
                  20011ca0    00000030     drivers_cc32xx.a : PowerCC32XX.oem4 (.text:PowerCC32XX_restoreParkedPin)
                  20011cd0    00000030     rtsv7M4_T_le_eabi.lib : snprintf.c.obj (.text:_outs)
                  20011d00    0000002e                           : i_tofd_t2.asm.obj (.text)
                  20011d2e    00000002     --HOLE-- [fill = 0]
                  20011d30    0000002c     drivers_cc32xx.a : PowerCC32XX.oem4 (.text:PowerCC32XX_getParkState)
                  20011d5c    0000002a     nortos_cc32xx.a : HwiPCC32XX_nortos.oem4 (.text:HwiP_create)
                  20011d86    0000002a     driverlib.a : timer.obj (.text:TimerLoadSet)
                  20011db0    0000002a                 : timer.obj (.text:TimerPrescaleSet)
                  20011dda    00000028                 : i2c.obj (.text:I2CFIFODataPutNonBlocking)
                  20011e02    00000002     --HOLE-- [fill = 0]
                  20011e04    00000028                 : prcm.obj (.text:PRCMPeripheralClkDisable)
                  20011e2c    00000028     drivers_cc32xx.a : PowerCC32XX.oem4 (.text:Power_registerNotify)
                  20011e54    00000028     rtsv7M4_T_le_eabi.lib : memory.c.obj (.text:free_list_insert)
                  20011e7c    00000026     driverlib.a : i2c.obj (.text:I2CFIFODataGetNonBlocking)
                  20011ea2    00000026     drivers_cc32xx.a : I2C.oem4 (.text:I2C_cancel)
                  20011ec8    00000026                      : List.oem4 (.text:List_put)
                  20011eee    00000026                      : List.oem4 (.text:List_remove)
                  20011f14    00000024     nortos_cc32xx.a : HwiPCC32XX_nortos.oem4 (.text:HwiP_dispatch)
                  20011f38    00000024     drivers_cc32xx.a : PowerCC32XX.oem4 (.text:PowerCC32XX_reset)
                  20011f5c    00000024     rtsv7M4_T_le_eabi.lib : boot_cortex_m.c.obj (.text:_c_int00_noargs:_c_int00_noargs)
                  20011f80    00000022     driverlib.a : i2c.obj (.text:I2CMasterSlaveAddrSet)
                  20011fa2    00000020     nortos_cc32xx.a : HwiPCC32XX_nortos.oem4 (.text:HwiP_destruct)
                  20011fc2    00000002     --HOLE-- [fill = 0]
                  20011fc4    00000020     drivers_cc32xx.a : PowerCC32XX.oem4 (.text:Power_unregisterNotify)
                  20011fe4    00000020                      : RingBuf.oem4 (.text:RingBuf_peek)
                  20012004    00000020                      : UARTCC32XX.oem4 (.text:getPowerMgrId)
                  20012024    0000001e     driverlib.a : i2c.obj (.text:I2CMasterIntStatusEx)
                  20012042    0000001e     nortos_cc32xx.a : SemaphoreP_nortos.oem4 (.text:SemaphoreP_constructBinary)
                  20012060    0000001e     driverlib.a : timer.obj (.text:TimerDisable)
                  2001207e    0000001e                 : timer.obj (.text:TimerEnable)
                  2001209c    0000001c                 : pin.obj (.text:PinToPadGet)
                  200120b8    0000001c     nortos_cc32xx.a : SwiP_nortos.oem4 (.text:SwiP_disable)
                  200120d4    0000001c     rtsv7M4_T_le_eabi.lib : copy_zero_init.c.obj (.text:decompress:ZI:__TI_zero_init_nomemset:__TI_zero_init_nomemset)
                  200120f0    0000001c                           : memory.c.obj (.text:free_list_remove)
                  2001210c    0000001c                           : memccpy.c.obj (.text:memccpy)
                  20012128    0000001a     nortos_cc32xx.a : ClockPSysTick_nortos.oem4 (.text:ClockP_create)
                  20012142    0000001a                     : SemaphoreP_nortos.oem4 (.text:SemaphoreP_createBinary)
                  2001215c    0000001a                     : startup_cc32xx_ccs.oem4 (.text:resetISR)
                  20012176    00000018     driverlib.a : i2c.obj (.text:I2CMasterBusBusy)
                  2001218e    00000018                 : i2c.obj (.text:I2CMasterIntDisableEx)
                  200121a6    00000018                 : i2c.obj (.text:I2CMasterIntEnableEx)
                  200121be    00000018                 : i2c.obj (.text:I2CRxFIFOFlush)
                  200121d6    00000018                 : i2c.obj (.text:I2CTxFIFOFlush)
                  200121ee    00000002     --HOLE-- [fill = 0]
                  200121f0    00000018     drivers_cc32xx.a : PowerCC32XX.oem4 (.text:Power_getTransitionLatency)
                  20012208    00000018                      : PowerCC32XX.oem4 (.text:Power_idleFunc)
                  20012220    00000018                      : TimerCC32XX.oem4 (.text:TimerCC32XX_getCount)
                  20012238    00000018     driverlib.a : timer.obj (.text:TimerIntDisable)
                  20012250    00000018                 : timer.obj (.text:TimerIntEnable)
                  20012268    00000018                 : uart.obj (.text:UARTBusy)
                  20012280    00000018                 : uart.obj (.text:UARTIntEnable)
                  20012298    00000018     drivers_cc32xx.a : UART.oem4 (.text:UART_Params_init)
                  200122b0    00000018     rtsv7M4_T_le_eabi.lib : snprintf.c.obj (.text:_outc)
                  200122c8    00000018     gpiointerrupt.obj (.text:gpioButtonFxn0)
                  200122e0    00000018     gpiointerrupt.obj (.text:gpioButtonFxn1)
                  200122f8    00000018     rtsv7M4_T_le_eabi.lib : ll_mul_t2.asm.obj (.text)
                  20012310    00000018     gpiointerrupt.obj (.text:timerCallback)
                  20012328    00000016     driverlib.a : i2c.obj (.text:I2CMasterBurstLengthSet)
                  2001233e    00000016                 : prcm.obj (.text:PRCMHIBRegRead)
                  20012354    00000016                 : prcm.obj (.text:PRCMHIBRegWrite)
                  2001236a    00000016     nortos_cc32xx.a : SemaphoreP_nortos.oem4 (.text:SemaphoreP_create)
                  20012380    00000016     rtsv7M4_T_le_eabi.lib : strchr.c.obj (.text:strchr)
                  20012396    00000014     driverlib.a : cpu.obj (.text:CPUcpsid)
                  200123aa    00000002     --HOLE-- [fill = 0]
                  200123ac    00000014     nortos_cc32xx.a : HwiPCC32XX_nortos.oem4 (.text:HwiP_inISR)
                  200123c0    00000014     drivers_cc32xx.a : I2CCC32XX.oem4 (.text:I2CSupport_masterFinish)
                  200123d4    00000014                      : I2C.oem4 (.text:I2C_transfer)
                  200123e8    00000014     driverlib.a : interrupt.obj (.text:IntVTableBaseSet)
                  200123fc    00000014     drivers_cc32xx.a : PowerCC32XX.oem4 (.text:Power_disablePolicy)
                  20012410    00000014                      : PowerCC32XX.oem4 (.text:Power_getDependencyCount)
                  20012424    00000014                      : UARTCC32XX.oem4 (.text:releasePowerConstraint)
                  20012438    00000014     rtsv7M4_T_le_eabi.lib : strlen.c.obj (.text:strlen)
                  2001244c    00000012     nortos_cc32xx.a : HwiPCC32XX_nortos.oem4 (.text:HwiP_Params_init)
                  2001245e    00000012     driverlib.a : i2c.obj (.text:I2CMasterIntClearEx)
                  20012470    00000012     drivers_cc32xx.a : RingBuf.oem4 (.text:RingBuf_construct)
                  20012482    00000012     driverlib.a : timer.obj (.text:TimerIntClear)
                  20012494    00000012     main_nortos.obj (.text:main)
                  200124a6    00000012     rtsv7M4_T_le_eabi.lib : wcslen.c.obj (.text:wcslen)
                  200124b8    00000010     ti_drivers_config.obj (.text:Board_init)
                  200124c8    00000010     nortos_cc32xx.a : ClockPSysTick_nortos.oem4 (.text:ClockP_add)
                  200124d8    00000010                     : ClockPSysTick_nortos.oem4 (.text:ClockP_delete)
                  200124e8    00000010                     : ClockPSysTick_nortos.oem4 (.text:ClockP_getCpuFreq)
                  200124f8    00000010                     : ClockPSysTick_nortos.oem4 (.text:ClockP_getSystemTicks)
                  20012508    00000010                     : ClockPSysTick_nortos.oem4 (.text:ClockP_setTicks)
                  20012518    00000010                     : HwiPCC32XX_nortos.oem4 (.text:HwiP_delete)
                  20012528    00000010                     : HwiPCC32XX_nortos.oem4 (.text:HwiP_restore)
                  20012538    00000010     driverlib.a : i2c.obj (.text:I2CFIFOStatus)
                  20012548    00000010     drivers_cc32xx.a : I2C.oem4 (.text:I2C_Params_init)
                  20012558    00000010                      : PowerCC32XX.oem4 (.text:Power_enablePolicy)
                  20012568    00000010     nortos_cc32xx.a : SemaphoreP_nortos.oem4 (.text:SemaphoreP_Params_init)
                  20012578    00000010     drivers_cc32xx.a : Timer.oem4 (.text:Timer_Params_init)
                  20012588    00000010                      : UARTCC32XX.oem4 (.text:readBlockingTimeout)
                  20012598    0000000e     nortos_cc32xx.a : HwiPCC32XX_nortos.oem4 (.text:HwiP_clearInterrupt)
                  200125a6    0000000e                     : HwiPCC32XX_nortos.oem4 (.text:HwiP_disable)
                  200125b4    0000000e                     : HwiPCC32XX_nortos.oem4 (.text:HwiP_disableInterrupt)
                  200125c2    0000000e                     : HwiPCC32XX_nortos.oem4 (.text:HwiP_enable)
                  200125d0    0000000e                     : HwiPCC32XX_nortos.oem4 (.text:HwiP_enableInterrupt)
                  200125de    0000000e     drivers_cc32xx.a : I2CCC32XX.oem4 (.text:I2CCC32XX_updateReg)
                  200125ec    0000000e                      : RingBuf.oem4 (.text:RingBuf_isFull)
                  200125fa    0000000e     rtsv7M4_T_le_eabi.lib : copy_decompress_none.c.obj (.text:decompress:none:__TI_decompress_none)
                  20012608    0000000c     drivers_cc32xx.a : I2CCC32XX.oem4 (.text:I2CCC32XX_postNotify)
                  20012614    0000000c                      : PowerCC32XX.oem4 (.text:Power_getConstraintMask)
                  20012620    0000000c     rtsv7M4_T_le_eabi.lib : s_copysign.c.obj (.text:copysign)
                  2001262c    0000000c     drivers_cc32xx.a : TimerCC32XX.oem4 (.text:postNotifyFxn)
                  20012638    0000000c                      : UARTCC32XX.oem4 (.text:postNotifyFxn)
                  20012644    0000000a     nortos_cc32xx.a : ClockPSysTick_nortos.oem4 (.text:ClockP_Params_init)
                  2001264e    0000000a                     : ClockPSysTick_nortos.oem4 (.text:ClockP_isActive)
                  20012658    0000000a     driverlib.a : interrupt.obj (.text:IntMasterDisable)
                  20012662    0000000a     drivers_cc32xx.a : Timer.oem4 (.text:Timer_start)
                  2001266c    0000000a                      : UART.oem4 (.text:UART_write)
                  20012676    00000008                      : I2CCC32XX.oem4 (.text:I2CCC32XX_blockingCallback)
                  2001267e    00000002     --HOLE-- [fill = 0]
                  20012680    00000008     rtsv7M4_T_le_eabi.lib : errno.c.obj (.text:__aeabi_errno_addr)
                  20012688    00000008                           : memory.c.obj (.text:malloc)
                  20012690    00000008     drivers_cc32xx.a : UARTCC32XX.oem4 (.text:readSemCallback)
                  20012698    00000008                      : UARTCC32XX.oem4 (.text:writeSemCallback)
                  200126a0    00000006                      : I2CCC32XX.oem4 (.text:I2CSupport_powerRelConstraint)
                  200126a6    00000006                      : I2CCC32XX.oem4 (.text:I2CSupport_powerSetConstraint)
                  200126ac    00000006                      : TimerCC32XX.oem4 (.text:TimerCC32XX_control)
                  200126b2    00000006     driverlib.a : utils.obj (.text:UtilsDelay)
                  200126b8    00000004     nortos_cc32xx.a : ClockPSysTick_nortos.oem4 (.text:ClockP_setTimeout)
                  200126bc    00000004                     : HwiPCC32XX_nortos.oem4 (.text:HwiP_post)
                  200126c0    00000004                     : SemaphoreP_nortos.oem4 (.text:SemaphoreP_delete)
                  200126c4    00000004     rtsv7M4_T_le_eabi.lib : pre_init.c.obj (.text:_system_pre_init)
                  200126c8    00000004                           : exit.c.obj (.text:abort:abort)

.const     0    20012c9c    0000051a     
                  20012c9c    00000101     rtsv7M4_T_le_eabi.lib : ctype.c.obj (.const:.string:_ctypes_)
                  20012d9d    00000003     --HOLE-- [fill = 0]
                  20012da0    00000100     driverlib.a : pin.obj (.const:g_ulPinToPadMap)
                  20012ea0    000000a8                 : prcm.obj (.const:PRCM_PeriphRegsList)
                  20012f48    00000044     ti_drivers_config.obj (.const:PowerCC32XX_config)
                  20012f8c    00000028     drivers_cc32xx.a : UARTCC32XX.oem4 (.const:UARTCC32XX_fxnTable)
                  20012fb4    00000024                      : UART.oem4 (.const:UART_defaultParams)
                  20012fd8    00000024     ti_drivers_config.obj (.const:uartCC32XXHWAttrs0)
                  20012ffc    00000021     drivers_cc32xx.a : GPIOCC32XX.oem4 (.const:.string:pinTable)
                  2001301d    00000003     --HOLE-- [fill = 0]
                  20013020    00000020                      : TimerCC32XX.oem4 (.const:TimerCC32XX_fxnTable)
                  20013040    00000020                      : UARTCC32XX.oem4 (.const:staticFxnTable)
                  20013060    00000018     driverlib.a : interrupt.obj (.const:g_pulEnRegs)
                  20013078    00000018                 : interrupt.obj (.const:g_pulPendRegs)
                  20013090    00000018     gpiointerrupt.obj (.const:sensors)
                  200130a8    00000014     ti_drivers_config.obj (.const:GPIOCC32XX_config)
                  200130bc    00000014     drivers_cc32xx.a : GPIOCC32XX.oem4 (.const:gpioBaseAddresses)
                  200130d0    00000014     ti_drivers_config.obj (.const:i2cCC32XXHWAttrs)
                  200130e4    00000014     drivers_cc32xx.a : UARTCC32XX.oem4 (.const:parityType)
                  200130f8    00000014                      : GPIOCC32XX.oem4 (.const:powerResources)
                  2001310c    00000010                      : I2C.oem4 (.const:I2C_defaultParams)
                  2001311c    00000010                      : I2CCC32XX.oem4 (.const:I2C_defaultParams)
                  2001312c    00000010                      : UARTCC32XX.oem4 (.const:dataLength)
                  2001313c    00000010     ti_drivers_config.obj (.const:timerCC32XXHWAttrs)
                  2001314c    0000000c     gpiointerrupt.obj (.const:.string)
                  20013158    0000000c     ti_drivers_config.obj (.const:Timer_config)
                  20013164    0000000c     ti_drivers_config.obj (.const:UART_config)
                  20013170    0000000c     drivers_cc32xx.a : Timer.oem4 (.const:defaultParams)
                  2001317c    00000009     ti_drivers_config.obj (.const)
                  20013185    00000003     --HOLE-- [fill = 0]
                  20013188    00000008     ti_drivers_config.obj (.const:I2C_config)
                  20013190    00000008     drivers_cc32xx.a : GPIOCC32XX.oem4 (.const:outPinTypes)
                  20013198    00000008                      : UARTCC32XX.oem4 (.const:stopBits)
                  200131a0    00000006                      : GPIOCC32XX.oem4 (.const:.string:interruptType)
                  200131a6    00000006                      : GPIOCC32XX.oem4 (.const:inPinTypes)
                  200131ac    00000006                      : GPIOCC32XX.oem4 (.const:outPinStrengths)
                  200131b2    00000004                      : GPIOCC32XX.oem4 (.const:.string:portInterruptIds)

.cinit     0    20013590    000000f8     
                  20013590    000000d3     (.cinit..data.load) [load image, compression = lzss]
                  20013663    00000001     --HOLE-- [fill = 0]
                  20013664    0000000c     (__TI_handler_table)
                  20013670    00000008     (.cinit..bss.load) [load image, compression = zero_init]
                  20013678    00000010     (__TI_cinit_table)

.init_array 
*          0    20004000    00000000     UNINITIALIZED

.ramVecs   0    20000000    0000030c     NOLOAD SECTION
                  20000000    0000030c     nortos_cc32xx.a : startup_cc32xx_ccs.oem4 (.ramVecs)

.stack     0    20003000    00001000     UNINITIALIZED
                  20003000    00000004     rtsv7M4_T_le_eabi.lib : boot_cortex_m.c.obj (.stack)
                  20003004    00000ffc     --HOLE--

.resetVecs 
*          0    20004000    00000040     
                  20004000    00000040     nortos_cc32xx.a : startup_cc32xx_ccs.oem4 (.resetVecs:retain)

.sysmem    0    20004040    00008000     UNINITIALIZED
                  20004040    00000010     rtsv7M4_T_le_eabi.lib : memory.c.obj (.sysmem)
                  20004050    00007ff0     --HOLE--

.data      0    200126cc    000005d0     UNINITIALIZED
                  200126cc    0000030c     nortos_cc32xx.a : HwiPCC32XX_nortos.oem4 (.data:HwiP_dispatchTable)
                  200129d8    0000016c     drivers_cc32xx.a : PowerCC32XX.oem4 (.data:PowerCC32XX_module)
                  20012b44    000000f8     ti_drivers_config.obj (.data:parkInfo)
                  20012c3c    00000010     gpiointerrupt.obj (.data)
                  20012c4c    0000000c     ti_drivers_config.obj (.data:gpioCallbackFunctions)
                  20012c58    0000000c     ti_drivers_config.obj (.data:gpioPinConfigs)
                  20012c64    00000009     drivers_cc32xx.a : GPIOCC32XX.oem4 (.data)
                  20012c6d    00000003     nortos_cc32xx.a : SemaphoreP_nortos.oem4 (.data)
                  20012c70    00000008     rtsv7M4_T_le_eabi.lib : _lock.c.obj (.data:$O1$$)
                  20012c78    00000008                           : memory.c.obj (.data:$O1$$)
                  20012c80    00000008     nortos_cc32xx.a : SemaphoreP_nortos.oem4 (.data:SemaphoreP_defaultParams)
                  20012c88    00000008                     : HwiPCC32XX_nortos.oem4 (.data)
                  20012c90    00000005                     : ClockPSysTick_nortos.oem4 (.data)
                  20012c95    00000001     drivers_cc32xx.a : Timer.oem4 (.data)
                  20012c96    00000001                      : UART.oem4 (.data)
                  20012c97    00000001     --HOLE--
                  20012c98    00000004     rtsv7M4_T_le_eabi.lib : errno.c.obj (.data)

.bss       0    200131b8    000003d4     UNINITIALIZED
                  200131b8    0000012c     (.common:PowerCC32XX_contextSave)
                  200132e4    000000fc     (.common:i2cCC32XXObjects)
                  200133e0    00000084     (.common:uartCC32XXObjects0)
                  20013464    00000040     (.common:output)
                  200134a4    00000034     (.common:timerCC32XXObjects)
                  200134d8    00000020     drivers_cc32xx.a : GPIOCC32XX.oem4 (.bss:gpioCallbackInfo)
                  200134f8    00000020     ti_drivers_config.obj (.bss:uartCC32XXRingBuffer0)
                  20013518    00000020     (.common:i2cTransaction)
                  20013538    00000014     drivers_cc32xx.a : GPIOCC32XX.oem4 (.bss:powerNotifyObj)
                  2001354c    00000004                      : GPIOCC32XX.oem4 (.bss)
                  20013550    00000010     (.common:ClockP_ctrl)
                  20013560    0000000d     nortos_cc32xx.a : SwiP_nortos.oem4 (.bss)
                  2001356d    00000001     (.common:BUTTON_STATE)
                  2001356e    00000001     (.common:LED_STATE)
                  2001356f    00000001     (.common:TEMP_STATE)
                  20013570    00000004                     : ClockPSysTick_nortos.oem4 (.bss)
                  20013574    00000004     drivers_cc32xx.a : TimerCC32XX.oem4 (.bss:timerState)
                  20013578    00000004     (.common:i2c)
                  2001357c    00000004     (.common:rxBuffer)
                  20013580    00000004     (.common:timer0)
                  20013584    00000004     (.common:txBuffer)
                  20013588    00000004     (.common:uart)

.log_data 
*          0    90000000    00000000     COPY SECTION

__llvm_prf_cnts 
*          0    20004000    00000000     UNINITIALIZED

MODULE SUMMARY

       Module                       code    ro data   rw data
       ------                       ----    -------   -------
    .\
       gpiointerrupt.obj            1732    36        135    
       main_nortos.obj              18      0         0      
    +--+----------------------------+-------+---------+---------+
       Total:                       1750    36        135    
                                                             
    .\syscfg\
       ti_drivers_config.obj        18      201       740    
    +--+----------------------------+-------+---------+---------+
       Total:                       18      201       740    
                                                             
    C:/ti/simplelink_cc32xx_sdk_4_30_00_06/kernel/nortos/lib/ccs/m4/nortos_cc32xx.a
       HwiPCC32XX_nortos.oem4       394     0         788    
       startup_cc32xx_ccs.oem4      90      64        780    
       ClockPSysTick_nortos.oem4    702     0         25     
       PowerCC32XX_nortos.oem4      472     0         0      
       SemaphoreP_nortos.oem4       408     0         11     
       SwiP_nortos.oem4             96      0         13     
    +--+----------------------------+-------+---------+---------+
       Total:                       2162    64        1617   
                                                             
    C:/ti/simplelink_cc32xx_sdk_4_30_00_06/source/ti/devices/cc32xx/driverlib/ccs/Release/driverlib.a
       prcm.obj                     1604    168       0      
       pin.obj                      280     256       0      
       interrupt.obj                334     48        0      
       i2c.obj                      318     0         0      
       timer.obj                    264     0         0      
       flash.obj                    72      0         0      
       uart.obj                     48      0         0      
       cpu.obj                      20      0         0      
       utils.obj                    6       0         0      
    +--+----------------------------+-------+---------+---------+
       Total:                       2946    472       0      
                                                             
    C:/ti/simplelink_cc32xx_sdk_4_30_00_06/source/ti/drivers/lib/ccs/m4/drivers_cc32xx.a
       UARTCC32XX.oem4              3466    116       0      
       PowerCC32XX.oem4             2432    0         664    
       I2CCC32XX.oem4               1452    16        0      
       GPIOCC32XX.oem4              1208    103       65     
       TimerCC32XX.oem4             1132    32        4      
       I2C.oem4                     366     16        0      
       UART.oem4                    166     36        1      
       RingBuf.oem4                 198     0         0      
       Timer.oem4                   158     12        1      
       PowerCC32XX_asm.oem4         150     0         0      
       List.oem4                    76      0         0      
    +--+----------------------------+-------+---------+---------+
       Total:                       10804   331       735    
                                                             
    C:\ti\ccs1260\ccs\tools\compiler\ti-cgt-arm_20.2.7.LTS\lib\rtsv7M4_T_le_eabi.lib
       _printfi.c.obj               4835    0         0      
       memory.c.obj                 672     0         8      
       fd_add_t2.asm.obj            438     0         0      
       fd_div_t2.asm.obj            310     0         0      
       fd_cmp_t2.asm.obj            268     0         0      
       ctype.c.obj                  0       257       0      
       fd_mul_t2.asm.obj            252     0         0      
       s_scalbn.c.obj               208     0         0      
       memcpy_t2.asm.obj            156     0         0      
       ull_div_t2.asm.obj           150     0         0      
       snprintf.c.obj               148     0         0      
       fs_mul_t2.asm.obj            122     0         0      
       memset_t2.asm.obj            122     0         0      
       copy_decompress_lzss.c.obj   104     0         0      
       s_frexp.c.obj                92      0         0      
       _ltoa.c.obj                  84      0         0      
       atoi.c.obj                   76      0         0      
       fd_toi_t2.asm.obj            72      0         0      
       autoinit.c.obj               68      0         0      
       fs_toi_t2.asm.obj            56      0         0      
       i_tofs_t2.asm.obj            56      0         0      
       i_tofd_t2.asm.obj            46      0         0      
       boot_cortex_m.c.obj          36      0         0      
       copy_zero_init.c.obj         28      0         0      
       memccpy.c.obj                28      0         0      
       ll_mul_t2.asm.obj            24      0         0      
       strchr.c.obj                 22      0         0      
       strlen.c.obj                 20      0         0      
       wcslen.c.obj                 18      0         0      
       copy_decompress_none.c.obj   14      0         0      
       errno.c.obj                  8       0         4      
       s_copysign.c.obj             12      0         0      
       _lock.c.obj                  2       0         8      
       exit.c.obj                   4       0         0      
       pre_init.c.obj               4       0         0      
       div0.asm.obj                 2       0         0      
    +--+----------------------------+-------+---------+---------+
       Total:                       8557    257       20     
                                                             
       Heap:                        0       0         32768  
       Stack:                       0       0         4096   
       Linker Generated:            0       247       0      
    +--+----------------------------+-------+---------+---------+
       Grand Total:                 26237   1608      40111  


LINKER GENERATED COPY TABLES

__TI_cinit_table @ 20013678 records: 2, size/record: 8, table size: 16
	.data: load addr=20013590, load size=000000d3 bytes, run addr=200126cc, run size=000005d0 bytes, compression=lzss
	.bss: load addr=20013670, load size=00000008 bytes, run addr=200131b8, run size=000003d4 bytes, compression=zero_init


LINKER GENERATED HANDLER TABLE

__TI_handler_table @ 20013664 records: 3, size/record: 4, table size: 12
	index: 0, handler: __TI_decompress_lzss
	index: 1, handler: __TI_decompress_none
	index: 2, handler: __TI_zero_init


GLOBAL SYMBOLS: SORTED ALPHABETICALLY BY Name 

address   name                             
-------   ----                             
2001356d  BUTTON_STATE                     
200124b9  Board_init                       
2000ca8f  Board_initHook                   
200126c9  C$$EXIT                          
2001317c  CONFIG_GPIO_BUTTON_0_CONST       
2001317d  CONFIG_GPIO_BUTTON_1_CONST       
2001317e  CONFIG_GPIO_LED_0_CONST          
2001317f  CONFIG_I2C_0_CONST               
20013181  CONFIG_TIMER_0_CONST             
20013183  CONFIG_UART_0_CONST              
20012397  CPUcpsid                         
20012645  ClockP_Params_init               
200124c9  ClockP_add                       
2001161d  ClockP_construct                 
20012129  ClockP_create                    
20013550  ClockP_ctrl                      
200124d9  ClockP_delete                    
2001181d  ClockP_destruct                  
20010f0d  ClockP_doTick                    
200124e9  ClockP_getCpuFreq                
200124f9  ClockP_getSystemTicks            
20011b39  ClockP_getTicksUntilInterrupt    
2001264f  ClockP_isActive                  
20012509  ClockP_setTicks                  
200126b9  ClockP_setTimeout                
20011c71  ClockP_start                     
20011b6d  ClockP_startup                   
200113b9  ClockP_stop                      
20010f0d  ClockP_sysTickHandler            
20012c90  ClockP_tickPeriod                
200111c5  FlashDisable                     
200130a8  GPIOCC32XX_config                
20010ffd  GPIO_enableInt                   
200104d5  GPIO_hwiIntFxn                   
2000f0ed  GPIO_init                        
20010a51  GPIO_setCallback                 
2000d5fd  GPIO_setConfig                   
20010b65  GPIO_write                       
2001244d  HwiP_Params_init                 
20012599  HwiP_clearInterrupt              
2000fe31  HwiP_construct                   
20011d5d  HwiP_create                      
20012519  HwiP_delete                      
20011fa3  HwiP_destruct                    
200125a7  HwiP_disable                     
200125b5  HwiP_disableInterrupt            
20011f15  HwiP_dispatch                    
200125c3  HwiP_enable                      
200125d1  HwiP_enableInterrupt             
200123ad  HwiP_inISR                       
20012c88  HwiP_key                         
200126bd  HwiP_post                        
20012529  HwiP_restore                     
20012c8c  HwiP_swiPIntNum                  
20011e7d  I2CFIFODataGetNonBlocking        
20011ddb  I2CFIFODataPutNonBlocking        
20012539  I2CFIFOStatus                    
20012329  I2CMasterBurstLengthSet          
20012177  I2CMasterBusBusy                 
2001245f  I2CMasterIntClearEx              
2001218f  I2CMasterIntDisableEx            
200121a7  I2CMasterIntEnableEx             
20012025  I2CMasterIntStatusEx             
20011f81  I2CMasterSlaveAddrSet            
200121bf  I2CRxFIFOFlush                   
200123c1  I2CSupport_masterFinish          
200126a1  I2CSupport_powerRelConstraint    
200126a7  I2CSupport_powerSetConstraint    
2001078f  I2CSupport_primeTransfer         
200121d7  I2CTxFIFOFlush                   
20012549  I2C_Params_init                  
20011ea3  I2C_cancel                       
20013188  I2C_config                       
20013180  I2C_count                        
2001310c  I2C_defaultParams                
2000db63  I2C_init                         
2000eb81  I2C_open                         
200123d5  I2C_transfer                     
2000e5fd  I2C_transferTimeout              
UNDEFED   ITM_flush                        
UNDEFED   ITM_restore                      
2000f805  IntEnable                        
20012659  IntMasterDisable                 
2000febd  IntPendSet                       
200123e9  IntVTableBaseSet                 
2001356e  LED_STATE                        
20011ec9  List_put                         
20011eef  List_remove                      
200125c3  NoRTOS_start                     
2000ca91  PRCMCC3200MCUInit                
2001233f  PRCMHIBRegRead                   
20012355  PRCMHIBRegWrite                  
2001120d  PRCMLPDSEnter                    
20011945  PRCMLPDSEnterKeepDebugIf         
200113fd  PRCMLPDSRestoreInfoSet           
20011e05  PRCMPeripheralClkDisable         
20011255  PRCMPeripheralClkEnable          
20010bbd  PRCMPeripheralReset              
20010991  PRCMSysResetCauseGet             
2000ff45  PinConfigSet                     
20011ba1  PinModeGet                       
2001165d  PinModeSet                       
2001209d  PinToPadGet                      
20012f48  PowerCC32XX_config               
2000f8ad  PowerCC32XX_configureWakeup      
200131b8  PowerCC32XX_contextSave          
20011441  PowerCC32XX_enterLPDS            
20011d31  PowerCC32XX_getParkState         
2000e4d3  PowerCC32XX_initPolicy           
200129d8  PowerCC32XX_module               
20011095  PowerCC32XX_parkPin              
20011f39  PowerCC32XX_reset                
20011bd5  PowerCC32XX_restoreParkState     
20011ca1  PowerCC32XX_restoreParkedPin     
20010e15  PowerCC32XX_resumeLPDS           
200108c9  PowerCC32XX_setParkState         
2000db65  PowerCC32XX_sleepPolicy          
200123fd  Power_disablePolicy              
20012559  Power_enablePolicy               
20012615  Power_getConstraintMask          
20012411  Power_getDependencyCount         
200121f1  Power_getTransitionLatency       
20012209  Power_idleFunc                   
20010161  Power_init                       
20011e2d  Power_registerNotify             
2001129d  Power_releaseConstraint          
20010c15  Power_releaseDependency          
20011859  Power_setConstraint              
20010269  Power_setDependency              
2000e265  Power_sleep                      
20011fc5  Power_unregisterNotify           
20011895  Read_Button                      
2001169d  Read_LED                         
200109f1  Read_Temp                        
20012471  RingBuf_construct                
200116dd  RingBuf_get                      
200125ed  RingBuf_isFull                   
20011fe5  RingBuf_peek                     
2001132d  RingBuf_put                      
20012569  SemaphoreP_Params_init           
20010f5d  SemaphoreP_construct             
20012043  SemaphoreP_constructBinary       
2001236b  SemaphoreP_create                
20012143  SemaphoreP_createBinary          
20012c80  SemaphoreP_defaultParams         
200126c1  SemaphoreP_delete                
2000fa99  SemaphoreP_pend                  
20011485  SemaphoreP_post                  
200120b9  SwiP_disable                     
200114c9  SwiP_restore                     
2001356f  TEMP_STATE                       
20010fad  TimerCC32XX_allocateTimerResource
200118d1  TimerCC32XX_close                
200126ad  TimerCC32XX_control              
20011c09  TimerCC32XX_freeTimerResource    
20013020  TimerCC32XX_fxnTable             
20012221  TimerCC32XX_getCount             
2000e71f  TimerCC32XX_init                 
2000e4d5  TimerCC32XX_open                 
2000ffcd  TimerCC32XX_setPeriod            
2001054d  TimerCC32XX_start                
20010c6d  TimerCC32XX_stop                 
20011acd  TimerControlStall                
20012061  TimerDisable                     
2001207f  TimerEnable                      
20012c3c  TimerFlag                        
20012483  TimerIntClear                    
20012239  TimerIntDisable                  
20012251  TimerIntEnable                   
20011d87  TimerLoadSet                     
20011db1  TimerPrescaleSet                 
20012579  Timer_Params_init                
20013158  Timer_config                     
20013182  Timer_count                      
2001150d  Timer_init                       
2001171d  Timer_open                       
20012663  Timer_start                      
20012269  UARTBusy                         
2000e721  UARTCC32XX_close                 
2000ed79  UARTCC32XX_control               
20012f8c  UARTCC32XX_fxnTable              
2000ee6b  UARTCC32XX_init                  
2000cebd  UARTCC32XX_open                  
2001175d  UARTCC32XX_read                  
20011b03  UARTCC32XX_readCancel            
2000f271  UARTCC32XX_readPolling           
2000f021  UARTCC32XX_write                 
20010861  UARTCC32XX_writeCancel           
2001092d  UARTCC32XX_writePolling          
20012281  UARTIntEnable                    
20012299  UART_Params_init                 
20013164  UART_config                      
20013184  UART_count                       
20012fb4  UART_defaultParams               
20011551  UART_init                        
2001179d  UART_open                        
2001266d  UART_write                       
200126b3  UtilsDelay                       
20004000  __STACK_END                      
00001000  __STACK_SIZE                     
00008000  __SYSMEM_SIZE                    
20013678  __TI_CINIT_Base                  
20013688  __TI_CINIT_Limit                 
20013664  __TI_Handler_Table_Base          
20013670  __TI_Handler_Table_Limit         
20011595  __TI_auto_init_nobinit_nopinit   
200107f9  __TI_decompress_lzss             
200125fb  __TI_decompress_none             
20010d19  __TI_ltoa                        
ffffffff  __TI_pprof_out_hndl              
2000c041  __TI_printfi                     
ffffffff  __TI_prof_data_size              
ffffffff  __TI_prof_data_start             
20013590  __TI_static_base__               
200120d5  __TI_zero_init_nomemset          
20010055  __aeabi_cdcmpeq                  
20010055  __aeabi_cdcmple                  
200100db  __aeabi_cdrcmple                 
200112e5  __aeabi_d2iz                     
2000d9b7  __aeabi_dadd                     
2000e39d  __aeabi_ddiv                     
2000ec7d  __aeabi_dmul                     
2000d9ad  __aeabi_dsub                     
20012681  __aeabi_errno_addr               
20011a5d  __aeabi_f2iz                     
200103df  __aeabi_fmul                     
20011d01  __aeabi_i2d                      
20011a95  __aeabi_i2f                      
20010f0b  __aeabi_idiv0                    
20010f0b  __aeabi_ldiv0                    
200122f9  __aeabi_lmul                     
20010459  __aeabi_memclr                   
20010459  __aeabi_memclr4                  
20010459  __aeabi_memclr8                  
2000fbd5  __aeabi_memcpy                   
2000fbd5  __aeabi_memcpy4                  
2000fbd5  __aeabi_memcpy8                  
2001045b  __aeabi_memset                   
2001045b  __aeabi_memset4                  
2001045b  __aeabi_memset8                  
2000fd09  __aeabi_uldivmod                 
ffffffff  __binit__                        
ffffffff  __c_args__                       
UNDEFED   __mpu_init                       
20003000  __stack                          
20004000  __start___llvm_prf_cnts          
20004000  __stop___llvm_prf_cnts           
20011f5d  _c_int00_noargs                  
20012c9c  _ctypes_                         
20012c70  _lock                            
2000f0eb  _nop                             
20004040  _sys_memory                      
UNDEFED   _system_post_cinit               
200126c5  _system_pre_init                 
20012c74  _unlock                          
200126c9  abort                            
2000ea81  aligned_alloc                    
200110e1  atoi                             
ffffffff  binit                            
2000fd9f  clkFxn                           
20012621  copysign                         
20012621  copysignl                        
20012c98  errno                            
2000ee6d  free                             
20010aad  frexp                            
20010aad  frexpl                           
200122c9  gpioButtonFxn0                   
200122e1  gpioButtonFxn1                   
20012c4c  gpioCallbackFunctions            
20012c58  gpioPinConfigs                   
20012c44  heat                             
20013578  i2c                              
200130d0  i2cCC32XXHWAttrs                 
200132e4  i2cCC32XXObjects                 
20013518  i2cTransaction                   
200131a6  inPinTypes                       
2000d3ad  initI2C                          
20010d6d  initTimer                        
200115d9  initUART                         
200119ed  initVectors                      
2000ef51  ldexp                            
2000ef51  ldexpl                           
20012495  main                             
2000dd01  mainThread                       
20012689  malloc                           
2000ea81  memalign                         
2001210d  memccpy                          
2000fbd5  memcpy                           
20010461  memset                           
200131ac  outPinStrengths                  
20013190  outPinTypes                      
20013464  output                           
20012b44  parkInfo                         
2000e961  readTempSensor                   
2001215d  resetISR                         
20012170  resetVectorAddr                  
20004000  resetVectors                     
2001357c  rxBuffer                         
2000ef51  scalbn                           
2000ef51  scalbnl                          
20012c48  seconds                          
20012c40  setPoint                         
20011179  snprintf                         
20012381  strchr                           
20012439  strlen                           
20012c3e  temperature                      
20013580  timer0                           
2001313c  timerCC32XXHWAttrs               
200134a4  timerCC32XXObjects               
20012311  timerCallback                    
20013584  txBuffer                         
20013588  uart                             
200133e0  uartCC32XXObjects0               
200124a7  wcslen                           


GLOBAL SYMBOLS: SORTED BY Symbol Address 

address   name                             
-------   ----                             
00001000  __STACK_SIZE                     
00008000  __SYSMEM_SIZE                    
20003000  __stack                          
20004000  __STACK_END                      
20004000  __start___llvm_prf_cnts          
20004000  __stop___llvm_prf_cnts           
20004000  resetVectors                     
20004040  _sys_memory                      
2000c041  __TI_printfi                     
2000ca8f  Board_initHook                   
2000ca91  PRCMCC3200MCUInit                
2000cebd  UARTCC32XX_open                  
2000d3ad  initI2C                          
2000d5fd  GPIO_setConfig                   
2000d9ad  __aeabi_dsub                     
2000d9b7  __aeabi_dadd                     
2000db63  I2C_init                         
2000db65  PowerCC32XX_sleepPolicy          
2000dd01  mainThread                       
2000e265  Power_sleep                      
2000e39d  __aeabi_ddiv                     
2000e4d3  PowerCC32XX_initPolicy           
2000e4d5  TimerCC32XX_open                 
2000e5fd  I2C_transferTimeout              
2000e71f  TimerCC32XX_init                 
2000e721  UARTCC32XX_close                 
2000e961  readTempSensor                   
2000ea81  aligned_alloc                    
2000ea81  memalign                         
2000eb81  I2C_open                         
2000ec7d  __aeabi_dmul                     
2000ed79  UARTCC32XX_control               
2000ee6b  UARTCC32XX_init                  
2000ee6d  free                             
2000ef51  ldexp                            
2000ef51  ldexpl                           
2000ef51  scalbn                           
2000ef51  scalbnl                          
2000f021  UARTCC32XX_write                 
2000f0eb  _nop                             
2000f0ed  GPIO_init                        
2000f271  UARTCC32XX_readPolling           
2000f805  IntEnable                        
2000f8ad  PowerCC32XX_configureWakeup      
2000fa99  SemaphoreP_pend                  
2000fbd5  __aeabi_memcpy                   
2000fbd5  __aeabi_memcpy4                  
2000fbd5  __aeabi_memcpy8                  
2000fbd5  memcpy                           
2000fd09  __aeabi_uldivmod                 
2000fd9f  clkFxn                           
2000fe31  HwiP_construct                   
2000febd  IntPendSet                       
2000ff45  PinConfigSet                     
2000ffcd  TimerCC32XX_setPeriod            
20010055  __aeabi_cdcmpeq                  
20010055  __aeabi_cdcmple                  
200100db  __aeabi_cdrcmple                 
20010161  Power_init                       
20010269  Power_setDependency              
200103df  __aeabi_fmul                     
20010459  __aeabi_memclr                   
20010459  __aeabi_memclr4                  
20010459  __aeabi_memclr8                  
2001045b  __aeabi_memset                   
2001045b  __aeabi_memset4                  
2001045b  __aeabi_memset8                  
20010461  memset                           
200104d5  GPIO_hwiIntFxn                   
2001054d  TimerCC32XX_start                
2001078f  I2CSupport_primeTransfer         
200107f9  __TI_decompress_lzss             
20010861  UARTCC32XX_writeCancel           
200108c9  PowerCC32XX_setParkState         
2001092d  UARTCC32XX_writePolling          
20010991  PRCMSysResetCauseGet             
200109f1  Read_Temp                        
20010a51  GPIO_setCallback                 
20010aad  frexp                            
20010aad  frexpl                           
20010b65  GPIO_write                       
20010bbd  PRCMPeripheralReset              
20010c15  Power_releaseDependency          
20010c6d  TimerCC32XX_stop                 
20010d19  __TI_ltoa                        
20010d6d  initTimer                        
20010e15  PowerCC32XX_resumeLPDS           
20010f0b  __aeabi_idiv0                    
20010f0b  __aeabi_ldiv0                    
20010f0d  ClockP_doTick                    
20010f0d  ClockP_sysTickHandler            
20010f5d  SemaphoreP_construct             
20010fad  TimerCC32XX_allocateTimerResource
20010ffd  GPIO_enableInt                   
20011095  PowerCC32XX_parkPin              
200110e1  atoi                             
20011179  snprintf                         
200111c5  FlashDisable                     
2001120d  PRCMLPDSEnter                    
20011255  PRCMPeripheralClkEnable          
2001129d  Power_releaseConstraint          
200112e5  __aeabi_d2iz                     
2001132d  RingBuf_put                      
200113b9  ClockP_stop                      
200113fd  PRCMLPDSRestoreInfoSet           
20011441  PowerCC32XX_enterLPDS            
20011485  SemaphoreP_post                  
200114c9  SwiP_restore                     
2001150d  Timer_init                       
20011551  UART_init                        
20011595  __TI_auto_init_nobinit_nopinit   
200115d9  initUART                         
2001161d  ClockP_construct                 
2001165d  PinModeSet                       
2001169d  Read_LED                         
200116dd  RingBuf_get                      
2001171d  Timer_open                       
2001175d  UARTCC32XX_read                  
2001179d  UART_open                        
2001181d  ClockP_destruct                  
20011859  Power_setConstraint              
20011895  Read_Button                      
200118d1  TimerCC32XX_close                
20011945  PRCMLPDSEnterKeepDebugIf         
200119ed  initVectors                      
20011a5d  __aeabi_f2iz                     
20011a95  __aeabi_i2f                      
20011acd  TimerControlStall                
20011b03  UARTCC32XX_readCancel            
20011b39  ClockP_getTicksUntilInterrupt    
20011b6d  ClockP_startup                   
20011ba1  PinModeGet                       
20011bd5  PowerCC32XX_restoreParkState     
20011c09  TimerCC32XX_freeTimerResource    
20011c71  ClockP_start                     
20011ca1  PowerCC32XX_restoreParkedPin     
20011d01  __aeabi_i2d                      
20011d31  PowerCC32XX_getParkState         
20011d5d  HwiP_create                      
20011d87  TimerLoadSet                     
20011db1  TimerPrescaleSet                 
20011ddb  I2CFIFODataPutNonBlocking        
20011e05  PRCMPeripheralClkDisable         
20011e2d  Power_registerNotify             
20011e7d  I2CFIFODataGetNonBlocking        
20011ea3  I2C_cancel                       
20011ec9  List_put                         
20011eef  List_remove                      
20011f15  HwiP_dispatch                    
20011f39  PowerCC32XX_reset                
20011f5d  _c_int00_noargs                  
20011f81  I2CMasterSlaveAddrSet            
20011fa3  HwiP_destruct                    
20011fc5  Power_unregisterNotify           
20011fe5  RingBuf_peek                     
20012025  I2CMasterIntStatusEx             
20012043  SemaphoreP_constructBinary       
20012061  TimerDisable                     
2001207f  TimerEnable                      
2001209d  PinToPadGet                      
200120b9  SwiP_disable                     
200120d5  __TI_zero_init_nomemset          
2001210d  memccpy                          
20012129  ClockP_create                    
20012143  SemaphoreP_createBinary          
2001215d  resetISR                         
20012170  resetVectorAddr                  
20012177  I2CMasterBusBusy                 
2001218f  I2CMasterIntDisableEx            
200121a7  I2CMasterIntEnableEx             
200121bf  I2CRxFIFOFlush                   
200121d7  I2CTxFIFOFlush                   
200121f1  Power_getTransitionLatency       
20012209  Power_idleFunc                   
20012221  TimerCC32XX_getCount             
20012239  TimerIntDisable                  
20012251  TimerIntEnable                   
20012269  UARTBusy                         
20012281  UARTIntEnable                    
20012299  UART_Params_init                 
200122c9  gpioButtonFxn0                   
200122e1  gpioButtonFxn1                   
200122f9  __aeabi_lmul                     
20012311  timerCallback                    
20012329  I2CMasterBurstLengthSet          
2001233f  PRCMHIBRegRead                   
20012355  PRCMHIBRegWrite                  
2001236b  SemaphoreP_create                
20012381  strchr                           
20012397  CPUcpsid                         
200123ad  HwiP_inISR                       
200123c1  I2CSupport_masterFinish          
200123d5  I2C_transfer                     
200123e9  IntVTableBaseSet                 
200123fd  Power_disablePolicy              
20012411  Power_getDependencyCount         
20012439  strlen                           
2001244d  HwiP_Params_init                 
2001245f  I2CMasterIntClearEx              
20012471  RingBuf_construct                
20012483  TimerIntClear                    
20012495  main                             
200124a7  wcslen                           
200124b9  Board_init                       
200124c9  ClockP_add                       
200124d9  ClockP_delete                    
200124e9  ClockP_getCpuFreq                
200124f9  ClockP_getSystemTicks            
20012509  ClockP_setTicks                  
20012519  HwiP_delete                      
20012529  HwiP_restore                     
20012539  I2CFIFOStatus                    
20012549  I2C_Params_init                  
20012559  Power_enablePolicy               
20012569  SemaphoreP_Params_init           
20012579  Timer_Params_init                
20012599  HwiP_clearInterrupt              
200125a7  HwiP_disable                     
200125b5  HwiP_disableInterrupt            
200125c3  HwiP_enable                      
200125c3  NoRTOS_start                     
200125d1  HwiP_enableInterrupt             
200125ed  RingBuf_isFull                   
200125fb  __TI_decompress_none             
20012615  Power_getConstraintMask          
20012621  copysign                         
20012621  copysignl                        
20012645  ClockP_Params_init               
2001264f  ClockP_isActive                  
20012659  IntMasterDisable                 
20012663  Timer_start                      
2001266d  UART_write                       
20012681  __aeabi_errno_addr               
20012689  malloc                           
200126a1  I2CSupport_powerRelConstraint    
200126a7  I2CSupport_powerSetConstraint    
200126ad  TimerCC32XX_control              
200126b3  UtilsDelay                       
200126b9  ClockP_setTimeout                
200126bd  HwiP_post                        
200126c1  SemaphoreP_delete                
200126c5  _system_pre_init                 
200126c9  C$$EXIT                          
200126c9  abort                            
200129d8  PowerCC32XX_module               
20012b44  parkInfo                         
20012c3c  TimerFlag                        
20012c3e  temperature                      
20012c40  setPoint                         
20012c44  heat                             
20012c48  seconds                          
20012c4c  gpioCallbackFunctions            
20012c58  gpioPinConfigs                   
20012c70  _lock                            
20012c74  _unlock                          
20012c80  SemaphoreP_defaultParams         
20012c88  HwiP_key                         
20012c8c  HwiP_swiPIntNum                  
20012c90  ClockP_tickPeriod                
20012c98  errno                            
20012c9c  _ctypes_                         
20012f48  PowerCC32XX_config               
20012f8c  UARTCC32XX_fxnTable              
20012fb4  UART_defaultParams               
20013020  TimerCC32XX_fxnTable             
200130a8  GPIOCC32XX_config                
200130d0  i2cCC32XXHWAttrs                 
2001310c  I2C_defaultParams                
2001313c  timerCC32XXHWAttrs               
20013158  Timer_config                     
20013164  UART_config                      
2001317c  CONFIG_GPIO_BUTTON_0_CONST       
2001317d  CONFIG_GPIO_BUTTON_1_CONST       
2001317e  CONFIG_GPIO_LED_0_CONST          
2001317f  CONFIG_I2C_0_CONST               
20013180  I2C_count                        
20013181  CONFIG_TIMER_0_CONST             
20013182  Timer_count                      
20013183  CONFIG_UART_0_CONST              
20013184  UART_count                       
20013188  I2C_config                       
20013190  outPinTypes                      
200131a6  inPinTypes                       
200131ac  outPinStrengths                  
200131b8  PowerCC32XX_contextSave          
200132e4  i2cCC32XXObjects                 
200133e0  uartCC32XXObjects0               
20013464  output                           
200134a4  timerCC32XXObjects               
20013518  i2cTransaction                   
20013550  ClockP_ctrl                      
2001356d  BUTTON_STATE                     
2001356e  LED_STATE                        
2001356f  TEMP_STATE                       
20013578  i2c                              
2001357c  rxBuffer                         
20013580  timer0                           
20013584  txBuffer                         
20013588  uart                             
20013590  __TI_static_base__               
20013664  __TI_Handler_Table_Base          
20013670  __TI_Handler_Table_Limit         
20013678  __TI_CINIT_Base                  
20013688  __TI_CINIT_Limit                 
ffffffff  __TI_pprof_out_hndl              
ffffffff  __TI_prof_data_size              
ffffffff  __TI_prof_data_start             
ffffffff  __binit__                        
ffffffff  __c_args__                       
ffffffff  binit                            
UNDEFED   ITM_flush                        
UNDEFED   ITM_restore                      
UNDEFED   __mpu_init                       
UNDEFED   _system_post_cinit               

[314 symbols]
